  f:\coding\plexichat\plexichat\src\plexichat\core\auth\fastapi_adapter.py:157:73 - error: Expected class but received "(obj: object, /) -> TypeIs[(...) -> object]" (reportGeneralTypeIssues)
  f:\coding\plexichat\plexichat\src\plexichat\core\auth\fastapi_adapter.py:235:10 - error: Expected class but received "(obj: object, /) -> TypeIs[(...) -> object]" (reportGeneralTypeIssues)
  f:\coding\plexichat\plexichat\src\plexichat\core\auth\fastapi_adapter.py:408:63 - error: Expected class but received "(obj: object, /) -> TypeIs[(...) -> object]" (reportGeneralTypeIssues)
  f:\coding\plexichat\plexichat\src\plexichat\core\auth\fastapi_adapter.py:422:70 - error: Expected class but received "(obj: object, /) -> TypeIs[(...) -> object]" (reportGeneralTypeIssues)
  f:\coding\plexichat\plexichat\src\plexichat\core\authentication.py:43:5 - error: "AUTH_CACHE_AVAILABLE" is constant (because it is uppercase) and cannot be redefined (reportConstantRedefinition)
  f:\coding\plexichat\plexichat\src\plexichat\core\authentication.py:51:5 - error: "PERFORMANCE_LOGGER_AVAILABLE" is constant (because it is uppercase) and cannot be redefined (reportConstantRedefinition)
  f:\coding\plexichat\plexichat\src\plexichat\core\authentication.py:59:5 - error: "MFA_STORE_AVAILABLE" is constant (because it is uppercase) and cannot be redefined (reportConstantRedefinition)
  f:\coding\plexichat\plexichat\src\plexichat\core\authentication.py:232:27 - error: Object of type "None" cannot be called (reportOptionalCall)
  f:\coding\plexichat\plexichat\src\plexichat\core\authentication.py:235:35 - error: Object of type "None" cannot be called (reportOptionalCall)
  f:\coding\plexichat\plexichat\src\plexichat\core\authentication.py:238:26 - error: Object of type "None" cannot be called (reportOptionalCall)
  f:\coding\plexichat\plexichat\src\plexichat\core\authentication.py:308:13 - error: Argument of type "int | float" cannot be assigned to parameter "value" of type "int" in function "__setitem__"
  f:\coding\plexichat\plexichat\src\plexichat\core\authentication.py:312:79 - error: Argument of type "str" cannot be assigned to parameter "metric_type" of type "MetricType" in function "record_metric"
  f:\coding\plexichat\plexichat\src\plexichat\core\authentication.py:751:53 - error: Cannot access attribute "verify_totp" for class "MFAStore"
  f:\coding\plexichat\plexichat\src\plexichat\core\authentication.py:758:53 - error: Cannot access attribute "verify_backup_code" for class "MFAStore"
  f:\coding\plexichat\plexichat\src\plexichat\core\authentication.py:856:73 - error: Argument of type "set[Role]" cannot be assigned to parameter "permissions" of type "Set[str] | None" in function "register_user"
  f:\coding\plexichat\plexichat\src\plexichat\core\authentication.py:1081:25 - error: Argument of type "str | None" cannot be assigned to parameter "user_id" of type "str" in function "__init__"
  f:\coding\plexichat\plexichat\src\plexichat\core\authentication.py:1101:17 - error: Argument of type "str | None" cannot be assigned to parameter "user_id" of type "str" in function "create_access_token"
  f:\coding\plexichat\plexichat\src\plexichat\core\authentication.py:1104:85 - error: Argument of type "str | None" cannot be assigned to parameter "user_id" of type "str" in function "create_refresh_token"
  f:\coding\plexichat\plexichat\src\plexichat\core\clustering\node_manager.py:23:5 - error: "get_unified_security_system" is unknown import symbol (reportAttributeAccessIssue)
  f:\coding\plexichat\plexichat\src\plexichat\core\config.py:39:9 - error: Function declaration "get_config" is obscured by a declaration of the same name (reportRedeclaration)
  f:\coding\plexichat\plexichat\src\plexichat\core\config.py:43:9 - error: Function declaration "load_config" is obscured by a declaration of the same name (reportRedeclaration)
  f:\coding\plexichat\plexichat\src\plexichat\core\config_manager.py:407:49 - error: Argument of type "DataclassInstance | type[DataclassInstance]" cannot be assigned to parameter "obj" of type "DataclassInstance" in function "asdict"
  f:\coding\plexichat\plexichat\src\plexichat\core\config_manager.py:422:37 - error: Cannot access attribute "get" for class "UnifiedConfig"
  f:\coding\plexichat\plexichat\src\plexichat\core\config_manager.py:425:25 - error: Argument of type "Literal['***REDACTED***']" cannot be assigned to parameter "value" of type "dict[Unknown, Unknown] | UnifiedConfig" in function "__setitem__"
  f:\coding\plexichat\plexichat\src\plexichat\core\config_manager.py:428:16 - error: Type "dict[Unknown, Unknown] | dict[Unknown, dict[Unknown, Unknown] | UnifiedConfig] | UnifiedConfig" is not assignable to return type "Dict[str, Any]"
  f:\coding\plexichat\plexichat\src\plexichat\core\database\manager.py:22:49 - error: Type "(required_permission: str, user_permissions: Set[str]) -> None" is not assignable to declared type "(required: Unknown, user_permissions: Unknown) -> None"
  f:\coding\plexichat\plexichat\src\plexichat\core\database\manager.py:22:67 - error: Type "(resource_type: ResourceType, operation: DBOperation, resource_name: str = "any") -> str" is not assignable to declared type "(rt: Unknown, op: Unknown, rn: Unknown) -> Literal['']"
  f:\coding\plexichat\plexichat\src\plexichat\core\database\manager.py:22:86 - error: Type "type[plexichat.core.auth.permissions.DBOperation]" is not assignable to declared type "type[plexichat.core.database.manager.DBOperation]"
  f:\coding\plexichat\plexichat\src\plexichat\core\database\manager.py:22:99 - error: Type "type[plexichat.core.auth.permissions.ResourceType]" is not assignable to declared type "type[plexichat.core.database.manager.ResourceType]"
  f:\coding\plexichat\plexichat\src\plexichat\core\database\manager.py:22:113 - error: Type "type[plexichat.core.auth.permissions.PermissionError]" is not assignable to declared type "type[plexichat.core.database.manager.PermissionError]"
  f:\coding\plexichat\plexichat\src\plexichat\core\database\manager.py:306:6 - error: Argument of type "(self: Self@DatabaseManager, user_permissions: Set[str] | None = None) -> CoroutineType[Any, Any, AsyncContextManager[DatabaseSession]]" cannot be assigned to parameter "func" of type "(**_P@asynccontextmanager) -> AsyncIterator[_T_co@asynccontextmanager]" in function "asynccontextmanager"
  f:\coding\plexichat\plexichat\src\plexichat\core\database\manager.py:307:81 - error: Return type of async generator function must be compatible with "AsyncGenerator[Any, Any]"
  f:\coding\plexichat\plexichat\src\plexichat\core\database\manager.py:323:19 - error: Return type of async generator function must be compatible with "AsyncGenerator[DatabaseSession, Any]"
  f:\coding\plexichat\plexichat\src\plexichat\core\errors\error_codes.py:375:39 - error: Cannot access attribute "PAYLOAD_TOO_LARGE" for class "type[HTTPStatus]"
  f:\coding\plexichat\plexichat\src\plexichat\core\events\event_manager.py:202:101 - error: Argument of type "Literal['seconds']" cannot be assigned to parameter "metric_type" of type "MetricType" in function "record_metric"
  f:\coding\plexichat\plexichat\src\plexichat\core\events\event_manager.py:204:101 - error: Argument of type "Literal['count']" cannot be assigned to parameter "metric_type" of type "MetricType" in function "record_metric"
  f:\coding\plexichat\plexichat\src\plexichat\core\events\event_manager.py:392:44 - error: Cannot access attribute "execute_query" for class "DatabaseManager"
  f:\coding\plexichat\plexichat\src\plexichat\core\files\file_manager.py:224:45 - error: Expression of type "None" cannot be assigned to parameter of type "str"
  f:\coding\plexichat\plexichat\src\plexichat\core\files\file_manager.py:225:43 - error: Expression of type "None" cannot be assigned to parameter of type "List[str]"
  f:\coding\plexichat\plexichat\src\plexichat\core\files\file_manager.py:311:89 - error: Argument of type "Literal['seconds']" cannot be assigned to parameter "metric_type" of type "MetricType" in function "record_metric"
  f:\coding\plexichat\plexichat\src\plexichat\core\files\file_manager.py:313:86 - error: Argument of type "Literal['bytes']" cannot be assigned to parameter "metric_type" of type "MetricType" in function "record_metric"
  f:\coding\plexichat\plexichat\src\plexichat\core\logging\__init__.py:1085:21 - error: Argument of type "int | float" cannot be assigned to parameter "value" of type "int" in function "__setitem__"
  f:\coding\plexichat\plexichat\src\plexichat\core\logging\__init__.py:1265:37 - error: Argument of type "int | float | None" cannot be assigned to parameter "threshold_value" of type "int | float" in function "__init__"
  f:\coding\plexichat\plexichat\src\plexichat\core\logging\__init__.py:1394:9 - error: Function declaration "get_performance_logger" is obscured by a declaration of the same name (reportRedeclaration)
  f:\coding\plexichat\plexichat\src\plexichat\core\logging\__init__.py:1405:25 - error: Cannot access attribute "config" for class "None"
  f:\coding\plexichat\plexichat\src\plexichat\core\logging\__init__.py:1406:27 - error: Cannot access attribute "initialize" for class "None"
  f:\coding\plexichat\plexichat\src\plexichat\core\logging\__init__.py:1407:16 - error: Type "None" is not assignable to return type "EnterprisePerformanceLogger"
  f:\coding\plexichat\plexichat\src\plexichat\core\messaging\message_processor.py:136:96 - error: Argument of type "Literal['seconds']" cannot be assigned to parameter "metric_type" of type "MetricType" in function "record_metric"
  f:\coding\plexichat\plexichat\src\plexichat\core\messaging\message_processor.py:286:39 - error: Cannot access attribute "execute_query" for class "DatabaseManager"
  f:\coding\plexichat\plexichat\src\plexichat\core\messaging\unified_messaging_system.py:34:5 - error: "SECURITY_AVAILABLE" is constant (because it is uppercase) and cannot be redefined (reportConstantRedefinition)
  f:\coding\plexichat\plexichat\src\plexichat\core\messaging\unified_messaging_system.py:148:70 - error: "get_unified_security_system" is unknown import symbol (reportAttributeAccessIssue)
  f:\coding\plexichat\plexichat\src\plexichat\core\messaging\unified_messaging_system.py:317:70 - error: "get_unified_security_system" is unknown import symbol (reportAttributeAccessIssue)
  f:\coding\plexichat\plexichat\src\plexichat\core\middleware\account_rate_limiting_middleware.py:21:9 - error: "get_rate_limiting_config" is unknown import symbol (reportAttributeAccessIssue)
  f:\coding\plexichat\plexichat\src\plexichat\core\middleware\account_rate_limiting_middleware.py:21:35 - error: "AccountType" is unknown import symbol (reportAttributeAccessIssue)
  f:\coding\plexichat\plexichat\src\plexichat\core\middleware\account_rate_limiting_middleware.py:21:48 - error: "get_account_rate_limit" is unknown import symbol (reportAttributeAccessIssue)
  f:\coding\plexichat\plexichat\src\plexichat\core\middleware\account_rate_limiting_middleware.py:265:32 - error: Cannot access attribute "MODERATOR" for class "type[AccountType]"
  f:\coding\plexichat\plexichat\src\plexichat\core\middleware\account_rate_limiting_middleware.py:277:59 - error: Cannot access attribute "value" for class "AccountType"
  f:\coding\plexichat\plexichat\src\plexichat\core\middleware\account_rate_limiting_middleware.py:279:44 - error: Cannot access attribute "value" for class "AccountType"
  f:\coding\plexichat\plexichat\src\plexichat\core\middleware\account_rate_limiting_middleware.py:338:62 - error: Cannot access attribute "value" for class "AccountType"
  f:\coding\plexichat\plexichat\src\plexichat\core\middleware\account_rate_limiting_middleware.py:373:86 - error: Cannot access attribute "value" for class "AccountType"
  f:\coding\plexichat\plexichat\src\plexichat\core\middleware\dynamic_rate_limiting_middleware.py:32:50 - error: "get_rate_limiting_config" is unknown import symbol (reportAttributeAccessIssue)
  f:\coding\plexichat\plexichat\src\plexichat\core\middleware\dynamic_rate_limiting_middleware.py:32:76 - error: "DynamicRateLimitConfig" is unknown import symbol (reportAttributeAccessIssue)
  f:\coding\plexichat\plexichat\src\plexichat\core\middleware\dynamic_rate_limiting_middleware.py:148:58 - error: Type "() -> SecuritySystem" is not assignable to declared type "() -> Stub"
  f:\coding\plexichat\plexichat\src\plexichat\core\middleware\dynamic_rate_limiting_middleware.py:590:88 - error: "token_manager" is not a known attribute of "None" (reportOptionalMemberAccess)
  f:\coding\plexichat\plexichat\src\plexichat\core\middleware\dynamic_rate_limiting_middleware.py:592:51 - error: "token_manager" is not a known attribute of "None" (reportOptionalMemberAccess)
  f:\coding\plexichat\plexichat\src\plexichat\core\middleware\dynamic_rate_limiting_middleware.py:595:39 - error: "Never" is not iterable (reportGeneralTypeIssues)
  f:\coding\plexichat\plexichat\src\plexichat\core\middleware\dynamic_rate_limiting_middleware.py:719:110 - error: Cannot access attribute "user_credentials" for class "Stub"
  f:\coding\plexichat\plexichat\src\plexichat\core\middleware\dynamic_rate_limiting_middleware.py:719:110 - error: "user_credentials" is not a known attribute of "None" (reportOptionalMemberAccess)
  f:\coding\plexichat\plexichat\src\plexichat\core\middleware\dynamic_rate_limiting_middleware.py:720:54 - error: Cannot access attribute "user_credentials" for class "Stub"
  f:\coding\plexichat\plexichat\src\plexichat\core\middleware\dynamic_rate_limiting_middleware.py:720:54 - error: "user_credentials" is not a known attribute of "None" (reportOptionalMemberAccess)
  f:\coding\plexichat\plexichat\src\plexichat\core\middleware\integrated_protection_system.py:20:5 - error: "FASTAPI_AVAILABLE" is constant (because it is uppercase) and cannot be redefined (reportConstantRedefinition)
  f:\coding\plexichat\plexichat\src\plexichat\core\middleware\integrated_protection_system.py:29:5 - error: "PSUTIL_AVAILABLE" is constant (because it is uppercase) and cannot be redefined (reportConstantRedefinition)
  f:\coding\plexichat\plexichat\src\plexichat\core\middleware\ip_blacklist_middleware.py:23:50 - error: "get_rate_limiting_config" is unknown import symbol (reportAttributeAccessIssue)
  f:\coding\plexichat\plexichat\src\plexichat\core\middleware\ip_blacklist_middleware.py:23:76 - error: "IPBlacklistConfig" is unknown import symbol (reportAttributeAccessIssue)
  f:\coding\plexichat\plexichat\src\plexichat\core\middleware\rate_limiter.py:26:5 - error: "PSUTIL_AVAILABLE" is constant (because it is uppercase) and cannot be redefined (reportConstantRedefinition)
  f:\coding\plexichat\plexichat\src\plexichat\core\middleware\rate_limiter.py:36:9 - error: "REDIS_AVAILABLE" is constant (because it is uppercase) and cannot be redefined (reportConstantRedefinition)
  f:\coding\plexichat\plexichat\src\plexichat\core\middleware\rate_limiter.py:38:9 - error: "REDIS_AVAILABLE" is constant (because it is uppercase) and cannot be redefined (reportConstantRedefinition)
  f:\coding\plexichat\plexichat\src\plexichat\core\middleware\rate_limiter.py:50:5 - error: "CONFIG_AVAILABLE" is constant (because it is uppercase) and cannot be redefined (reportConstantRedefinition)
  f:\coding\plexichat\plexichat\src\plexichat\core\middleware\rate_limiter.py:57:5 - error: "DDOS_AVAILABLE" is constant (because it is uppercase) and cannot be redefined (reportConstantRedefinition)
  f:\coding\plexichat\plexichat\src\plexichat\core\middleware\rate_limiter.py:61:58 - error: "get_unified_security_system" is unknown import symbol (reportAttributeAccessIssue)
  f:\coding\plexichat\plexichat\src\plexichat\core\middleware\rate_limiter.py:64:5 - error: "SECURITY_AVAILABLE" is constant (because it is uppercase) and cannot be redefined (reportConstantRedefinition)
  f:\coding\plexichat\plexichat\src\plexichat\core\middleware\rate_limiter.py:150:34 - error: "cpu_percent" is not a known attribute of "None" (reportOptionalMemberAccess)
  f:\coding\plexichat\plexichat\src\plexichat\core\middleware\rate_limiter.py:151:29 - error: "virtual_memory" is not a known attribute of "None" (reportOptionalMemberAccess)
  f:\coding\plexichat\plexichat\src\plexichat\core\middleware\rate_limiter.py:152:27 - error: "disk_usage" is not a known attribute of "None" (reportOptionalMemberAccess)
  f:\coding\plexichat\plexichat\src\plexichat\core\middleware\rate_limiter.py:162:35 - error: "getloadavg" is not a known attribute of "None" (reportOptionalMemberAccess)
  f:\coding\plexichat\plexichat\src\plexichat\core\middleware\rate_limiter.py:163:36 - error: "cpu_count" is not a known attribute of "None" (reportOptionalMemberAccess)
  f:\coding\plexichat\plexichat\src\plexichat\core\middleware\rate_limiter.py:220:39 - error: "from_url" is not a known attribute of "None" (reportOptionalMemberAccess)
  f:\coding\plexichat\plexichat\src\plexichat\core\middleware\unified_rate_limiter.py:258:47 - error: Variable not allowed in type expression (reportInvalidTypeForm)
  f:\coding\plexichat\plexichat\src\plexichat\core\middleware\unified_rate_limiter.py:292:42 - error: Variable not allowed in type expression (reportInvalidTypeForm)
  f:\coding\plexichat\plexichat\src\plexichat\core\middleware\unified_rate_limiter.py:350:48 - error: Variable not allowed in type expression (reportInvalidTypeForm)
  f:\coding\plexichat\plexichat\src\plexichat\core\middleware\unified_rate_limiter.py:424:32 - error: Cannot access attribute "log_rate_limit_violation" for class "Logger"
  f:\coding\plexichat\plexichat\src\plexichat\core\middleware\unified_rate_limiter.py:511:39 - error: Variable not allowed in type expression (reportInvalidTypeForm)
  f:\coding\plexichat\plexichat\src\plexichat\core\middleware\unified_rate_limiter.py:536:24 - error: "JSONResponse" is not defined (reportUndefinedVariable)
  f:\coding\plexichat\plexichat\src\plexichat\core\middleware\unified_rate_limiter.py:537:33 - error: "status" is not defined (reportUndefinedVariable)
  f:\coding\plexichat\plexichat\src\plexichat\core\notifications\notification_manager.py:184:101 - error: Argument of type "Literal['seconds']" cannot be assigned to parameter "metric_type" of type "MetricType" in function "record_metric"
  f:\coding\plexichat\plexichat\src\plexichat\core\notifications\notification_manager.py:256:48 - error: Cannot access attribute "execute_query" for class "DatabaseManager"
  f:\coding\plexichat\plexichat\src\plexichat\core\notifications\notification_manager.py:347:56 - error: Expression of type "None" cannot be assigned to parameter of type "Dict[str, Any]"
  f:\coding\plexichat\plexichat\src\plexichat\core\notifications\notification_manager.py:434:44 - error: Cannot access attribute "execute_query" for class "DatabaseManager"
  f:\coding\plexichat\plexichat\src\plexichat\core\notifications\notification_manager.py:471:44 - error: Cannot access attribute "execute_query" for class "DatabaseManager"
  f:\coding\plexichat\plexichat\src\plexichat\core\notifications\notification_manager.py:485:48 - error: Cannot access attribute "execute_query" for class "DatabaseManager"
  f:\coding\plexichat\plexichat\src\plexichat\core\notifications\notification_manager.py:490:101 - error: Argument of type "Literal['count']" cannot be assigned to parameter "metric_type" of type "MetricType" in function "record_metric"
  f:\coding\plexichat\plexichat\src\plexichat\core\notifications\notification_manager.py:527:14 - error: Argument of type "Unknown | None" cannot be assigned to parameter "data" of type "Dict[str, Any]" in function "create_notification"
  f:\coding\plexichat\plexichat\src\plexichat\core\performance\edge_computing_manager.py:28:58 - error: "get_unified_security_system" is unknown import symbol (reportAttributeAccessIssue)
  f:\coding\plexichat\plexichat\src\plexichat\core\performance\edge_computing_manager.py:32:5 - error: "SECURITY_AVAILABLE" is constant (because it is uppercase) and cannot be redefined (reportConstantRedefinition)
  f:\coding\plexichat\plexichat\src\plexichat\core\performance\edge_computing_manager.py:60:5 - error: "PSUTIL_AVAILABLE" is constant (because it is uppercase) and cannot be redefined (reportConstantRedefinition)
  f:\coding\plexichat\plexichat\src\plexichat\core\performance\edge_computing_manager.py:430:70 - error: "get_unified_security_system" is unknown import symbol (reportAttributeAccessIssue)
  f:\coding\plexichat\plexichat\src\plexichat\core\performance\latency_optimizer.py:27:52 - error: "performance_logger" is unknown import symbol (reportAttributeAccessIssue)
  f:\coding\plexichat\plexichat\src\plexichat\core\performance\latency_optimizer.py:613:56 - error: Expression of type "None" cannot be assigned to parameter of type "str"
  f:\coding\plexichat\plexichat\src\plexichat\core\performance\memory_manager.py:55:40 - error: Expected class but received "(obj: object, /) -> TypeIs[(...) -> object]" (reportGeneralTypeIssues)
  f:\coding\plexichat\plexichat\src\plexichat\core\performance\memory_manager.py:295:69 - error: Expected class but received "(obj: object, /) -> TypeIs[(...) -> object]" (reportGeneralTypeIssues)
  f:\coding\plexichat\plexichat\src\plexichat\core\performance\message_queue_manager.py:50:5 - error: "RABBITMQ_AVAILABLE" is constant (because it is uppercase) and cannot be redefined (reportConstantRedefinition)
  f:\coding\plexichat\plexichat\src\plexichat\core\performance\message_queue_manager.py:55:5 - error: "KAFKA_AVAILABLE" is constant (because it is uppercase) and cannot be redefined (reportConstantRedefinition)
  f:\coding\plexichat\plexichat\src\plexichat\core\performance\message_queue_manager.py:61:9 - error: "REDIS_AVAILABLE" is constant (because it is uppercase) and cannot be redefined (reportConstantRedefinition)
  f:\coding\plexichat\plexichat\src\plexichat\core\performance\message_queue_manager.py:63:5 - error: "REDIS_AVAILABLE" is constant (because it is uppercase) and cannot be redefined (reportConstantRedefinition)
  f:\coding\plexichat\plexichat\src\plexichat\core\performance\message_queue_manager.py:120:43 - error: "isoformat" is not a known attribute of "None" (reportOptionalMemberAccess)
  f:\coding\plexichat\plexichat\src\plexichat\core\performance\message_queue_manager.py:179:37 - error: Variable not allowed in type expression (reportInvalidTypeForm)
  f:\coding\plexichat\plexichat\src\plexichat\core\performance\message_queue_manager.py:248:68 - error: "channel" is not a known attribute of "None" (reportOptionalMemberAccess)
  f:\coding\plexichat\plexichat\src\plexichat\core\performance\message_queue_manager.py:249:41 - error: "set_qos" is not a known attribute of "None" (reportOptionalMemberAccess)
  f:\coding\plexichat\plexichat\src\plexichat\core\performance\message_queue_manager.py:296:39 - error: "Redis" is not a known attribute of "None" (reportOptionalMemberAccess)
  f:\coding\plexichat\plexichat\src\plexichat\core\performance\message_queue_manager.py:308:37 - error: "ping" is not a known attribute of "None" (reportOptionalMemberAccess)
  f:\coding\plexichat\plexichat\src\plexichat\core\performance\message_queue_manager.py:335:91 - error: Operator ">" not supported for "None" (reportOptionalOperand)
  f:\coding\plexichat\plexichat\src\plexichat\core\performance\message_queue_manager.py:388:52 - error: "declare_exchange" is not a known attribute of "None" (reportOptionalMemberAccess)
  f:\coding\plexichat\plexichat\src\plexichat\core\performance\message_queue_manager.py:394:49 - error: "declare_queue" is not a known attribute of "None" (reportOptionalMemberAccess)
  f:\coding\plexichat\plexichat\src\plexichat\core\performance\message_queue_manager.py:431:39 - error: "send" is not a known attribute of "None" (reportOptionalMemberAccess)
  f:\coding\plexichat\plexichat\src\plexichat\core\performance\message_queue_manager.py:455:50 - error: "isoformat" is not a known attribute of "None" (reportOptionalMemberAccess)
  f:\coding\plexichat\plexichat\src\plexichat\core\performance\message_queue_manager.py:462:37 - error: "xadd" is not a known attribute of "None" (reportOptionalMemberAccess)
  f:\coding\plexichat\plexichat\src\plexichat\core\performance\message_queue_manager.py:468:45 - error: "expire" is not a known attribute of "None" (reportOptionalMemberAccess)
  f:\coding\plexichat\plexichat\src\plexichat\core\performance\message_queue_manager.py:517:49 - error: "declare_queue" is not a known attribute of "None" (reportOptionalMemberAccess)
  f:\coding\plexichat\plexichat\src\plexichat\core\performance\message_queue_manager.py:604:41 - error: "xgroup_create" is not a known attribute of "None" (reportOptionalMemberAccess)
  f:\coding\plexichat\plexichat\src\plexichat\core\performance\message_queue_manager.py:605:26 - error: "exceptions" is not a known attribute of "None" (reportOptionalMemberAccess)
  f:\coding\plexichat\plexichat\src\plexichat\core\performance\message_queue_manager.py:612:56 - error: "xreadgroup" is not a known attribute of "None" (reportOptionalMemberAccess)
  f:\coding\plexichat\plexichat\src\plexichat\core\performance\message_queue_manager.py:640:61 - error: "xack" is not a known attribute of "None" (reportOptionalMemberAccess)
  f:\coding\plexichat\plexichat\src\plexichat\core\performance\message_queue_manager.py:648:61 - error: "xack" is not a known attribute of "None" (reportOptionalMemberAccess)
  f:\coding\plexichat\plexichat\src\plexichat\core\performance\message_queue_manager.py:654:65 - error: "xack" is not a known attribute of "None" (reportOptionalMemberAccess)
  f:\coding\plexichat\plexichat\src\plexichat\core\performance\message_queue_manager.py:658:65 - error: "xack" is not a known attribute of "None" (reportOptionalMemberAccess)
  f:\coding\plexichat\plexichat\src\plexichat\core\performance\message_queue_manager.py:662:57 - error: "xack" is not a known attribute of "None" (reportOptionalMemberAccess)
  f:\coding\plexichat\plexichat\src\plexichat\core\performance\message_queue_manager.py:668:53 - error: "xgroup_create" is not a known attribute of "None" (reportOptionalMemberAccess)
  f:\coding\plexichat\plexichat\src\plexichat\core\performance\message_queue_manager.py:669:38 - error: "exceptions" is not a known attribute of "None" (reportOptionalMemberAccess)
  f:\coding\plexichat\plexichat\src\plexichat\core\performance\microsecond_optimizer.py:49:58 - error: "get_unified_security_system" is unknown import symbol (reportAttributeAccessIssue)
  f:\coding\plexichat\plexichat\src\plexichat\core\performance\microsecond_optimizer.py:53:5 - error: "SECURITY_AVAILABLE" is constant (because it is uppercase) and cannot be redefined (reportConstantRedefinition)
  f:\coding\plexichat\plexichat\src\plexichat\core\performance\microsecond_optimizer.py:60:5 - error: "CACHE_AVAILABLE" is constant (because it is uppercase) and cannot be redefined (reportConstantRedefinition)
  f:\coding\plexichat\plexichat\src\plexichat\core\performance\microsecond_optimizer.py:67:5 - error: "EDGE_AVAILABLE" is constant (because it is uppercase) and cannot be redefined (reportConstantRedefinition)
  f:\coding\plexichat\plexichat\src\plexichat\core\performance\microsecond_optimizer.py:74:5 - error: "MESSAGING_AVAILABLE" is constant (because it is uppercase) and cannot be redefined (reportConstantRedefinition)
  f:\coding\plexichat\plexichat\src\plexichat\core\performance\microsecond_optimizer.py:81:5 - error: "PSUTIL_AVAILABLE" is constant (because it is uppercase) and cannot be redefined (reportConstantRedefinition)
  f:\coding\plexichat\plexichat\src\plexichat\core\performance\microsecond_optimizer.py:89:5 - error: "NUMPY_AVAILABLE" is constant (because it is uppercase) and cannot be redefined (reportConstantRedefinition)
  f:\coding\plexichat\plexichat\src\plexichat\core\performance\microsecond_optimizer.py:390:74 - error: "get_unified_security_system" is unknown import symbol (reportAttributeAccessIssue)
  f:\coding\plexichat\plexichat\src\plexichat\core\performance\multi_tier_cache_manager.py:38:58 - error: "get_unified_security_system" is unknown import symbol (reportAttributeAccessIssue)
  f:\coding\plexichat\plexichat\src\plexichat\core\performance\multi_tier_cache_manager.py:42:5 - error: "SECURITY_AVAILABLE" is constant (because it is uppercase) and cannot be redefined (reportConstantRedefinition)
  f:\coding\plexichat\plexichat\src\plexichat\core\performance\multi_tier_cache_manager.py:49:5 - error: "EDGE_COMPUTING_AVAILABLE" is constant (because it is uppercase) and cannot be redefined (reportConstantRedefinition)
  f:\coding\plexichat\plexichat\src\plexichat\core\performance\multi_tier_cache_manager.py:56:5 - error: "MESSAGING_AVAILABLE" is constant (because it is uppercase) and cannot be redefined (reportConstantRedefinition)
  f:\coding\plexichat\plexichat\src\plexichat\core\performance\multi_tier_cache_manager.py:64:5 - error: "REDIS_AVAILABLE" is constant (because it is uppercase) and cannot be redefined (reportConstantRedefinition)
  f:\coding\plexichat\plexichat\src\plexichat\core\performance\multi_tier_cache_manager.py:70:5 - error: "MEMCACHED_AVAILABLE" is constant (because it is uppercase) and cannot be redefined (reportConstantRedefinition)
  f:\coding\plexichat\plexichat\src\plexichat\core\performance\multi_tier_cache_manager.py:79:5 - error: "CDN_AVAILABLE" is constant (because it is uppercase) and cannot be redefined (reportConstantRedefinition)
  f:\coding\plexichat\plexichat\src\plexichat\core\performance\multi_tier_cache_manager.py:426:70 - error: "get_unified_security_system" is unknown import symbol (reportAttributeAccessIssue)
  f:\coding\plexichat\plexichat\src\plexichat\core\performance\resource_manager.py:122:67 - error: Type "dict[str, int | float]" is not assignable to return type "Dict[str, int]"
  f:\coding\plexichat\plexichat\src\plexichat\core\performance\resource_manager.py:157:98 - error: Expression of type "None" cannot be assigned to parameter of type "Dict[str, Any]"
  f:\coding\plexichat\plexichat\src\plexichat\core\performance\resource_manager.py:344:47 - error: Cannot access attribute "num_fds" for class "Process"
  f:\coding\plexichat\plexichat\src\plexichat\core\performance\scalability_manager.py:44:58 - error: "get_unified_security_system" is unknown import symbol (reportAttributeAccessIssue)
  f:\coding\plexichat\plexichat\src\plexichat\core\performance\scalability_manager.py:48:5 - error: "SECURITY_AVAILABLE" is constant (because it is uppercase) and cannot be redefined (reportConstantRedefinition)
  f:\coding\plexichat\plexichat\src\plexichat\core\performance\scalability_manager.py:55:5 - error: "CACHE_AVAILABLE" is constant (because it is uppercase) and cannot be redefined (reportConstantRedefinition)
  f:\coding\plexichat\plexichat\src\plexichat\core\performance\scalability_manager.py:62:5 - error: "EDGE_AVAILABLE" is constant (because it is uppercase) and cannot be redefined (reportConstantRedefinition)
  f:\coding\plexichat\plexichat\src\plexichat\core\performance\scalability_manager.py:69:5 - error: "MESSAGING_AVAILABLE" is constant (because it is uppercase) and cannot be redefined (reportConstantRedefinition)
  f:\coding\plexichat\plexichat\src\plexichat\core\performance\scalability_manager.py:76:5 - error: "OPTIMIZER_AVAILABLE" is constant (because it is uppercase) and cannot be redefined (reportConstantRedefinition)
  f:\coding\plexichat\plexichat\src\plexichat\core\performance\scalability_manager.py:83:5 - error: "PSUTIL_AVAILABLE" is constant (because it is uppercase) and cannot be redefined (reportConstantRedefinition)
  f:\coding\plexichat\plexichat\src\plexichat\core\performance\scalability_manager.py:95:5 - error: "ML_AVAILABLE" is constant (because it is uppercase) and cannot be redefined (reportConstantRedefinition)
  f:\coding\plexichat\plexichat\src\plexichat\core\performance\scalability_manager.py:602:74 - error: "get_unified_security_system" is unknown import symbol (reportAttributeAccessIssue)
  f:\coding\plexichat\plexichat\src\plexichat\core\plugins\installed\ai_providers\main.py:52:11 - error: Class declaration "ModulePermissions" is obscured by a declaration of the same name (reportRedeclaration)
  f:\coding\plexichat\plexichat\src\plexichat\core\plugins\installed\testing_plugin\main.py:76:55 - error: "advanced_cli" is unknown import symbol (reportAttributeAccessIssue)
  f:\coding\plexichat\plexichat\src\plexichat\core\plugins\installed\testing_plugin\main.py:84:56 - error: Type "type[plexichat.core.plugins.manager.PluginInterface]" is not assignable to declared type "type[plexichat.core.plugins.installed.testing_plugin.main.PluginInterface]"
  f:\coding\plexichat\plexichat\src\plexichat\core\plugins\installed\testing_plugin\main.py:86:52 - error: Type "type[plexichat.core.plugins.manager.PluginInterface]" is not assignable to declared type "type[plexichat.core.plugins.installed.testing_plugin.main.PluginInterface]"
  f:\coding\plexichat\plexichat\src\plexichat\core\plugins\installed\testing_plugin\main.py:100:74 - error: Expression of type "None" cannot be assigned to parameter of type "dict[Unknown, Unknown]"
  f:\coding\plexichat\plexichat\src\plexichat\core\plugins\installed\testing_plugin\main.py:412:40 - error: Expression of type "None" cannot be assigned to parameter of type "str"
  f:\coding\plexichat\plexichat\src\plexichat\core\plugins\installed\testing_plugin\main.py:976:74 - error: Expression of type "None" cannot be assigned to parameter of type "dict[Unknown, Unknown]"
  f:\coding\plexichat\plexichat\src\plexichat\core\plugins\installed\testing_plugin\main.py:1053:15 - error: Method "initialize" overrides class "PluginBase" in an incompatible manner
  f:\coding\plexichat\plexichat\src\plexichat\core\plugins\installed\testing_plugin\main.py:1075:15 - error: Method "cleanup" overrides class "PluginBase" in an incompatible manner
  f:\coding\plexichat\plexichat\src\plexichat\core\plugins\installed\testing_plugin\main.py:1083:37 - error: "close" is not a known attribute of "None" (reportOptionalMemberAccess)
  f:\coding\plexichat\plexichat\src\plexichat\core\plugins\installed\testing_plugin\main.py:1361:15 - error: Method declaration "cmd_test_comprehensive" is obscured by a declaration of the same name (reportRedeclaration)
  f:\coding\plexichat\plexichat\src\plexichat\core\plugins\installed\testing_plugin\main.py:1406:50 - error: "test_authentication_comprehensive" is not a known attribute of "None" (reportOptionalMemberAccess)
  f:\coding\plexichat\plexichat\src\plexichat\core\plugins\installed\testing_plugin\main.py:1411:49 - error: "test_messaging_comprehensive" is not a known attribute of "None" (reportOptionalMemberAccess)
  f:\coding\plexichat\plexichat\src\plexichat\core\plugins\installed\testing_plugin\main.py:1416:50 - error: "test_file_management_comprehensive" is not a known attribute of "None" (reportOptionalMemberAccess)
  f:\coding\plexichat\plexichat\src\plexichat\core\plugins\installed\testing_plugin\main.py:1421:49 - error: "test_security_comprehensive" is not a known attribute of "None" (reportOptionalMemberAccess)
  f:\coding\plexichat\plexichat\src\plexichat\core\plugins\installed\testing_plugin\main.py:1427:44 - error: Cannot access attribute "_test_voice_video_comprehensive" for class "ComprehensiveTestingPlugin*"
  f:\coding\plexichat\plexichat\src\plexichat\core\plugins\installed\testing_plugin\main.py:1431:42 - error: Cannot access attribute "_test_api_comprehensive" for class "ComprehensiveTestingPlugin*"
  f:\coding\plexichat\plexichat\src\plexichat\core\plugins\installed\testing_plugin\main.py:1435:43 - error: Cannot access attribute "_test_user_management_comprehensive" for class "ComprehensiveTestingPlugin*"
  f:\coding\plexichat\plexichat\src\plexichat\core\plugins\installed\testing_plugin\main.py:1439:45 - error: Cannot access attribute "_test_plugin_system_comprehensive" for class "ComprehensiveTestingPlugin*"
  f:\coding\plexichat\plexichat\src\plexichat\core\plugins\installed\testing_plugin\main.py:1479:37 - error: "test_authentication_comprehensive" is not a known attribute of "None" (reportOptionalMemberAccess)
  f:\coding\plexichat\plexichat\src\plexichat\core\plugins\installed\testing_plugin\main.py:1487:37 - error: "test_messaging_comprehensive" is not a known attribute of "None" (reportOptionalMemberAccess)
  f:\coding\plexichat\plexichat\src\plexichat\core\plugins\installed\testing_plugin\main.py:1495:37 - error: "test_file_management_comprehensive" is not a known attribute of "None" (reportOptionalMemberAccess)
  f:\coding\plexichat\plexichat\src\plexichat\core\plugins\installed\testing_plugin\main.py:1503:37 - error: "test_security_comprehensive" is not a known attribute of "None" (reportOptionalMemberAccess)
  f:\coding\plexichat\plexichat\src\plexichat\core\plugins\installed\testing_plugin\main.py:1556:28 - error: Argument missing for parameter "test_name" (reportCallIssue)
  f:\coding\plexichat\plexichat\src\plexichat\core\plugins\installed\testing_plugin\main.py:1556:40 - error: "test_endpoint" is not a known attribute of "None" (reportOptionalMemberAccess)
  f:\coding\plexichat\plexichat\src\plexichat\core\plugins\installed\testing_plugin\main.py:1705:48 - error: "test_endpoint" is not a known attribute of "None" (reportOptionalMemberAccess)
  f:\coding\plexichat\plexichat\src\plexichat\core\plugins\installed\testing_plugin\main.py:1797:36 - error: Argument missing for parameter "test_name" (reportCallIssue)
  f:\coding\plexichat\plexichat\src\plexichat\core\plugins\installed\testing_plugin\main.py:1797:48 - error: "test_endpoint" is not a known attribute of "None" (reportOptionalMemberAccess)
  f:\coding\plexichat\plexichat\src\plexichat\core\plugins\installed\testing_plugin\main.py:1815:36 - error: Argument missing for parameter "test_name" (reportCallIssue)
  f:\coding\plexichat\plexichat\src\plexichat\core\plugins\installed\testing_plugin\main.py:1815:48 - error: "test_endpoint" is not a known attribute of "None" (reportOptionalMemberAccess)
  f:\coding\plexichat\plexichat\src\plexichat\core\plugins\installed\testing_plugin\main.py:1837:36 - error: Argument missing for parameter "test_name" (reportCallIssue)
  f:\coding\plexichat\plexichat\src\plexichat\core\plugins\installed\testing_plugin\main.py:1837:48 - error: "test_endpoint" is not a known attribute of "None" (reportOptionalMemberAccess)
  f:\coding\plexichat\plexichat\src\plexichat\core\plugins\installed\testing_plugin\main.py:1902:32 - error: "results" is not a known attribute of "None" (reportOptionalMemberAccess)
  f:\coding\plexichat\plexichat\src\plexichat\core\plugins\installed\testing_plugin\main.py:1907:39 - error: "results" is not a known attribute of "None" (reportOptionalMemberAccess)
  f:\coding\plexichat\plexichat\src\plexichat\core\plugins\installed\testing_plugin\main.py:1908:38 - error: "generate_report" is not a known attribute of "None" (reportOptionalMemberAccess)
  f:\coding\plexichat\plexichat\src\plexichat\core\plugins\installed\testing_plugin\main.py:1911:38 - error: "generate_report" is not a known attribute of "None" (reportOptionalMemberAccess)
  f:\coding\plexichat\plexichat\src\plexichat\core\plugins\installed\testing_plugin\main.py:2023:32 - error: Argument missing for parameter "test_name" (reportCallIssue)
  f:\coding\plexichat\plexichat\src\plexichat\core\plugins\installed\testing_plugin\main.py:2023:44 - error: "test_endpoint" is not a known attribute of "None" (reportOptionalMemberAccess)
  f:\coding\plexichat\plexichat\src\plexichat\core\plugins\installed\testing_plugin\main.py:2064:32 - error: Argument missing for parameter "test_name" (reportCallIssue)
  f:\coding\plexichat\plexichat\src\plexichat\core\plugins\installed\testing_plugin\main.py:2064:44 - error: "test_endpoint" is not a known attribute of "None" (reportOptionalMemberAccess)
  f:\coding\plexichat\plexichat\src\plexichat\core\plugins\installed\testing_plugin\main.py:2077:40 - error: Argument missing for parameter "test_name" (reportCallIssue)
  f:\coding\plexichat\plexichat\src\plexichat\core\plugins\installed\testing_plugin\main.py:2077:52 - error: "test_endpoint" is not a known attribute of "None" (reportOptionalMemberAccess)
  f:\coding\plexichat\plexichat\src\plexichat\core\plugins\installed\testing_plugin\main.py:2115:32 - error: Argument missing for parameter "test_name" (reportCallIssue)
  f:\coding\plexichat\plexichat\src\plexichat\core\plugins\installed\testing_plugin\main.py:2115:44 - error: "test_endpoint" is not a known attribute of "None" (reportOptionalMemberAccess)
  f:\coding\plexichat\plexichat\src\plexichat\core\plugins\installed\testing_plugin\main.py:2132:43 - error: Argument missing for parameter "test_name" (reportCallIssue)
  f:\coding\plexichat\plexichat\src\plexichat\core\plugins\installed\testing_plugin\main.py:2132:55 - error: "test_endpoint" is not a known attribute of "None" (reportOptionalMemberAccess)
  f:\coding\plexichat\plexichat\src\plexichat\core\plugins\installed\testing_plugin\main.py:2175:32 - error: Argument missing for parameter "test_name" (reportCallIssue)
  f:\coding\plexichat\plexichat\src\plexichat\core\plugins\installed\testing_plugin\main.py:2175:44 - error: "test_endpoint" is not a known attribute of "None" (reportOptionalMemberAccess)
  f:\coding\plexichat\plexichat\src\plexichat\core\plugins\installed\testing_plugin\main.py:2218:32 - error: Argument missing for parameter "test_name" (reportCallIssue)
  f:\coding\plexichat\plexichat\src\plexichat\core\plugins\installed\testing_plugin\main.py:2218:44 - error: "test_endpoint" is not a known attribute of "None" (reportOptionalMemberAccess)
  f:\coding\plexichat\plexichat\src\plexichat\core\plugins\installed\testing_plugin\main.py:2261:40 - error: Argument missing for parameter "test_name" (reportCallIssue)
  f:\coding\plexichat\plexichat\src\plexichat\core\plugins\installed\testing_plugin\main.py:2261:52 - error: "test_endpoint" is not a known attribute of "None" (reportOptionalMemberAccess)
  f:\coding\plexichat\plexichat\src\plexichat\core\plugins\installed\testing_plugin\main.py:2281:36 - error: Argument missing for parameter "test_name" (reportCallIssue)
  f:\coding\plexichat\plexichat\src\plexichat\core\plugins\installed\testing_plugin\main.py:2281:48 - error: "test_endpoint" is not a known attribute of "None" (reportOptionalMemberAccess)
  f:\coding\plexichat\plexichat\src\plexichat\core\plugins\installed\testing_plugin\main.py:2322:32 - error: Argument missing for parameter "test_name" (reportCallIssue)
  f:\coding\plexichat\plexichat\src\plexichat\core\plugins\installed\testing_plugin\main.py:2322:44 - error: "test_endpoint" is not a known attribute of "None" (reportOptionalMemberAccess)
  f:\coding\plexichat\plexichat\src\plexichat\core\plugins\installed\testing_plugin\main.py:2383:40 - error: "test_endpoint" is not a known attribute of "None" (reportOptionalMemberAccess)
  f:\coding\plexichat\plexichat\src\plexichat\core\plugins\installed\testing_plugin\main.py:2412:40 - error: "test_endpoint" is not a known attribute of "None" (reportOptionalMemberAccess)
  f:\coding\plexichat\plexichat\src\plexichat\core\plugins\installed\testing_plugin\main.py:2439:35 - error: "test_endpoint" is not a known attribute of "None" (reportOptionalMemberAccess)
  f:\coding\plexichat\plexichat\src\plexichat\core\plugins\manager.py: error: Cycle detected in import chain
  f:\coding\plexichat\plexichat\src\plexichat\core\plugins\manager.py:55:41 - error: Type "type[plexichat.shared.models.Plugin]" is not assignable to declared type "type[plexichat.core.plugins.manager.Plugin]"
  f:\coding\plexichat\plexichat\src\plexichat\core\plugins\manager.py:55:49 - error: Type "type[plexichat.shared.models.Event]" is not assignable to declared type "type[plexichat.core.plugins.manager.Event]"
  f:\coding\plexichat\plexichat\src\plexichat\core\plugins\manager.py:55:56 - error: Type "type[plexichat.shared.models.Priority]" is not assignable to declared type "type[plexichat.core.plugins.manager.Priority]"
  f:\coding\plexichat\plexichat\src\plexichat\core\plugins\manager.py:55:66 - error: Type "type[plexichat.shared.models.Status]" is not assignable to declared type "type[plexichat.core.plugins.manager.Status]"
  f:\coding\plexichat\plexichat\src\plexichat\core\plugins\manager.py:63:40 - error: "PluginId" is unknown import symbol (reportAttributeAccessIssue)
  f:\coding\plexichat\plexichat\src\plexichat\core\plugins\manager.py:63:50 - error: "PluginConfig" is unknown import symbol (reportAttributeAccessIssue)
  f:\coding\plexichat\plexichat\src\plexichat\core\plugins\manager.py:63:64 - error: "PluginResult" is unknown import symbol (reportAttributeAccessIssue)
  f:\coding\plexichat\plexichat\src\plexichat\core\plugins\manager.py:70:45 - error: "PluginError" is unknown import symbol (reportAttributeAccessIssue)
  f:\coding\plexichat\plexichat\src\plexichat\core\plugins\manager.py:70:58 - error: Type "type[plexichat.shared.exceptions.ValidationError]" is not assignable to declared type "type[plexichat.core.plugins.manager.ValidationError]"
  f:\coding\plexichat\plexichat\src\plexichat\core\plugins\manager.py:70:75 - error: Type "type[plexichat.shared.exceptions.SecurityError]" is not assignable to declared type "type[plexichat.core.plugins.manager.SecurityError]"
  f:\coding\plexichat\plexichat\src\plexichat\core\plugins\manager.py:78:47 - error: Type "() -> int" is not assignable to declared type "() -> Literal[30]"
  f:\coding\plexichat\plexichat\src\plexichat\core\plugins\manager.py:78:67 - error: Type "() -> int" is not assignable to declared type "() -> Literal[104857600]"
  f:\coding\plexichat\plexichat\src\plexichat\core\plugins\manager.py:78:90 - error: Type "() -> bool" is not assignable to declared type "() -> Literal[True]"
  f:\coding\plexichat\plexichat\src\plexichat\core\plugins\manager.py:94:44 - error: "performance_monitor" is unknown import symbol (reportAttributeAccessIssue)
  f:\coding\plexichat\plexichat\src\plexichat\core\plugins\manager.py:98:58 - error: "cache_manager" is unknown import symbol (reportAttributeAccessIssue)
  f:\coding\plexichat\plexichat\src\plexichat\core\plugins\manager.py:333:32 - error: Cannot access attribute "get" for class "UnifiedConfig"
  f:\coding\plexichat\plexichat\src\plexichat\core\plugins\manager.py:337:16 - error: Operator "not in" not supported for types "str" and "UnifiedConfig | dict[Unknown, Unknown]"
  f:\coding\plexichat\plexichat\src\plexichat\core\plugins\manager.py:337:61 - error: "__setitem__" method not defined on type "UnifiedConfig" (reportIndexIssue)
  f:\coding\plexichat\plexichat\src\plexichat\core\plugins\manager.py:338:13 - error: "__getitem__" method not defined on type "UnifiedConfig" (reportIndexIssue)
  f:\coding\plexichat\plexichat\src\plexichat\core\plugins\manager.py:386:40 - error: Cannot assign to attribute "plugin_name" for class "Thread"
  f:\coding\plexichat\plexichat\src\plexichat\core\plugins\manager.py:393:60 - error: Cannot assign to attribute "__builtins__" for class "ModuleType"
  f:\coding\plexichat\plexichat\src\plexichat\core\plugins\manager.py:431:25 - error: No overloads for "get" match the provided arguments (reportCallIssue)
  f:\coding\plexichat\plexichat\src\plexichat\core\plugins\manager.py:431:60 - error: Argument of type "Any | None" cannot be assigned to parameter "key" of type "str" in function "get"
  f:\coding\plexichat\plexichat\src\plexichat\core\plugins\manager.py:456:56 - error: Expression of type "None" cannot be assigned to parameter of type "str"
  f:\coding\plexichat\plexichat\src\plexichat\core\plugins\manager.py:670:50 - error: Argument of type "ModuleSpec | None" cannot be assigned to parameter "spec" of type "ModuleSpec" in function "module_from_spec"
  f:\coding\plexichat\plexichat\src\plexichat\core\plugins\manager.py:672:14 - error: "loader" is not a known attribute of "None" (reportOptionalMemberAccess)
  f:\coding\plexichat\plexichat\src\plexichat\core\plugins\manager.py:672:21 - error: "exec_module" is not a known attribute of "None" (reportOptionalMemberAccess)
  f:\coding\plexichat\plexichat\src\plexichat\core\plugins\plugin_manager.py:31:41 - error: Type "type[plexichat.shared.models.Plugin]" is not assignable to declared type "type[plexichat.core.plugins.plugin_manager.Plugin]"
  f:\coding\plexichat\plexichat\src\plexichat\core\plugins\plugin_manager.py:31:49 - error: Type "type[plexichat.shared.models.Event]" is not assignable to declared type "type[plexichat.core.plugins.plugin_manager.Event]"
  f:\coding\plexichat\plexichat\src\plexichat\core\plugins\plugin_manager.py:31:56 - error: Type "type[plexichat.shared.models.Priority]" is not assignable to declared type "type[plexichat.core.plugins.plugin_manager.Priority]"
  f:\coding\plexichat\plexichat\src\plexichat\core\plugins\plugin_manager.py:31:66 - error: Type "type[plexichat.shared.models.Status]" is not assignable to declared type "type[plexichat.core.plugins.plugin_manager.Status]"
  f:\coding\plexichat\plexichat\src\plexichat\core\plugins\plugin_manager.py:44:40 - error: "PluginId" is unknown import symbol (reportAttributeAccessIssue)
  f:\coding\plexichat\plexichat\src\plexichat\core\plugins\plugin_manager.py:44:50 - error: "PluginConfig" is unknown import symbol (reportAttributeAccessIssue)
  f:\coding\plexichat\plexichat\src\plexichat\core\plugins\plugin_manager.py:44:64 - error: "PluginResult" is unknown import symbol (reportAttributeAccessIssue)
  f:\coding\plexichat\plexichat\src\plexichat\core\plugins\plugin_manager.py:52:45 - error: "PluginError" is unknown import symbol (reportAttributeAccessIssue)
  f:\coding\plexichat\plexichat\src\plexichat\core\plugins\plugin_manager.py:52:58 - error: Type "type[plexichat.shared.exceptions.ValidationError]" is not assignable to declared type "type[plexichat.core.plugins.plugin_manager.ValidationError]"
  f:\coding\plexichat\plexichat\src\plexichat\core\plugins\plugin_manager.py:52:75 - error: Type "type[plexichat.shared.exceptions.SecurityError]" is not assignable to declared type "type[plexichat.core.plugins.plugin_manager.SecurityError]"
  f:\coding\plexichat\plexichat\src\plexichat\core\plugins\plugin_manager.py:265:40 - error: "EnhancedBasePlugin" is unknown import symbol (reportAttributeAccessIssue)
  f:\coding\plexichat\plexichat\src\plexichat\core\plugins\plugin_manager.py:280:40 - error: Cannot assign to attribute "plugin_name" for class "Thread"
  f:\coding\plexichat\plexichat\src\plexichat\core\plugins\plugin_manager.py:312:24 - error: Cannot assign to attribute "__builtins__" for class "ModuleType"
  f:\coding\plexichat\plexichat\src\plexichat\core\plugins\plugin_manager.py:522:61 - error: Expression of type "None" cannot be assigned to parameter of type "str"
  f:\coding\plexichat\plexichat\src\plexichat\core\plugins\plugin_manager.py:537:74 - error: "PluginInterface" is not defined (reportUndefinedVariable)
  f:\coding\plexichat\plexichat\src\plexichat\core\plugins\plugin_manager.py:618:41 - error: "PluginInterface" is not defined (reportUndefinedVariable)
  f:\coding\plexichat\plexichat\src\plexichat\core\plugins\plugin_manager.py:895:46 - error: "Never" is not awaitable (reportGeneralTypeIssues)
  f:\coding\plexichat\plexichat\src\plexichat\core\plugins\plugin_manager.py:901:48 - error: "Never" is not awaitable (reportGeneralTypeIssues)
  f:\coding\plexichat\plexichat\src\plexichat\core\plugins\sdk.py:56:8 - error: Statements must be separated by newlines or semicolons
  f:\coding\plexichat\plexichat\src\plexichat\core\plugins\sdk.py:56:8 - error: "Enhanced" is not defined (reportUndefinedVariable)
  f:\coding\plexichat\plexichat\src\plexichat\core\plugins\sdk.py:56:17 - error: Statements must be separated by newlines or semicolons
  f:\coding\plexichat\plexichat\src\plexichat\core\plugins\sdk.py:56:17 - error: "plugin" is not defined (reportUndefinedVariable)
  f:\coding\plexichat\plexichat\src\plexichat\core\plugins\sdk.py:56:24 - error: Statements must be separated by newlines or semicolons
  f:\coding\plexichat\plexichat\src\plexichat\core\plugins\sdk.py:56:24 - error: "configuration" is not defined (reportUndefinedVariable)
  f:\coding\plexichat\plexichat\src\plexichat\core\plugins\sdk.py:56:38 - error: Statements must be separated by newlines or semicolons
  f:\coding\plexichat\plexichat\src\plexichat\core\plugins\sdk.py:56:43 - error: "validation" is not defined (reportUndefinedVariable)
  f:\coding\plexichat\plexichat\src\plexichat\core\plugins\sdk.py:56:58 - error: "optimization" is not defined (reportUndefinedVariable)
  f:\coding\plexichat\plexichat\src\plexichat\core\plugins\sdk.py:56:71 - error: Expected ":"
  f:\coding\plexichat\plexichat\src\plexichat\core\plugins\sdk.py:118:12 - error: "operation" is not defined (reportUndefinedVariable)
  f:\coding\plexichat\plexichat\src\plexichat\core\plugins\sdk.py:118:29 - error: "self" is not defined (reportUndefinedVariable)
  f:\coding\plexichat\plexichat\src\plexichat\core\plugins\sdk.py:119:13 - error: "self" is not defined (reportUndefinedVariable)
  f:\coding\plexichat\plexichat\src\plexichat\core\plugins\sdk.py:119:39 - error: "operation" is not defined (reportUndefinedVariable)
  f:\coding\plexichat\plexichat\src\plexichat\core\plugins\sdk.py:120:9 - error: "self" is not defined (reportUndefinedVariable)
  f:\coding\plexichat\plexichat\src\plexichat\core\plugins\sdk.py:120:35 - error: "operation" is not defined (reportUndefinedVariable)
  f:\coding\plexichat\plexichat\src\plexichat\core\plugins\sdk.py:120:53 - error: "duration" is not defined (reportUndefinedVariable)
  f:\coding\plexichat\plexichat\src\plexichat\core\plugins\sdk.py:122:12 - error: "performance_monitor" is not defined (reportUndefinedVariable)
  f:\coding\plexichat\plexichat\src\plexichat\core\plugins\sdk.py:123:13 - error: "performance_monitor" is not defined (reportUndefinedVariable)
  f:\coding\plexichat\plexichat\src\plexichat\core\plugins\sdk.py:124:17 - error: "self" is not defined (reportUndefinedVariable)
  f:\coding\plexichat\plexichat\src\plexichat\core\plugins\sdk.py:124:35 - error: "operation" is not defined (reportUndefinedVariable)
  f:\coding\plexichat\plexichat\src\plexichat\core\plugins\sdk.py:124:46 - error: "duration" is not defined (reportUndefinedVariable)
  f:\coding\plexichat\plexichat\src\plexichat\core\plugins\sdk.py:130:1 - error: Unexpected indentation
  f:\coding\plexichat\plexichat\src\plexichat\core\plugins\sdk.py:130:54 - error: "EnhancedPluginConfig" is not defined (reportUndefinedVariable)
  f:\coding\plexichat\plexichat\src\plexichat\core\plugins\sdk.py:131:9 - error: Expected indented block
  f:\coding\plexichat\plexichat\src\plexichat\core\plugins\sdk.py:131:9 - error: "self" is not defined (reportUndefinedVariable)
  f:\coding\plexichat\plexichat\src\plexichat\core\plugins\sdk.py:131:28 - error: "plugin_name" is not defined (reportUndefinedVariable)
  f:\coding\plexichat\plexichat\src\plexichat\core\plugins\sdk.py:132:9 - error: "self" is not defined (reportUndefinedVariable)
  f:\coding\plexichat\plexichat\src\plexichat\core\plugins\sdk.py:132:23 - error: "config" is not defined (reportUndefinedVariable)
  f:\coding\plexichat\plexichat\src\plexichat\core\plugins\sdk.py:133:9 - error: "self" is not defined (reportUndefinedVariable)
  f:\coding\plexichat\plexichat\src\plexichat\core\plugins\sdk.py:133:23 - error: "EnhancedPluginLogger" is not defined (reportUndefinedVariable)
  f:\coding\plexichat\plexichat\src\plexichat\core\plugins\sdk.py:133:44 - error: "plugin_name" is not defined (reportUndefinedVariable)
  f:\coding\plexichat\plexichat\src\plexichat\core\plugins\sdk.py:134:9 - error: "self" is not defined (reportUndefinedVariable)
  f:\coding\plexichat\plexichat\src\plexichat\core\plugins\sdk.py:134:40 - error: "plugin_name" is not defined (reportUndefinedVariable)
  f:\coding\plexichat\plexichat\src\plexichat\core\plugins\sdk.py:137:44 - error: "Optional" is not defined (reportUndefinedVariable)
  f:\coding\plexichat\plexichat\src\plexichat\core\plugins\sdk.py:137:53 - error: "Any" is not defined (reportUndefinedVariable)
  f:\coding\plexichat\plexichat\src\plexichat\core\plugins\sdk.py:139:16 - error: "cache_manager" is not defined (reportUndefinedVariable)
  f:\coding\plexichat\plexichat\src\plexichat\core\plugins\sdk.py:142:29 - error: Cannot access attribute "_cache_prefix" for class "EnhancedPluginAPI*"
  f:\coding\plexichat\plexichat\src\plexichat\core\plugins\sdk.py:144:26 - error: "cache_manager" is not defined (reportUndefinedVariable)
  f:\coding\plexichat\plexichat\src\plexichat\core\plugins\sdk.py:149:48 - error: "Any" is not defined (reportUndefinedVariable)
  f:\coding\plexichat\plexichat\src\plexichat\core\plugins\sdk.py:149:58 - error: "Optional" is not defined (reportUndefinedVariable)
  f:\coding\plexichat\plexichat\src\plexichat\core\plugins\sdk.py:151:16 - error: "cache_manager" is not defined (reportUndefinedVariable)
  f:\coding\plexichat\plexichat\src\plexichat\core\plugins\sdk.py:154:29 - error: Cannot access attribute "_cache_prefix" for class "EnhancedPluginAPI*"
  f:\coding\plexichat\plexichat\src\plexichat\core\plugins\sdk.py:158:19 - error: "cache_manager" is not defined (reportUndefinedVariable)
  f:\coding\plexichat\plexichat\src\plexichat\core\plugins\sdk.py:166:16 - error: "cache_manager" is not defined (reportUndefinedVariable)
  f:\coding\plexichat\plexichat\src\plexichat\core\plugins\sdk.py:169:29 - error: Cannot access attribute "_cache_prefix" for class "EnhancedPluginAPI*"
  f:\coding\plexichat\plexichat\src\plexichat\core\plugins\sdk.py:171:19 - error: "cache_manager" is not defined (reportUndefinedVariable)
  f:\coding\plexichat\plexichat\src\plexichat\core\plugins\sdk.py:180:51 - error: "Any" is not defined (reportUndefinedVariable)
  f:\coding\plexichat\plexichat\src\plexichat\core\plugins\sdk.py:185:16 - error: "database_manager" is not defined (reportUndefinedVariable)
  f:\coding\plexichat\plexichat\src\plexichat\core\plugins\sdk.py:190:32 - error: "json" is not defined (reportUndefinedVariable)
  f:\coding\plexichat\plexichat\src\plexichat\core\plugins\sdk.py:191:24 - error: "database_manager" is not defined (reportUndefinedVariable)
  f:\coding\plexichat\plexichat\src\plexichat\core\plugins\sdk.py:199:41 - error: Cannot access attribute "plugin_name" for class "EnhancedPluginAPI*"
  f:\coding\plexichat\plexichat\src\plexichat\core\plugins\sdk.py:210:53 - error: "Any" is not defined (reportUndefinedVariable)
  f:\coding\plexichat\plexichat\src\plexichat\core\plugins\sdk.py:210:68 - error: "Any" is not defined (reportUndefinedVariable)
  f:\coding\plexichat\plexichat\src\plexichat\core\plugins\sdk.py:214:16 - error: "database_manager" is not defined (reportUndefinedVariable)
  f:\coding\plexichat\plexichat\src\plexichat\core\plugins\sdk.py:219:24 - error: "database_manager" is not defined (reportUndefinedVariable)
  f:\coding\plexichat\plexichat\src\plexichat\core\plugins\sdk.py:221:47 - error: Cannot access attribute "plugin_name" for class "EnhancedPluginAPI*"
  f:\coding\plexichat\plexichat\src\plexichat\core\plugins\sdk.py:225:28 - error: "json" is not defined (reportUndefinedVariable)
  f:\coding\plexichat\plexichat\src\plexichat\core\plugins\sdk.py:235:16 - error: "database_manager" is not defined (reportUndefinedVariable)
  f:\coding\plexichat\plexichat\src\plexichat\core\plugins\sdk.py:240:24 - error: "database_manager" is not defined (reportUndefinedVariable)
  f:\coding\plexichat\plexichat\src\plexichat\core\plugins\sdk.py:243:48 - error: Cannot access attribute "plugin_name" for class "EnhancedPluginAPI*"
  f:\coding\plexichat\plexichat\src\plexichat\core\plugins\sdk.py:252:51 - error: "Any" is not defined (reportUndefinedVariable)
  f:\coding\plexichat\plexichat\src\plexichat\core\plugins\sdk.py:252:66 - error: "Any" is not defined (reportUndefinedVariable)
  f:\coding\plexichat\plexichat\src\plexichat\core\plugins\sdk.py:262:25 - error: "config" is not defined (reportUndefinedVariable)
  f:\coding\plexichat\plexichat\src\plexichat\core\plugins\sdk.py:262:52 - error: Cannot access attribute "plugin_name" for class "EnhancedPluginAPI*"
  f:\coding\plexichat\plexichat\src\plexichat\core\plugins\sdk.py:269:49 - error: "Any" is not defined (reportUndefinedVariable)
  f:\coding\plexichat\plexichat\src\plexichat\core\plugins\sdk.py:273:32 - error: Cannot access attribute "plugin_name" for class "EnhancedPluginAPI*"
  f:\coding\plexichat\plexichat\src\plexichat\core\plugins\sdk.py:273:53 - error: "config" is not defined (reportUndefinedVariable)
  f:\coding\plexichat\plexichat\src\plexichat\core\plugins\sdk.py:274:17 - error: "config" is not defined (reportUndefinedVariable)
  f:\coding\plexichat\plexichat\src\plexichat\core\plugins\sdk.py:274:40 - error: Cannot access attribute "plugin_name" for class "EnhancedPluginAPI*"
  f:\coding\plexichat\plexichat\src\plexichat\core\plugins\sdk.py:275:13 - error: "config" is not defined (reportUndefinedVariable)
  f:\coding\plexichat\plexichat\src\plexichat\core\plugins\sdk.py:275:36 - error: Cannot access attribute "plugin_name" for class "EnhancedPluginAPI*"
  f:\coding\plexichat\plexichat\src\plexichat\core\plugins\sdk.py:287:55 - error: "Dict" is not defined (reportUndefinedVariable)
  f:\coding\plexichat\plexichat\src\plexichat\core\plugins\sdk.py:287:65 - error: "Any" is not defined (reportUndefinedVariable)
  f:\coding\plexichat\plexichat\src\plexichat\core\plugins\sdk.py:290:16 - error: "unified_plugin_manager" is not defined (reportUndefinedVariable)
  f:\coding\plexichat\plexichat\src\plexichat\core\plugins\sdk.py:291:23 - error: "unified_plugin_manager" is not defined (reportUndefinedVariable)
  f:\coding\plexichat\plexichat\src\plexichat\core\plugins\sdk.py:305:8 - error: Statements must be separated by newlines or semicolons
  f:\coding\plexichat\plexichat\src\plexichat\core\plugins\sdk.py:305:8 - error: "Context" is not defined (reportUndefinedVariable)
  f:\coding\plexichat\plexichat\src\plexichat\core\plugins\sdk.py:305:16 - error: Statements must be separated by newlines or semicolons
  f:\coding\plexichat\plexichat\src\plexichat\core\plugins\sdk.py:305:16 - error: "manager" is not defined (reportUndefinedVariable)
  f:\coding\plexichat\plexichat\src\plexichat\core\plugins\sdk.py:305:24 - error: Statements must be separated by newlines or semicolons
  f:\coding\plexichat\plexichat\src\plexichat\core\plugins\sdk.py:305:37 - error: Expected "in"
  f:\coding\plexichat\plexichat\src\plexichat\core\plugins\sdk.py:322:73 - error: Expected expression
  f:\coding\plexichat\plexichat\src\plexichat\core\plugins\sdk.py:323:36 - error: "EnhancedPluginConfig" is not defined (reportUndefinedVariable)
  f:\coding\plexichat\plexichat\src\plexichat\core\plugins\sdk.py:324:9 - error: Expected indented block
  f:\coding\plexichat\plexichat\src\plexichat\core\plugins\sdk.py:324:23 - error: "config" is not defined (reportUndefinedVariable)
  f:\coding\plexichat\plexichat\src\plexichat\core\plugins\sdk.py:325:38 - error: "config" is not defined (reportUndefinedVariable)
  f:\coding\plexichat\plexichat\src\plexichat\core\plugins\sdk.py:325:51 - error: "config" is not defined (reportUndefinedVariable)
  f:\coding\plexichat\plexichat\src\plexichat\core\plugins\sdk.py:334:14 - error: Object of type "None" cannot be used with "with" because it does not correctly implement __enter__
  f:\coding\plexichat\plexichat\src\plexichat\core\plugins\sdk.py:334:14 - error: Object of type "None" cannot be used with "with" because it does not correctly implement __exit__
  f:\coding\plexichat\plexichat\src\plexichat\core\plugins\sdk.py:344:6 - error: "abstractmethod" is not defined (reportUndefinedVariable)
  f:\coding\plexichat\plexichat\src\plexichat\core\plugins\sdk.py:350:12 - error: Statements must be separated by newlines or semicolons
  f:\coding\plexichat\plexichat\src\plexichat\core\plugins\sdk.py:350:12 - error: "Cleanup" is not defined (reportUndefinedVariable)
  f:\coding\plexichat\plexichat\src\plexichat\core\plugins\sdk.py:350:20 - error: Statements must be separated by newlines or semicolons
  f:\coding\plexichat\plexichat\src\plexichat\core\plugins\sdk.py:350:20 - error: "plugin" is not defined (reportUndefinedVariable)
  f:\coding\plexichat\plexichat\src\plexichat\core\plugins\sdk.py:350:27 - error: Statements must be separated by newlines or semicolons
  f:\coding\plexichat\plexichat\src\plexichat\core\plugins\sdk.py:350:36 - error: Expected attribute name after "."
  f:\coding\plexichat\plexichat\src\plexichat\core\plugins\sdk_generator.py:159:37 - error: Cannot access attribute "safe_modules" for class "PluginSDKGenerator*"
  f:\coding\plexichat\plexichat\src\plexichat\core\plugins\sdk_generator.py:231:37 - error: Cannot access attribute "safe_modules" for class "PluginSDKGenerator*"
  f:\coding\plexichat\plexichat\src\plexichat\core\plugins\security_manager.py:42:47 - error: Type "() -> int" is not assignable to declared type "() -> Literal[30]"
  f:\coding\plexichat\plexichat\src\plexichat\core\plugins\security_manager.py:42:67 - error: Type "() -> int" is not assignable to declared type "() -> Literal[104857600]"
  f:\coding\plexichat\plexichat\src\plexichat\core\plugins\security_manager.py:42:90 - error: Type "() -> bool" is not assignable to declared type "() -> Literal[True]"
  f:\coding\plexichat\plexichat\src\plexichat\core\plugins\security_manager.py:61:45 - error: Type "type[plexichat.shared.exceptions.SecurityError]" is not assignable to declared type "type[plexichat.core.plugins.security_manager.SecurityError]"
  f:\coding\plexichat\plexichat\src\plexichat\core\plugins\security_manager.py:61:60 - error: "PluginError" is unknown import symbol (reportAttributeAccessIssue)
  f:\coding\plexichat\plexichat\src\plexichat\core\plugins\security_manager.py:61:73 - error: Type "type[plexichat.shared.exceptions.ValidationError]" is not assignable to declared type "type[plexichat.core.plugins.security_manager.ValidationError]"
  f:\coding\plexichat\plexichat\src\plexichat\core\plugins\security_manager.py:474:33 - error: Cannot access attribute "_security_manager" for class "SecureSandbox*"
  f:\coding\plexichat\plexichat\src\plexichat\core\plugins\security_manager.py:476:33 - error: Cannot access attribute "_security_manager" for class "SecureSandbox*"
  f:\coding\plexichat\plexichat\src\plexichat\core\plugins\security_manager.py:477:29 - error: Cannot access attribute "_security_manager" for class "SecureSandbox*"
  f:\coding\plexichat\plexichat\src\plexichat\core\plugins\security_manager.py:563:38 - error: Cannot access attribute "_security_manager" for class "SecureSandbox*"
  f:\coding\plexichat\plexichat\src\plexichat\core\plugins\security_manager.py:568:73 - error: Cannot access attribute "_security_manager" for class "SecureSandbox*"
  f:\coding\plexichat\plexichat\src\plexichat\core\plugins\security_manager.py:569:68 - error: Cannot access attribute "_security_manager" for class "SecureSandbox*"
  f:\coding\plexichat\plexichat\src\plexichat\core\plugins\security_manager.py:680:40 - error: Cannot access attribute "num_fds" for class "Process"
  f:\coding\plexichat\plexichat\src\plexichat\core\plugins\security_manager.py:734:46 - error: Cannot access attribute "_security_manager" for class "ResourceMonitor*"
  f:\coding\plexichat\plexichat\src\plexichat\core\plugins\security_manager.py:1001:36 - error: "ensure_table_exists" is not a known attribute of "None" (reportOptionalMemberAccess)
  f:\coding\plexichat\plexichat\src\plexichat\core\plugins\security_manager.py:1017:36 - error: "ensure_table_exists" is not a known attribute of "None" (reportOptionalMemberAccess)
  f:\coding\plexichat\plexichat\src\plexichat\core\plugins\security_manager.py:1030:36 - error: "ensure_table_exists" is not a known attribute of "None" (reportOptionalMemberAccess)
  f:\coding\plexichat\plexichat\src\plexichat\core\plugins\security_manager.py:1044:36 - error: "ensure_table_exists" is not a known attribute of "None" (reportOptionalMemberAccess)
  f:\coding\plexichat\plexichat\src\plexichat\core\plugins\security_manager.py:1135:21 - error: Cannot assign to attribute "_security_manager" for class "SecureSandbox"
  f:\coding\plexichat\plexichat\src\plexichat\core\scheduler\task_scheduler.py:346:43 - error: Cannot access attribute "execute_query" for class "DatabaseService"
  f:\coding\plexichat\plexichat\src\plexichat\core\scheduler\task_scheduler.py:554:48 - error: Cannot access attribute "execute_query" for class "DatabaseService"
  f:\coding\plexichat\plexichat\src\plexichat\core\security\__init__.py: error: Cycle detected in import chain
  f:\coding\plexichat\plexichat\src\plexichat\core\security\comprehensive_security_manager.py:27:5 - error: "FASTAPI_AVAILABLE" is constant (because it is uppercase) and cannot be redefined (reportConstantRedefinition)
  f:\coding\plexichat\plexichat\src\plexichat\core\security\ddos_protection.py:401:55 - error: Variable not allowed in type expression (reportInvalidTypeForm)
  f:\coding\plexichat\plexichat\src\plexichat\core\security\ddos_protection.py:757:54 - error: Argument of type "str | None" cannot be assigned to parameter "ip" of type "str" in function "update_response_metrics"
  f:\coding\plexichat\plexichat\src\plexichat\core\security\ddos_protection.py:789:72 - error: Variable not allowed in type expression (reportInvalidTypeForm)
  f:\coding\plexichat\plexichat\src\plexichat\core\security\key_vault.py:8:28 - error: "Shamir" is unknown import symbol (reportAttributeAccessIssue)
  f:\coding\plexichat\plexichat\src\plexichat\core\security\quantum_encryption.py:38:5 - error: "PQC_AVAILABLE" is constant (because it is uppercase) and cannot be redefined (reportConstantRedefinition)
  f:\coding\plexichat\plexichat\src\plexichat\core\security\quantum_encryption.py:209:44 - error: Cannot access attribute "encrypt" for class "DHPublicKey"
  f:\coding\plexichat\plexichat\src\plexichat\core\security\quantum_encryption.py:209:44 - error: Cannot access attribute "encrypt" for class "DSAPublicKey"
  f:\coding\plexichat\plexichat\src\plexichat\core\security\quantum_encryption.py:209:44 - error: Cannot access attribute "encrypt" for class "EllipticCurvePublicKey"
  f:\coding\plexichat\plexichat\src\plexichat\core\security\quantum_encryption.py:209:44 - error: Cannot access attribute "encrypt" for class "Ed25519PublicKey"
  f:\coding\plexichat\plexichat\src\plexichat\core\security\quantum_encryption.py:209:44 - error: Cannot access attribute "encrypt" for class "Ed448PublicKey"
  f:\coding\plexichat\plexichat\src\plexichat\core\security\quantum_encryption.py:209:44 - error: Cannot access attribute "encrypt" for class "X25519PublicKey"
  f:\coding\plexichat\plexichat\src\plexichat\core\security\quantum_encryption.py:209:44 - error: Cannot access attribute "encrypt" for class "X448PublicKey"
  f:\coding\plexichat\plexichat\src\plexichat\core\security\quantum_encryption.py:246:45 - error: Cannot access attribute "decrypt" for class "DHPrivateKey"
  f:\coding\plexichat\plexichat\src\plexichat\core\security\quantum_encryption.py:246:45 - error: Cannot access attribute "decrypt" for class "Ed25519PrivateKey"
  f:\coding\plexichat\plexichat\src\plexichat\core\security\quantum_encryption.py:246:45 - error: Cannot access attribute "decrypt" for class "Ed448PrivateKey"
  f:\coding\plexichat\plexichat\src\plexichat\core\security\quantum_encryption.py:246:45 - error: Cannot access attribute "decrypt" for class "DSAPrivateKey"
  f:\coding\plexichat\plexichat\src\plexichat\core\security\quantum_encryption.py:246:45 - error: Cannot access attribute "decrypt" for class "EllipticCurvePrivateKey"
  f:\coding\plexichat\plexichat\src\plexichat\core\security\quantum_encryption.py:246:45 - error: Cannot access attribute "decrypt" for class "X25519PrivateKey"
  f:\coding\plexichat\plexichat\src\plexichat\core\security\quantum_encryption.py:246:45 - error: Cannot access attribute "decrypt" for class "X448PrivateKey"
  f:\coding\plexichat\plexichat\src\plexichat\core\security\quantum_encryption.py:361:13 - error: Argument missing for parameter "nonce" (reportCallIssue)
  f:\coding\plexichat\plexichat\src\plexichat\core\security\quantum_encryption.py:386:13 - error: Argument missing for parameter "nonce" (reportCallIssue)
  f:\coding\plexichat\plexichat\src\plexichat\core\security\quantum_encryption.py:692:51 - error: Argument of type "EncryptionAlgorithm | None" cannot be assigned to parameter "algorithm" of type "EncryptionAlgorithm" in function "__init__"
  f:\coding\plexichat\plexichat\src\plexichat\core\security\quantum_encryption.py:770:13 - error: Argument missing for parameter "nonce" (reportCallIssue)
  f:\coding\plexichat\plexichat\src\plexichat\core\security\quantum_encryption.py:794:13 - error: Argument missing for parameter "nonce" (reportCallIssue)
  f:\coding\plexichat\plexichat\src\plexichat\core\security\quantum_encryption.py:835:9 - error: No overloads for "update" match the provided arguments (reportCallIssue)
  f:\coding\plexichat\plexichat\src\plexichat\core\security\quantum_encryption.py:835:31 - error: Argument of type "dict[str, str | bool]" cannot be assigned to parameter "m" of type "Iterable[tuple[str, bytes]]" in function "update"
  f:\coding\plexichat\plexichat\src\plexichat\core\security\security_decorators.py:27:50 - error: "get_rate_limiting_config" is unknown import symbol (reportAttributeAccessIssue)
  f:\coding\plexichat\plexichat\src\plexichat\core\security\security_decorators.py:27:76 - error: "AccountType" is unknown import symbol (reportAttributeAccessIssue)
  f:\coding\plexichat\plexichat\src\plexichat\core\security\security_decorators.py:115:20 - error: Cannot access attribute "exception" for class "UnifiedLogger"
  f:\coding\plexichat\plexichat\src\plexichat\core\security\security_decorators.py:237:24 - error: Cannot access attribute "exception" for class "UnifiedLogger"
  f:\coding\plexichat\plexichat\src\plexichat\core\security\security_decorators.py:259:54 - error: "host" is not a known attribute of "None" (reportOptionalMemberAccess)
  f:\coding\plexichat\plexichat\src\plexichat\core\security\security_decorators.py:312:5 - error: Function declaration "audit_access" is obscured by a declaration of the same name (reportRedeclaration)
  f:\coding\plexichat\plexichat\src\plexichat\core\security\security_decorators.py:347:5 - error: Function declaration "sanitize_input" is obscured by a declaration of the same name (reportRedeclaration)
  f:\coding\plexichat\plexichat\src\plexichat\core\security\security_decorators.py:360:5 - error: Function declaration "validate_csrf" is obscured by a declaration of the same name (reportRedeclaration)
  f:\coding\plexichat\plexichat\src\plexichat\core\security\security_decorators.py:382:49 - error: Type "(action: str, limit: int, window_seconds: int = 60) -> Unknown" is not assignable to declared type "(requests_per_minute: int = 60, account_type: Any | None = None) -> ((func: ((...) -> Unknown)) -> ((...) -> Unknown))"
  f:\coding\plexichat\plexichat\src\plexichat\core\security\security_decorators.py:482:35 - error: No parameter named "action" (reportCallIssue)
  f:\coding\plexichat\plexichat\src\plexichat\core\security\security_decorators.py:482:57 - error: No parameter named "limit" (reportCallIssue)
  f:\coding\plexichat\plexichat\src\plexichat\core\security\security_decorators.py:616:24 - error: Cannot access attribute "exception" for class "UnifiedLogger"
  f:\coding\plexichat\plexichat\src\plexichat\core\security\security_manager.py:30:5 - error: "SECURITY_MANAGER_AVAILABLE" is constant (because it is uppercase) and cannot be redefined (reportConstantRedefinition)
  f:\coding\plexichat\plexichat\src\plexichat\core\security\security_manager.py:638:32 - error: Unsupported escape sequence in string literal (reportInvalidStringEscapeSequence)
  f:\coding\plexichat\plexichat\src\plexichat\core\security\waf_middleware.py:273:44 - error: Expression of type "None" cannot be assigned to parameter of type "WAFConfig"
  f:\coding\plexichat\plexichat\src\plexichat\core\security\waf_middleware.py:549:37 - error: "host" is not a known attribute of "None" (reportOptionalMemberAccess)
  f:\coding\plexichat\plexichat\src\plexichat\core\services\__init__.py:7:68 - error: "get_database_service" is unknown import symbol (reportAttributeAccessIssue)
  f:\coding\plexichat\plexichat\src\plexichat\core\services\__init__.py:45:51 - error: "ServiceLoader" is unknown import symbol (reportAttributeAccessIssue)
  f:\coding\plexichat\plexichat\src\plexichat\core\services\__init__.py:45:66 - error: "load_services" is unknown import symbol (reportAttributeAccessIssue)
  f:\coding\plexichat\plexichat\src\plexichat\core\threading\thread_manager.py:94:89 - error: Argument of type "Literal['seconds']" cannot be assigned to parameter "metric_type" of type "MetricType" in function "record_metric"
  f:\coding\plexichat\plexichat\src\plexichat\core\threading\thread_manager.py:212:90 - error: Argument of type "Literal['seconds']" cannot be assigned to parameter "metric_type" of type "MetricType" in function "record_metric"
  f:\coding\plexichat\plexichat\src\plexichat\core\versioning\api_version_manager.py:24:31 - error: Object of type "Literal['0.1.0']" is not callable
  f:\coding\plexichat\plexichat\src\plexichat\core\websocket\websocket_manager.py:234:41 - error: Cannot access attribute "increment_counter" for class "PerformanceLogger"
  f:\coding\plexichat\plexichat\src\plexichat\core\websocket\websocket_manager.py:274:41 - error: Cannot access attribute "increment_counter" for class "PerformanceLogger"
  f:\coding\plexichat\plexichat\src\plexichat\features\ai\__init__.py:28:5 - error: "JSON" is constant (because it is uppercase) and cannot be redefined (reportConstantRedefinition)
  f:\coding\plexichat\plexichat\src\plexichat\features\ai\api\ai_endpoints.py:21:5 - error: "FASTAPI_AVAILABLE" is constant (because it is uppercase) and cannot be redefined (reportConstantRedefinition)
  f:\coding\plexichat\plexichat\src\plexichat\features\ai\api\moderation_endpoints.py:22:5 - error: "FASTAPI_AVAILABLE" is constant (because it is uppercase) and cannot be redefined (reportConstantRedefinition)
  f:\coding\plexichat\plexichat\src\plexichat\features\ai\features\ai_powered_features_service.py:29:5 - error: "SKLEARN_AVAILABLE" is constant (because it is uppercase) and cannot be redefined (reportConstantRedefinition)
  f:\coding\plexichat\plexichat\src\plexichat\features\ai\moderation\feedback_collector.py:23:68 - error: "ModerationTrainingSystem" is unknown import symbol (reportAttributeAccessIssue)
  f:\coding\plexichat\plexichat\src\plexichat\features\ai\moderation\feedback_collector.py:23:94 - error: "TrainingDataSource" is unknown import symbol (reportAttributeAccessIssue)
  f:\coding\plexichat\plexichat\src\plexichat\features\ai\moderation\feedback_data_service.py:13:35 - error: Cannot access attribute "add_feedback_data" for class "DatabaseManager"
  f:\coding\plexichat\plexichat\src\plexichat\features\ai\moderation\feedback_data_service.py:17:42 - error: Cannot access attribute "get_feedback_data" for class "DatabaseManager"
  f:\coding\plexichat\plexichat\src\plexichat\features\ai\moderation\feedback_data_service.py:22:35 - error: Cannot access attribute "update_feedback_data" for class "DatabaseManager"
  f:\coding\plexichat\plexichat\src\plexichat\features\ai\moderation\feedback_data_service.py:26:35 - error: Cannot access attribute "delete_feedback_data" for class "DatabaseManager"
  f:\coding\plexichat\plexichat\src\plexichat\features\ai\moderation\moderation_data_service.py:13:35 - error: Cannot access attribute "save_moderation_result" for class "DatabaseManager"
  f:\coding\plexichat\plexichat\src\plexichat\features\ai\moderation\moderation_data_service.py:17:42 - error: Cannot access attribute "get_moderation_results" for class "DatabaseManager"
  f:\coding\plexichat\plexichat\src\plexichat\features\ai\moderation\moderation_data_service.py:22:35 - error: Cannot access attribute "update_moderation_result" for class "DatabaseManager"
  f:\coding\plexichat\plexichat\src\plexichat\features\ai\moderation\moderation_data_service.py:26:35 - error: Cannot access attribute "delete_moderation_result" for class "DatabaseManager"
  f:\coding\plexichat\plexichat\src\plexichat\features\ai\moderation\training_data_service.py:13:35 - error: Cannot access attribute "add_training_data" for class "DatabaseManager"
  f:\coding\plexichat\plexichat\src\plexichat\features\ai\moderation\training_data_service.py:17:42 - error: Cannot access attribute "get_training_data" for class "DatabaseManager"
  f:\coding\plexichat\plexichat\src\plexichat\features\ai\moderation\training_data_service.py:22:35 - error: Cannot access attribute "update_training_data" for class "DatabaseManager"
  f:\coding\plexichat\plexichat\src\plexichat\features\ai\moderation\training_data_service.py:26:35 - error: Cannot access attribute "delete_training_data" for class "DatabaseManager"
  f:\coding\plexichat\plexichat\src\plexichat\features\ai\monitoring\analytics_data_service.py:13:35 - error: Cannot access attribute "save_analytics_metric" for class "DatabaseManager"
  f:\coding\plexichat\plexichat\src\plexichat\features\ai\monitoring\analytics_data_service.py:17:42 - error: Cannot access attribute "get_analytics_metrics" for class "DatabaseManager"
  f:\coding\plexichat\plexichat\src\plexichat\features\ai\monitoring\analytics_data_service.py:22:35 - error: Cannot access attribute "update_analytics_metric" for class "DatabaseManager"
  f:\coding\plexichat\plexichat\src\plexichat\features\ai\monitoring\analytics_data_service.py:26:35 - error: Cannot access attribute "delete_analytics_metric" for class "DatabaseManager"
  f:\coding\plexichat\plexichat\src\plexichat\features\ai\providers\anthropic_provider.py:18:5 - error: "ANTHROPIC_AVAILABLE" is constant (because it is uppercase) and cannot be redefined (reportConstantRedefinition)
  f:\coding\plexichat\plexichat\src\plexichat\features\ai\providers\openai_provider.py:18:5 - error: "OPENAI_AVAILABLE" is constant (because it is uppercase) and cannot be redefined (reportConstantRedefinition)
  f:\coding\plexichat\plexichat\src\plexichat\features\backup\backup_engine.py: error: Cycle detected in import chain
  f:\coding\plexichat\plexichat\src\plexichat\features\backup\backup_manager.py:167:73 - error: Expression of type "None" cannot be assigned to parameter of type "Dict[str, Any]"
  f:\coding\plexichat\plexichat\src\plexichat\features\backup\backup_manager.py:218:53 - error: Expression of type "None" cannot be assigned to parameter of type "Dict[str, Any]"
  f:\coding\plexichat\plexichat\src\plexichat\features\backup\backup_manager.py:398:36 - error: Argument missing for parameter "vault_path" (reportCallIssue)
  f:\coding\plexichat\plexichat\src\plexichat\features\backup\backup_manager.py:464:27 - error: "object" is not awaitable
  f:\coding\plexichat\plexichat\src\plexichat\features\backup\backup_manager.py:502:27 - error: "object" is not awaitable
  f:\coding\plexichat\plexichat\src\plexichat\features\backup\backup_manager.py:630:24 - error: Type "Dict[str, Any]" is not assignable to return type "BackupMetadata"
  f:\coding\plexichat\plexichat\src\plexichat\features\backup\backup_manager.py:1107:48 - error: Cannot access attribute "store_key_for_backup" for class "DistributedKeyManager"
  f:\coding\plexichat\plexichat\src\plexichat\features\backup\backup_manager.py:1107:48 - error: Cannot access attribute "store_key_for_backup" for class "KeyVault"
  f:\coding\plexichat\plexichat\src\plexichat\features\backup\backup_manager.py:1112:48 - error: Cannot access attribute "store_key" for class "DistributedKeyManager"
  f:\coding\plexichat\plexichat\src\plexichat\features\backup\backup_manager.py:1112:48 - error: Cannot access attribute "store_key" for class "KeyVault"
  f:\coding\plexichat\plexichat\src\plexichat\features\backup\backup_manager.py:1117:48 - error: Cannot access attribute "register_key" for class "DistributedKeyManager"
  f:\coding\plexichat\plexichat\src\plexichat\features\backup\backup_manager.py:1117:48 - error: Cannot access attribute "register_key" for class "KeyVault"
  f:\coding\plexichat\plexichat\src\plexichat\features\backup\backup_manager.py:1126:56 - error: Cannot access attribute "set" for class "DistributedKeyManager"
  f:\coding\plexichat\plexichat\src\plexichat\features\backup\backup_manager.py:1126:56 - error: Cannot access attribute "set" for class "KeyVault"
  f:\coding\plexichat\plexichat\src\plexichat\features\backup\backup_manager.py:1169:56 - error: Cannot access attribute "get_optimal_nodes" for class "ClusterManager"
  f:\coding\plexichat\plexichat\src\plexichat\features\backup\backup_manager.py:1328:52 - error: Cannot access attribute "update_node_usage" for class "ClusterManager"
  f:\coding\plexichat\plexichat\src\plexichat\features\backup\backup_manager.py:1328:52 - error: "update_node_usage" is not a known attribute of "None" (reportOptionalMemberAccess)
  f:\coding\plexichat\plexichat\src\plexichat\features\backup\backup_manager.py:1340:56 - error: "update_node_metrics" is not a known attribute of "None" (reportOptionalMemberAccess)
  f:\coding\plexichat\plexichat\src\plexichat\features\backup\backup_manager.py:1340:85 - error: Argument of type "Any | int" cannot be assigned to parameter "metrics" of type "NodeMetrics" in function "update_node_metrics"
  f:\coding\plexichat\plexichat\src\plexichat\features\backup\backup_manager.py:1619:59 - error: "get_node" is not a known attribute of "None" (reportOptionalMemberAccess)
  f:\coding\plexichat\plexichat\src\plexichat\features\backup\backup_repository.py:111:31 - error: "ensure_table_exists" is not a known attribute of "None" (reportOptionalMemberAccess)
  f:\coding\plexichat\plexichat\src\plexichat\features\backup\backup_repository.py:127:31 - error: "ensure_table_exists" is not a known attribute of "None" (reportOptionalMemberAccess)
  f:\coding\plexichat\plexichat\src\plexichat\features\backup\backup_repository.py:142:31 - error: "ensure_table_exists" is not a known attribute of "None" (reportOptionalMemberAccess)
  f:\coding\plexichat\plexichat\src\plexichat\features\backup\backup_repository.py:154:31 - error: "ensure_table_exists" is not a known attribute of "None" (reportOptionalMemberAccess)
  f:\coding\plexichat\plexichat\src\plexichat\features\backup\backup_repository.py:165:31 - error: "ensure_table_exists" is not a known attribute of "None" (reportOptionalMemberAccess)
  f:\coding\plexichat\plexichat\src\plexichat\features\backup\backup_repository.py:200:40 - error: "get_session" is not a known attribute of "None" (reportOptionalMemberAccess)
  f:\coding\plexichat\plexichat\src\plexichat\features\backup\backup_repository.py:242:40 - error: "get_session" is not a known attribute of "None" (reportOptionalMemberAccess)
  f:\coding\plexichat\plexichat\src\plexichat\features\backup\backup_repository.py:291:40 - error: "get_session" is not a known attribute of "None" (reportOptionalMemberAccess)
  f:\coding\plexichat\plexichat\src\plexichat\features\backup\backup_repository.py:313:40 - error: "get_session" is not a known attribute of "None" (reportOptionalMemberAccess)
  f:\coding\plexichat\plexichat\src\plexichat\features\backup\backup_repository.py:335:40 - error: "get_session" is not a known attribute of "None" (reportOptionalMemberAccess)
  f:\coding\plexichat\plexichat\src\plexichat\features\backup\encryption_service.py:32:5 - error: "PBKDF2HMAC" is constant (because it is uppercase) and cannot be redefined (reportConstantRedefinition)
  f:\coding\plexichat\plexichat\src\plexichat\features\backup\encryption_service.py:39:5 - error: "CRYPTOGRAPHY_AVAILABLE" is constant (because it is uppercase) and cannot be redefined (reportConstantRedefinition)
  f:\coding\plexichat\plexichat\src\plexichat\features\backup\recovery_service.py:54:49 - error: Cannot access attribute "retrieve_shards" for class "StorageManager"
  f:\coding\plexichat\plexichat\src\plexichat\features\backup\storage_manager.py:26:5 - error: "AWS_AVAILABLE" is constant (because it is uppercase) and cannot be redefined (reportConstantRedefinition)
  f:\coding\plexichat\plexichat\src\plexichat\features\backup\storage_manager.py:35:5 - error: "AZURE_AVAILABLE" is constant (because it is uppercase) and cannot be redefined (reportConstantRedefinition)
  f:\coding\plexichat\plexichat\src\plexichat\features\backup\storage_manager.py:44:5 - error: "GCP_AVAILABLE" is constant (because it is uppercase) and cannot be redefined (reportConstantRedefinition)
  f:\coding\plexichat\plexichat\src\plexichat\features\backup\storage_manager.py:290:15 - error: Invalid exception class or object
  f:\coding\plexichat\plexichat\src\plexichat\infrastructure\analytics\analytics_service.py:33:50 - error: "FileRecord" is unknown import symbol (reportAttributeAccessIssue)
  f:\coding\plexichat\plexichat\src\plexichat\infrastructure\analytics\analytics_service.py:33:71 - error: "Guild" is unknown import symbol (reportAttributeAccessIssue)
  f:\coding\plexichat\plexichat\src\plexichat\infrastructure\analytics\analytics_service.py:33:78 - error: "GuildMember" is unknown import symbol (reportAttributeAccessIssue)
  f:\coding\plexichat\plexichat\src\plexichat\infrastructure\analytics\analytics_service.py:223:51 - error: Cannot access attribute "distinct" for class "str"
  f:\coding\plexichat\plexichat\src\plexichat\infrastructure\analytics\analytics_service.py:224:37 - error: Cannot access attribute "last_seen" for class "type[User]"
  f:\coding\plexichat\plexichat\src\plexichat\infrastructure\analytics\analytics_service.py:231:43 - error: Argument of type "str" cannot be assigned to parameter "expression" of type "_ColumnExpressionArgument[Any] | _StarOrOne | None" in function "__init__"
  f:\coding\plexichat\plexichat\src\plexichat\infrastructure\analytics\analytics_service.py:232:40 - error: Cannot access attribute "timestamp" for class "type[Message]"
  f:\coding\plexichat\plexichat\src\plexichat\infrastructure\analytics\analytics_service.py:238:43 - error: Argument of type "str" cannot be assigned to parameter "expression" of type "_ColumnExpressionArgument[Any] | _StarOrOne | None" in function "__init__"
  f:\coding\plexichat\plexichat\src\plexichat\infrastructure\analytics\analytics_service.py:239:37 - error: Cannot access attribute "status" for class "type[User]"
  f:\coding\plexichat\plexichat\src\plexichat\infrastructure\analytics\analytics_service.py:261:43 - error: Argument of type "str" cannot be assigned to parameter "expression" of type "_ColumnExpressionArgument[Any] | _StarOrOne | None" in function "__init__"
  f:\coding\plexichat\plexichat\src\plexichat\infrastructure\analytics\analytics_service.py:262:40 - error: Cannot access attribute "author_id" for class "type[Message]"
  f:\coding\plexichat\plexichat\src\plexichat\infrastructure\debugging\plugin_debug_integration.py:139:22 - error: Object of type "Never" cannot be used with "with" because it does not correctly implement __enter__ (reportGeneralTypeIssues)
  f:\coding\plexichat\plexichat\src\plexichat\infrastructure\debugging\plugin_debug_integration.py:139:22 - error: Object of type "Never" cannot be used with "with" because it does not correctly implement __exit__ (reportGeneralTypeIssues)
  f:\coding\plexichat\plexichat\src\plexichat\infrastructure\debugging\plugin_debug_integration.py:219:22 - error: Object of type "Never" cannot be used with "with" because it does not correctly implement __enter__ (reportGeneralTypeIssues)
  f:\coding\plexichat\plexichat\src\plexichat\infrastructure\debugging\plugin_debug_integration.py:219:22 - error: Object of type "Never" cannot be used with "with" because it does not correctly implement __exit__ (reportGeneralTypeIssues)
  f:\coding\plexichat\plexichat\src\plexichat\infrastructure\debugging\plugin_debug_integration.py:361:26 - error: Object of type "Never" cannot be used with "with" because it does not correctly implement __enter__ (reportGeneralTypeIssues)
  f:\coding\plexichat\plexichat\src\plexichat\infrastructure\debugging\plugin_debug_integration.py:361:26 - error: Object of type "Never" cannot be used with "with" because it does not correctly implement __exit__ (reportGeneralTypeIssues)
  f:\coding\plexichat\plexichat\src\plexichat\infrastructure\debugging\plugin_debug_integration.py:396:26 - error: Object of type "Never" cannot be used with "with" because it does not correctly implement __enter__ (reportGeneralTypeIssues)
  f:\coding\plexichat\plexichat\src\plexichat\infrastructure\debugging\plugin_debug_integration.py:396:26 - error: Object of type "Never" cannot be used with "with" because it does not correctly implement __exit__ (reportGeneralTypeIssues)
  f:\coding\plexichat\plexichat\src\plexichat\infrastructure\debugging\plugin_debug_integration.py:446:26 - error: Object of type "Never" cannot be used with "with" because it does not correctly implement __enter__ (reportGeneralTypeIssues)
  f:\coding\plexichat\plexichat\src\plexichat\infrastructure\debugging\plugin_debug_integration.py:446:26 - error: Object of type "Never" cannot be used with "with" because it does not correctly implement __exit__ (reportGeneralTypeIssues)
  f:\coding\plexichat\plexichat\src\plexichat\infrastructure\debugging\plugin_debug_integration.py:498:26 - error: Object of type "Never" cannot be used with "with" because it does not correctly implement __enter__ (reportGeneralTypeIssues)
  f:\coding\plexichat\plexichat\src\plexichat\infrastructure\debugging\plugin_debug_integration.py:498:26 - error: Object of type "Never" cannot be used with "with" because it does not correctly implement __exit__ (reportGeneralTypeIssues)
  f:\coding\plexichat\plexichat\src\plexichat\infrastructure\messaging\async_task_queue.py:26:5 - error: "REDIS_AVAILABLE" is constant (because it is uppercase) and cannot be redefined (reportConstantRedefinition)
  f:\coding\plexichat\plexichat\src\plexichat\infrastructure\microservices\service_registry.py:137:46 - error: Expected class but received "(obj: object, /) -> TypeIs[(...) -> object]" (reportGeneralTypeIssues)
  f:\coding\plexichat\plexichat\src\plexichat\infrastructure\microservices\service_registry.py:411:61 - error: Expected class but received "(obj: object, /) -> TypeIs[(...) -> object]" (reportGeneralTypeIssues)
  f:\coding\plexichat\plexichat\src\plexichat\infrastructure\middleware\global_rate_limiting.py:157:26 - error: "None" is not awaitable
  f:\coding\plexichat\plexichat\src\plexichat\infrastructure\middleware\global_rate_limiting.py:321:24 - error: Argument of type "type[GlobalAdaptiveRateLimitingMiddleware]" cannot be assigned to parameter "middleware_class" of type "_MiddlewareFactory[P@add_middleware]" in function "add_middleware"
  f:\coding\plexichat\plexichat\src\plexichat\infrastructure\modules\__init__.py:173:72 - error: "create_service" is not a known attribute of "None" (reportOptionalMemberAccess)
  f:\coding\plexichat\plexichat\src\plexichat\infrastructure\modules\contracts.py:17:26 - error: Expected one or more symbol names after "import"
  f:\coding\plexichat\plexichat\src\plexichat\infrastructure\modules\contracts.py:23:1 - error: Unexpected indentation
  f:\coding\plexichat\plexichat\src\plexichat\infrastructure\modules\contracts.py:23:5 - error: "BaseModule" is not defined (reportUndefinedVariable)
  f:\coding\plexichat\plexichat\src\plexichat\infrastructure\modules\contracts.py:24:5 - error: "Contracts" is not defined (reportUndefinedVariable)
  f:\coding\plexichat\plexichat\src\plexichat\infrastructure\modules\contracts.py:25:5 - error: "IModuleAPI" is not defined (reportUndefinedVariable)
  f:\coding\plexichat\plexichat\src\plexichat\infrastructure\modules\contracts.py:26:5 - error: "IModuleConfiguration" is not defined (reportUndefinedVariable)
  f:\coding\plexichat\plexichat\src\plexichat\infrastructure\modules\contracts.py:27:5 - error: "IModuleLifecycle" is not defined (reportUndefinedVariable)
  f:\coding\plexichat\plexichat\src\plexichat\infrastructure\modules\contracts.py:28:5 - error: "IModuleSecurity" is not defined (reportUndefinedVariable)
  f:\coding\plexichat\plexichat\src\plexichat\infrastructure\modules\contracts.py:29:5 - error: "Module" is not defined (reportUndefinedVariable)
  f:\coding\plexichat\plexichat\src\plexichat\infrastructure\modules\contracts.py:30:5 - error: "ModulePermissions" is not defined (reportUndefinedVariable)
  f:\coding\plexichat\plexichat\src\plexichat\infrastructure\modules\contracts.py:31:5 - error: "PlexiChat" is not defined (reportUndefinedVariable)
  f:\coding\plexichat\plexichat\src\plexichat\infrastructure\modules\contracts.py:32:5 - error: "Provides" is not defined (reportUndefinedVariable)
  f:\coding\plexichat\plexichat\src\plexichat\infrastructure\modules\contracts.py:33:5 - error: "System" is not defined (reportUndefinedVariable)
  f:\coding\plexichat\plexichat\src\plexichat\infrastructure\modules\contracts.py:34:5 - error: "Validation" is not defined (reportUndefinedVariable)
  f:\coding\plexichat\plexichat\src\plexichat\infrastructure\modules\contracts.py:62:1 - error: Unexpected indentation
  f:\coding\plexichat\plexichat\src\plexichat\infrastructure\modules\contracts.py:63:5 - error: Unindent not expected
  f:\coding\plexichat\plexichat\src\plexichat\infrastructure\modules\contracts.py:69:1 - error: Unindent not expected
  f:\coding\plexichat\plexichat\src\plexichat\infrastructure\modules\contracts.py:78:12 - error: Statements must be separated by newlines or semicolons
  f:\coding\plexichat\plexichat\src\plexichat\infrastructure\modules\contracts.py:78:12 - error: "Add" is not defined (reportUndefinedVariable)
  f:\coding\plexichat\plexichat\src\plexichat\infrastructure\modules\contracts.py:78:16 - error: Statements must be separated by newlines or semicolons
  f:\coding\plexichat\plexichat\src\plexichat\infrastructure\modules\contracts.py:78:16 - error: "a" is not defined (reportUndefinedVariable)
  f:\coding\plexichat\plexichat\src\plexichat\infrastructure\modules\contracts.py:78:18 - error: Statements must be separated by newlines or semicolons
  f:\coding\plexichat\plexichat\src\plexichat\infrastructure\modules\contracts.py:78:18 - error: "contract" is not defined (reportUndefinedVariable)
  f:\coding\plexichat\plexichat\src\plexichat\infrastructure\modules\contracts.py:78:27 - error: Statements must be separated by newlines or semicolons
  f:\coding\plexichat\plexichat\src\plexichat\infrastructure\modules\contracts.py:78:36 - error: Expected attribute name after "."
  f:\coding\plexichat\plexichat\src\plexichat\infrastructure\modules\contracts.py:94:1 - error: Unexpected indentation
  f:\coding\plexichat\plexichat\src\plexichat\infrastructure\modules\contracts.py:94:28 - error: "self" is not defined (reportUndefinedVariable)
  f:\coding\plexichat\plexichat\src\plexichat\infrastructure\modules\contracts.py:94:51 - error: "self" is not defined (reportUndefinedVariable)
  f:\coding\plexichat\plexichat\src\plexichat\infrastructure\modules\contracts.py:96:13 - error: "self" is not defined (reportUndefinedVariable)
  f:\coding\plexichat\plexichat\src\plexichat\infrastructure\modules\contracts.py:99:32 - error: "self" is not defined (reportUndefinedVariable)
  f:\coding\plexichat\plexichat\src\plexichat\infrastructure\modules\contracts.py:100:34 - error: "self" is not defined (reportUndefinedVariable)
  f:\coding\plexichat\plexichat\src\plexichat\infrastructure\modules\contracts.py:102:13 - error: "self" is not defined (reportUndefinedVariable)
  f:\coding\plexichat\plexichat\src\plexichat\infrastructure\modules\contracts.py:116:1 - error: Unexpected indentation
  f:\coding\plexichat\plexichat\src\plexichat\infrastructure\modules\contracts.py:117:9 - error: Expected indented block
  f:\coding\plexichat\plexichat\src\plexichat\infrastructure\modules\contracts.py:117:9 - error: "self" is not defined (reportUndefinedVariable)
  f:\coding\plexichat\plexichat\src\plexichat\infrastructure\modules\contracts.py:118:13 - error: "IModuleLifecycle" is not defined (reportUndefinedVariable)
  f:\coding\plexichat\plexichat\src\plexichat\infrastructure\modules\contracts.py:119:13 - error: "IModuleConfiguration" is not defined (reportUndefinedVariable)
  f:\coding\plexichat\plexichat\src\plexichat\infrastructure\modules\contracts.py:122:9 - error: "self" is not defined (reportUndefinedVariable)
  f:\coding\plexichat\plexichat\src\plexichat\infrastructure\modules\contracts.py:123:13 - error: "IModuleAPI" is not defined (reportUndefinedVariable)
  f:\coding\plexichat\plexichat\src\plexichat\infrastructure\modules\contracts.py:124:13 - error: "IModuleSecurity" is not defined (reportUndefinedVariable)
  f:\coding\plexichat\plexichat\src\plexichat\infrastructure\modules\contracts.py:128:9 - error: "self" is not defined (reportUndefinedVariable)
  f:\coding\plexichat\plexichat\src\plexichat\infrastructure\modules\contracts.py:184:13 - error: "logger" is not defined (reportUndefinedVariable)
  f:\coding\plexichat\plexichat\src\plexichat\infrastructure\modules\contracts.py:188:1 - error: Unexpected indentation
  f:\coding\plexichat\plexichat\src\plexichat\infrastructure\modules\contracts.py:191:13 - error: Expected expression
  f:\coding\plexichat\plexichat\src\plexichat\infrastructure\modules\contracts.py:192:13 - error: "logger" is not defined (reportUndefinedVariable)
  f:\coding\plexichat\plexichat\src\plexichat\infrastructure\modules\contracts.py:199:35 - error: "BaseModule" is not defined (reportUndefinedVariable)
  f:\coding\plexichat\plexichat\src\plexichat\infrastructure\modules\contracts.py:201:1 - error: Unexpected indentation
  f:\coding\plexichat\plexichat\src\plexichat\infrastructure\modules\contracts.py:205:13 - error: Expected expression
  f:\coding\plexichat\plexichat\src\plexichat\infrastructure\modules\contracts.py:211:1 - error: Unexpected indentation
  f:\coding\plexichat\plexichat\src\plexichat\infrastructure\modules\contracts.py:215:17 - error: Expected expression
  f:\coding\plexichat\plexichat\src\plexichat\infrastructure\modules\contracts.py:221:1 - error: Unexpected indentation
  f:\coding\plexichat\plexichat\src\plexichat\infrastructure\modules\contracts.py:225:17 - error: Expected expression
  f:\coding\plexichat\plexichat\src\plexichat\infrastructure\modules\contracts.py:236:57 - error: "ModulePermissions" is not defined (reportUndefinedVariable)
  f:\coding\plexichat\plexichat\src\plexichat\infrastructure\modules\contracts.py:277:1 - error: Unexpected indentation
  f:\coding\plexichat\plexichat\src\plexichat\infrastructure\modules\contracts.py:284:25 - error: Expected expression
  f:\coding\plexichat\plexichat\src\plexichat\infrastructure\modules\contracts.py:295:48 - error: "ModulePermissions" is not defined (reportUndefinedVariable)
  f:\coding\plexichat\plexichat\src\plexichat\infrastructure\modules\contracts.py:297:1 - error: Unexpected indentation
  f:\coding\plexichat\plexichat\src\plexichat\infrastructure\modules\contracts.py:300:21 - error: Expected expression
  f:\coding\plexichat\plexichat\src\plexichat\infrastructure\modules\contracts.py:305:1 - error: Unexpected indentation
  f:\coding\plexichat\plexichat\src\plexichat\infrastructure\modules\contracts.py:309:25 - error: Expected expression
  f:\coding\plexichat\plexichat\src\plexichat\infrastructure\modules\contracts.py:314:1 - error: Unexpected indentation
  f:\coding\plexichat\plexichat\src\plexichat\infrastructure\modules\contracts.py:318:25 - error: Expected expression
  f:\coding\plexichat\plexichat\src\plexichat\infrastructure\modules\contracts.py:321:1 - error: Unexpected indentation
  f:\coding\plexichat\plexichat\src\plexichat\infrastructure\modules\contracts.py:324:17 - error: Expected expression
  f:\coding\plexichat\plexichat\src\plexichat\infrastructure\modules\contracts.py:350:1 - error: Unexpected indentation
  f:\coding\plexichat\plexichat\src\plexichat\infrastructure\modules\contracts.py:353:21 - error: Expected expression
  f:\coding\plexichat\plexichat\src\plexichat\infrastructure\modules\contracts.py:358:1 - error: Unexpected indentation
  f:\coding\plexichat\plexichat\src\plexichat\infrastructure\modules\contracts.py:361:21 - error: Expected expression
  f:\coding\plexichat\plexichat\src\plexichat\infrastructure\modules\contracts.py:365:1 - error: Unexpected indentation
  f:\coding\plexichat\plexichat\src\plexichat\infrastructure\modules\contracts.py:368:17 - error: Expected expression
  f:\coding\plexichat\plexichat\src\plexichat\infrastructure\modules\contracts.py:406:1 - error: Unexpected indentation
  f:\coding\plexichat\plexichat\src\plexichat\infrastructure\modules\contracts.py:410:21 - error: Expected expression
  f:\coding\plexichat\plexichat\src\plexichat\infrastructure\modules\contracts.py:416:1 - error: Unexpected indentation
  f:\coding\plexichat\plexichat\src\plexichat\infrastructure\modules\contracts.py:420:21 - error: Expected expression
  f:\coding\plexichat\plexichat\src\plexichat\infrastructure\modules\contracts.py:441:1 - error: Unexpected indentation
  f:\coding\plexichat\plexichat\src\plexichat\infrastructure\modules\contracts.py:444:21 - error: Expected expression
  f:\coding\plexichat\plexichat\src\plexichat\infrastructure\modules\contracts.py:450:1 - error: Unexpected indentation
  f:\coding\plexichat\plexichat\src\plexichat\infrastructure\modules\contracts.py:453:29 - error: Expected expression
  f:\coding\plexichat\plexichat\src\plexichat\infrastructure\modules\contracts.py:456:1 - error: Unexpected indentation
  f:\coding\plexichat\plexichat\src\plexichat\infrastructure\modules\contracts.py:459:17 - error: Expected expression
  f:\coding\plexichat\plexichat\src\plexichat\infrastructure\modules\interfaces.py:33:8 - error: Statements must be separated by newlines or semicolons
  f:\coding\plexichat\plexichat\src\plexichat\infrastructure\modules\interfaces.py:33:8 - error: "Module" is not defined (reportUndefinedVariable)
  f:\coding\plexichat\plexichat\src\plexichat\infrastructure\modules\interfaces.py:33:15 - error: Statements must be separated by newlines or semicolons
  f:\coding\plexichat\plexichat\src\plexichat\infrastructure\modules\interfaces.py:33:15 - error: "capability" is not defined (reportUndefinedVariable)
  f:\coding\plexichat\plexichat\src\plexichat\infrastructure\modules\interfaces.py:33:26 - error: Statements must be separated by newlines or semicolons
  f:\coding\plexichat\plexichat\src\plexichat\infrastructure\modules\interfaces.py:33:31 - error: Expected attribute name after "."
  f:\coding\plexichat\plexichat\src\plexichat\infrastructure\modules\interfaces.py:79:23 - error: Statements must be separated by newlines or semicolons
  f:\coding\plexichat\plexichat\src\plexichat\infrastructure\modules\interfaces.py:79:23 - error: Expected expression
  f:\coding\plexichat\plexichat\src\plexichat\infrastructure\modules\interfaces.py:81:1 - error: Unexpected indentation
  f:\coding\plexichat\plexichat\src\plexichat\infrastructure\modules\interfaces.py:88:1 - error: Unindent not expected
  f:\coding\plexichat\plexichat\src\plexichat\infrastructure\modules\interfaces.py:90:1 - error: Unexpected indentation
  f:\coding\plexichat\plexichat\src\plexichat\infrastructure\modules\interfaces.py:115:12 - error: Statements must be separated by newlines or semicolons
  f:\coding\plexichat\plexichat\src\plexichat\infrastructure\modules\interfaces.py:115:12 - error: "Check" is not defined (reportUndefinedVariable)
  f:\coding\plexichat\plexichat\src\plexichat\infrastructure\modules\interfaces.py:115:21 - error: "module" is not defined (reportUndefinedVariable)
  f:\coding\plexichat\plexichat\src\plexichat\infrastructure\modules\interfaces.py:115:28 - error: Expected "else"
  f:\coding\plexichat\plexichat\src\plexichat\infrastructure\modules\interfaces.py:120:1 - error: Unexpected indentation
  f:\coding\plexichat\plexichat\src\plexichat\infrastructure\modules\interfaces.py:120:9 - error: "return" can be used only within a function
  f:\coding\plexichat\plexichat\src\plexichat\infrastructure\modules\interfaces.py:120:16 - error: "self" is not defined (reportUndefinedVariable)
  f:\coding\plexichat\plexichat\src\plexichat\infrastructure\modules\interfaces.py:120:37 - error: "self" is not defined (reportUndefinedVariable)
  f:\coding\plexichat\plexichat\src\plexichat\infrastructure\modules\interfaces.py:120:66 - error: "self" is not defined (reportUndefinedVariable)
  f:\coding\plexichat\plexichat\src\plexichat\infrastructure\modules\interfaces.py:136:12 - error: Statements must be separated by newlines or semicolons
  f:\coding\plexichat\plexichat\src\plexichat\infrastructure\modules\interfaces.py:136:19 - error: Statements must be separated by newlines or semicolons
  f:\coding\plexichat\plexichat\src\plexichat\infrastructure\modules\interfaces.py:136:26 - error: Statements must be separated by newlines or semicolons
  f:\coding\plexichat\plexichat\src\plexichat\infrastructure\modules\interfaces.py:136:34 - error: Expected attribute name after "."
  f:\coding\plexichat\plexichat\src\plexichat\infrastructure\modules\interfaces.py:142:1 - error: Unexpected indentation
  f:\coding\plexichat\plexichat\src\plexichat\infrastructure\modules\interfaces.py:162:8 - error: Statements must be separated by newlines or semicolons
  f:\coding\plexichat\plexichat\src\plexichat\infrastructure\modules\interfaces.py:162:15 - error: Statements must be separated by newlines or semicolons
  f:\coding\plexichat\plexichat\src\plexichat\infrastructure\modules\interfaces.py:162:25 - error: Statements must be separated by newlines or semicolons
  f:\coding\plexichat\plexichat\src\plexichat\infrastructure\modules\interfaces.py:162:34 - error: Expected attribute name after "."
  f:\coding\plexichat\plexichat\src\plexichat\infrastructure\modules\interfaces.py:165:1 - error: Unexpected indentation
  f:\coding\plexichat\plexichat\src\plexichat\infrastructure\modules\interfaces.py:172:12 - error: Statements must be separated by newlines or semicolons
  f:\coding\plexichat\plexichat\src\plexichat\infrastructure\modules\interfaces.py:172:17 - error: Statements must be separated by newlines or semicolons
  f:\coding\plexichat\plexichat\src\plexichat\infrastructure\modules\interfaces.py:172:21 - error: Statements must be separated by newlines or semicolons
  f:\coding\plexichat\plexichat\src\plexichat\infrastructure\modules\interfaces.py:172:36 - error: Statements must be separated by newlines or semicolons
  f:\coding\plexichat\plexichat\src\plexichat\infrastructure\modules\interfaces.py:172:54 - error: Expected attribute name after "."
  f:\coding\plexichat\plexichat\src\plexichat\infrastructure\modules\interfaces.py:184:12 - error: Statements must be separated by newlines or semicolons
  f:\coding\plexichat\plexichat\src\plexichat\infrastructure\modules\interfaces.py:184:21 - error: Statements must be separated by newlines or semicolons
  f:\coding\plexichat\plexichat\src\plexichat\infrastructure\modules\interfaces.py:184:25 - error: Statements must be separated by newlines or semicolons
  f:\coding\plexichat\plexichat\src\plexichat\infrastructure\modules\interfaces.py:184:40 - error: Statements must be separated by newlines or semicolons
  f:\coding\plexichat\plexichat\src\plexichat\infrastructure\modules\interfaces.py:184:58 - error: Expected attribute name after "."
  f:\coding\plexichat\plexichat\src\plexichat\infrastructure\modules\interfaces.py:196:12 - error: Statements must be separated by newlines or semicolons
  f:\coding\plexichat\plexichat\src\plexichat\infrastructure\modules\interfaces.py:196:16 - error: Statements must be separated by newlines or semicolons
  f:\coding\plexichat\plexichat\src\plexichat\infrastructure\modules\interfaces.py:196:30 - error: Statements must be separated by newlines or semicolons
  f:\coding\plexichat\plexichat\src\plexichat\infrastructure\modules\interfaces.py:196:37 - error: Statements must be separated by newlines or semicolons
  f:\coding\plexichat\plexichat\src\plexichat\infrastructure\modules\interfaces.py:196:51 - error: Expected attribute name after "."
  f:\coding\plexichat\plexichat\src\plexichat\infrastructure\modules\interfaces.py:200:57 - error: Expected "in"
  f:\coding\plexichat\plexichat\src\plexichat\infrastructure\modules\interfaces.py:200:57 - error: Expected expression
  f:\coding\plexichat\plexichat\src\plexichat\infrastructure\modules\interfaces.py:201:1 - error: Unexpected indentation
  f:\coding\plexichat\plexichat\src\plexichat\infrastructure\modules\interfaces.py:208:12 - error: Statements must be separated by newlines or semicolons
  f:\coding\plexichat\plexichat\src\plexichat\infrastructure\modules\interfaces.py:208:16 - error: Statements must be separated by newlines or semicolons
  f:\coding\plexichat\plexichat\src\plexichat\infrastructure\modules\interfaces.py:208:24 - error: Statements must be separated by newlines or semicolons
  f:\coding\plexichat\plexichat\src\plexichat\infrastructure\modules\interfaces.py:208:37 - error: Expected attribute name after "."
  f:\coding\plexichat\plexichat\src\plexichat\infrastructure\modules\interfaces.py:216:9 - error: Expected indented block
  f:\coding\plexichat\plexichat\src\plexichat\infrastructure\modules\interfaces.py:220:12 - error: Statements must be separated by newlines or semicolons
  f:\coding\plexichat\plexichat\src\plexichat\infrastructure\modules\interfaces.py:220:16 - error: Statements must be separated by newlines or semicolons
  f:\coding\plexichat\plexichat\src\plexichat\infrastructure\modules\interfaces.py:220:21 - error: Statements must be separated by newlines or semicolons
  f:\coding\plexichat\plexichat\src\plexichat\infrastructure\modules\interfaces.py:220:24 - error: Statements must be separated by newlines or semicolons
  f:\coding\plexichat\plexichat\src\plexichat\infrastructure\modules\interfaces.py:220:34 - error: Statements must be separated by newlines or semicolons
  f:\coding\plexichat\plexichat\src\plexichat\infrastructure\modules\interfaces.py:220:38 - error: Statements must be separated by newlines or semicolons
  f:\coding\plexichat\plexichat\src\plexichat\infrastructure\modules\interfaces.py:220:45 - error: Expected attribute name after "."
  f:\coding\plexichat\plexichat\src\plexichat\infrastructure\modules\interfaces.py:232:12 - error: Statements must be separated by newlines or semicolons
  f:\coding\plexichat\plexichat\src\plexichat\infrastructure\modules\interfaces.py:232:17 - error: Statements must be separated by newlines or semicolons
  f:\coding\plexichat\plexichat\src\plexichat\infrastructure\modules\interfaces.py:232:23 - error: Statements must be separated by newlines or semicolons
  f:\coding\plexichat\plexichat\src\plexichat\infrastructure\modules\interfaces.py:232:26 - error: Statements must be separated by newlines or semicolons
  f:\coding\plexichat\plexichat\src\plexichat\infrastructure\modules\interfaces.py:232:32 - error: Statements must be separated by newlines or semicolons
  f:\coding\plexichat\plexichat\src\plexichat\infrastructure\modules\interfaces.py:232:39 - error: Expected attribute name after "."
  f:\coding\plexichat\plexichat\src\plexichat\infrastructure\modules\interfaces.py:240:9 - error: Expected indented block
  f:\coding\plexichat\plexichat\src\plexichat\infrastructure\modules\interfaces.py:244:12 - error: Statements must be separated by newlines or semicolons
  f:\coding\plexichat\plexichat\src\plexichat\infrastructure\modules\interfaces.py:244:32 - error: Expected "else"
  f:\coding\plexichat\plexichat\src\plexichat\infrastructure\modules\interfaces.py:258:10 - error: Statements must be separated by newlines or semicolons
  f:\coding\plexichat\plexichat\src\plexichat\infrastructure\modules\interfaces.py:258:17 - error: Statements must be separated by newlines or semicolons
  f:\coding\plexichat\plexichat\src\plexichat\infrastructure\modules\interfaces.py:258:36 - error: Expected ":"
  f:\coding\plexichat\plexichat\src\plexichat\infrastructure\modules\interfaces.py:260:9 - error: Statements must be separated by newlines or semicolons
  f:\coding\plexichat\plexichat\src\plexichat\infrastructure\modules\interfaces.py:260:17 - error: Statements must be separated by newlines or semicolons
  f:\coding\plexichat\plexichat\src\plexichat\infrastructure\modules\interfaces.py:260:22 - error: Statements must be separated by newlines or semicolons
  f:\coding\plexichat\plexichat\src\plexichat\infrastructure\modules\interfaces.py:260:30 - error: Statements must be separated by newlines or semicolons
  f:\coding\plexichat\plexichat\src\plexichat\infrastructure\modules\interfaces.py:260:40 - error: Expected "import"
  f:\coding\plexichat\plexichat\src\plexichat\infrastructure\modules\interfaces.py:260:40 - error: Statements must be separated by newlines or semicolons
  f:\coding\plexichat\plexichat\src\plexichat\infrastructure\modules\interfaces.py:260:49 - error: Expected ":"
  f:\coding\plexichat\plexichat\src\plexichat\infrastructure\modules\interfaces.py:261:16 - error: Statements must be separated by newlines or semicolons
  f:\coding\plexichat\plexichat\src\plexichat\infrastructure\modules\interfaces.py:261:39 - error: Statements must be separated by newlines or semicolons
  f:\coding\plexichat\plexichat\src\plexichat\infrastructure\modules\interfaces.py:261:49 - error: Expected attribute name after "."
  f:\coding\plexichat\plexichat\src\plexichat\infrastructure\modules\interfaces.py:289:12 - error: Statements must be separated by newlines or semicolons
  f:\coding\plexichat\plexichat\src\plexichat\infrastructure\modules\interfaces.py:289:23 - error: Statements must be separated by newlines or semicolons
  f:\coding\plexichat\plexichat\src\plexichat\infrastructure\modules\interfaces.py:289:27 - error: Statements must be separated by newlines or semicolons
  f:\coding\plexichat\plexichat\src\plexichat\infrastructure\modules\interfaces.py:289:33 - error: Expected attribute name after "."
  f:\coding\plexichat\plexichat\src\plexichat\infrastructure\modules\interfaces.py:297:13 - error: Statements must be separated by newlines or semicolons
  f:\coding\plexichat\plexichat\src\plexichat\infrastructure\modules\interfaces.py:297:22 - error: Statements must be separated by newlines or semicolons
  f:\coding\plexichat\plexichat\src\plexichat\infrastructure\modules\interfaces.py:297:33 - error: Expected attribute name after "."
  f:\coding\plexichat\plexichat\src\plexichat\infrastructure\modules\interfaces.py:366:18 - error: Statements must be separated by newlines or semicolons
  f:\coding\plexichat\plexichat\src\plexichat\infrastructure\modules\interfaces.py:366:22 - error: Statements must be separated by newlines or semicolons
  f:\coding\plexichat\plexichat\src\plexichat\infrastructure\modules\interfaces.py:366:28 - error: Expected attribute name after "."
  f:\coding\plexichat\plexichat\src\plexichat\infrastructure\modules\interfaces.py:477:12 - error: Statements must be separated by newlines or semicolons
  f:\coding\plexichat\plexichat\src\plexichat\infrastructure\modules\interfaces.py:477:21 - error: Statements must be separated by newlines or semicolons
  f:\coding\plexichat\plexichat\src\plexichat\infrastructure\modules\interfaces.py:477:32 - error: Expected "in"
  f:\coding\plexichat\plexichat\src\plexichat\infrastructure\modules\interfaces.py:481:44 - error: Expected expression
  f:\coding\plexichat\plexichat\src\plexichat\infrastructure\modules\interfaces.py:490:12 - error: Statements must be separated by newlines or semicolons
  f:\coding\plexichat\plexichat\src\plexichat\infrastructure\modules\interfaces.py:490:38 - error: Expected attribute name after "."
  f:\coding\plexichat\plexichat\src\plexichat\infrastructure\modules\interfaces.py:494:28 - error: Expected "else"
  f:\coding\plexichat\plexichat\src\plexichat\infrastructure\services\advanced_messaging_service.py:35:5 - error: "CACHE_AVAILABLE" is constant (because it is uppercase) and cannot be redefined (reportConstantRedefinition)
  f:\coding\plexichat\plexichat\src\plexichat\infrastructure\services\advanced_recovery_system.py:26:10 - error: "logging" is not defined (reportUndefinedVariable)
  f:\coding\plexichat\plexichat\src\plexichat\infrastructure\services\ai_features_integration.py:33:8 - error: Statements must be separated by newlines or semicolons
  f:\coding\plexichat\plexichat\src\plexichat\infrastructure\services\ai_features_integration.py:33:8 - error: "Integration" is not defined (reportUndefinedVariable)
  f:\coding\plexichat\plexichat\src\plexichat\infrastructure\services\ai_features_integration.py:33:20 - error: Statements must be separated by newlines or semicolons
  f:\coding\plexichat\plexichat\src\plexichat\infrastructure\services\ai_features_integration.py:33:20 - error: "service" is not defined (reportUndefinedVariable)
  f:\coding\plexichat\plexichat\src\plexichat\infrastructure\services\ai_features_integration.py:33:28 - error: Statements must be separated by newlines or semicolons
  f:\coding\plexichat\plexichat\src\plexichat\infrastructure\services\ai_features_integration.py:33:32 - error: Expression cannot be assignment target (reportGeneralTypeIssues)
  f:\coding\plexichat\plexichat\src\plexichat\infrastructure\services\ai_features_integration.py:33:32 - error: "AI" is not defined (reportUndefinedVariable)
  f:\coding\plexichat\plexichat\src\plexichat\infrastructure\services\ai_features_integration.py:33:35 - error: "powered" is not defined (reportUndefinedVariable)
  f:\coding\plexichat\plexichat\src\plexichat\infrastructure\services\ai_features_integration.py:33:43 - error: Expected "in"
  f:\coding\plexichat\plexichat\src\plexichat\infrastructure\services\ai_features_integration.py:147:1 - error: Unexpected indentation
  f:\coding\plexichat\plexichat\src\plexichat\infrastructure\services\ai_features_integration.py:147:9 - error: "return" can be used only within a function
  f:\coding\plexichat\plexichat\src\plexichat\infrastructure\services\ai_features_integration.py:147:16 - error: "self" is not defined (reportUndefinedVariable)
  f:\coding\plexichat\plexichat\src\plexichat\infrastructure\services\ai_features_integration.py:149:5 - error: Unindent not expected
  f:\coding\plexichat\plexichat\src\plexichat\infrastructure\services\ai_features_integration.py:151:9 - error: Try statement must have at least one except or finally clause
  f:\coding\plexichat\plexichat\src\plexichat\infrastructure\services\ai_features_integration.py:160:1 - error: Unexpected indentation
  f:\coding\plexichat\plexichat\src\plexichat\infrastructure\services\ai_features_integration.py:162:30 - error: "{" was not closed
  f:\coding\plexichat\plexichat\src\plexichat\infrastructure\services\ai_features_integration.py:164:33 - error: "(" was not closed
  f:\coding\plexichat\plexichat\src\plexichat\infrastructure\services\ai_features_integration.py:164:34 - error: Expected expression
  f:\coding\plexichat\plexichat\src\plexichat\infrastructure\services\ai_features_integration.py:166:1 - error: Unexpected indentation
  f:\coding\plexichat\plexichat\src\plexichat\infrastructure\services\ai_features_integration.py:171:18 - error: Statements must be separated by newlines or semicolons
  f:\coding\plexichat\plexichat\src\plexichat\infrastructure\services\ai_features_integration.py:171:18 - error: Expected expression
  f:\coding\plexichat\plexichat\src\plexichat\infrastructure\services\ai_features_integration.py:176:18 - error: Statements must be separated by newlines or semicolons
  f:\coding\plexichat\plexichat\src\plexichat\infrastructure\services\ai_features_integration.py:176:18 - error: Expected expression
  f:\coding\plexichat\plexichat\src\plexichat\infrastructure\services\ai_features_integration.py:181:18 - error: Statements must be separated by newlines or semicolons
  f:\coding\plexichat\plexichat\src\plexichat\infrastructure\services\ai_features_integration.py:181:18 - error: Expected expression
  f:\coding\plexichat\plexichat\src\plexichat\infrastructure\services\ai_features_integration.py:186:18 - error: Statements must be separated by newlines or semicolons
  f:\coding\plexichat\plexichat\src\plexichat\infrastructure\services\ai_features_integration.py:186:18 - error: Expected expression
  f:\coding\plexichat\plexichat\src\plexichat\infrastructure\services\ai_features_integration.py:192:13 - error: Unindent not expected
  f:\coding\plexichat\plexichat\src\plexichat\infrastructure\services\ai_features_integration.py:192:13 - error: Expected expression
  f:\coding\plexichat\plexichat\src\plexichat\infrastructure\services\ai_features_integration.py:198:13 - error: "return" can be used only within a function
  f:\coding\plexichat\plexichat\src\plexichat\infrastructure\services\ai_features_integration.py:200:9 - error: Unindent not expected
  f:\coding\plexichat\plexichat\src\plexichat\infrastructure\services\ai_features_integration.py:200:9 - error: Expected expression
  f:\coding\plexichat\plexichat\src\plexichat\infrastructure\services\ai_features_integration.py:201:1 - error: Unexpected indentation
  f:\coding\plexichat\plexichat\src\plexichat\infrastructure\services\ai_features_integration.py:204:5 - error: Unindent not expected
  f:\coding\plexichat\plexichat\src\plexichat\infrastructure\services\ai_features_integration.py:233:1 - error: Unexpected indentation
  f:\coding\plexichat\plexichat\src\plexichat\infrastructure\services\ai_features_integration.py:236:21 - error: Expected expression
  f:\coding\plexichat\plexichat\src\plexichat\infrastructure\services\ai_features_integration.py:243:5 - error: Unindent amount does not match previous indent
  f:\coding\plexichat\plexichat\src\plexichat\infrastructure\services\ai_features_integration.py:259:5 - error: Unindent amount does not match previous indent
  f:\coding\plexichat\plexichat\src\plexichat\infrastructure\services\ai_features_integration.py:276:5 - error: Unindent amount does not match previous indent
  f:\coding\plexichat\plexichat\src\plexichat\infrastructure\services\ai_features_integration.py:289:5 - error: Unindent amount does not match previous indent
  f:\coding\plexichat\plexichat\src\plexichat\infrastructure\services\ai_features_integration.py:302:5 - error: Unindent amount does not match previous indent
  f:\coding\plexichat\plexichat\src\plexichat\infrastructure\services\ai_features_integration.py:312:1 - error: Unexpected indentation
  f:\coding\plexichat\plexichat\src\plexichat\infrastructure\services\ai_features_integration.py:315:13 - error: Expected expression
  f:\coding\plexichat\plexichat\src\plexichat\infrastructure\services\ai_features_integration.py:322:5 - error: Unindent amount does not match previous indent
  f:\coding\plexichat\plexichat\src\plexichat\infrastructure\services\ai_features_integration.py:367:8 - error: Statements must be separated by newlines or semicolons
  f:\coding\plexichat\plexichat\src\plexichat\infrastructure\services\ai_features_integration.py:367:19 - error: Statements must be separated by newlines or semicolons
  f:\coding\plexichat\plexichat\src\plexichat\infrastructure\services\ai_features_integration.py:367:23 - error: Statements must be separated by newlines or semicolons
  f:\coding\plexichat\plexichat\src\plexichat\infrastructure\services\ai_features_integration.py:367:32 - error: Statements must be separated by newlines or semicolons
  f:\coding\plexichat\plexichat\src\plexichat\infrastructure\services\ai_features_integration.py:367:41 - error: Statements must be separated by newlines or semicolons
  f:\coding\plexichat\plexichat\src\plexichat\infrastructure\services\ai_features_integration.py:367:50 - error: Statements must be separated by newlines or semicolons
  f:\coding\plexichat\plexichat\src\plexichat\infrastructure\services\ai_features_integration.py:367:61 - error: Expected attribute name after "."
  f:\coding\plexichat\plexichat\src\plexichat\infrastructure\services\ai_features_integration.py:380:25 - error: Expected expression
  f:\coding\plexichat\plexichat\src\plexichat\infrastructure\services\ai_features_integration.py:398:29 - error: Expected expression
  f:\coding\plexichat\plexichat\src\plexichat\infrastructure\services\background_tasks.py:387:26 - error: Cannot access attribute "get" for class "UnifiedConfig"
  f:\coding\plexichat\plexichat\src\plexichat\infrastructure\services\background_tasks.py:387:54 - error: "get" is not a known attribute of "None" (reportOptionalMemberAccess)
  f:\coding\plexichat\plexichat\src\plexichat\infrastructure\services\calling_service.py:1373:57 - error: "get" is not a known attribute of "None" (reportOptionalMemberAccess)
  f:\coding\plexichat\plexichat\src\plexichat\infrastructure\services\calling_service.py:1373:90 - error: "get" is not a known attribute of "None" (reportOptionalMemberAccess)
  f:\coding\plexichat\plexichat\src\plexichat\infrastructure\services\calling_service.py:1402:49 - error: "get" is not a known attribute of "None" (reportOptionalMemberAccess)
  f:\coding\plexichat\plexichat\src\plexichat\infrastructure\services\calling_service.py:1402:82 - error: "get" is not a known attribute of "None" (reportOptionalMemberAccess)
  f:\coding\plexichat\plexichat\src\plexichat\infrastructure\services\client_settings_service.py:29:76 - error: "get_rate_limiter" is unknown import symbol (reportAttributeAccessIssue)
  f:\coding\plexichat\plexichat\src\plexichat\infrastructure\services\client_settings_service.py:47:5 - error: "CRYPTO_AVAILABLE" is constant (because it is uppercase) and cannot be redefined (reportConstantRedefinition)
  f:\coding\plexichat\plexichat\src\plexichat\infrastructure\services\client_settings_service.py:161:30 - error: Operator "+" not supported for types "Buffer" and "bytes"
  f:\coding\plexichat\plexichat\src\plexichat\infrastructure\services\client_settings_service.py:239:24 - error: Object of type "None" cannot be called (reportOptionalCall)
  f:\coding\plexichat\plexichat\src\plexichat\infrastructure\services\client_settings_service.py:259:39 - error: Variable not allowed in type expression (reportInvalidTypeForm)
  f:\coding\plexichat\plexichat\src\plexichat\infrastructure\services\client_settings_service.py:259:69 - error: "AUTHENTICATED" is not a known attribute of "None" (reportOptionalMemberAccess)
  f:\coding\plexichat\plexichat\src\plexichat\infrastructure\services\client_settings_service.py:525:57 - error: Variable not allowed in type expression (reportInvalidTypeForm)
  f:\coding\plexichat\plexichat\src\plexichat\infrastructure\services\client_settings_service.py:529:66 - error: "ADMIN" is not a known attribute of "None" (reportOptionalMemberAccess)
  f:\coding\plexichat\plexichat\src\plexichat\infrastructure\services\client_settings_service.py:530:66 - error: "SYSTEM" is not a known attribute of "None" (reportOptionalMemberAccess)
  f:\coding\plexichat\plexichat\src\plexichat\infrastructure\services\client_settings_service.py:533:64 - error: Variable not allowed in type expression (reportInvalidTypeForm)
  f:\coding\plexichat\plexichat\src\plexichat\infrastructure\services\client_settings_service.py:596:28 - error: Object of type "None" cannot be called (reportOptionalCall)
  f:\coding\plexichat\plexichat\src\plexichat\infrastructure\services\client_settings_service.py:629:38 - error: "AUTHENTICATED" is not a known attribute of "None" (reportOptionalMemberAccess)
  f:\coding\plexichat\plexichat\src\plexichat\infrastructure\services\client_settings_service.py:634:59 - error: Variable not allowed in type expression (reportInvalidTypeForm)
  f:\coding\plexichat\plexichat\src\plexichat\infrastructure\services\client_settings_service.py:647:24 - error: Object of type "None" cannot be called (reportOptionalCall)
  f:\coding\plexichat\plexichat\src\plexichat\infrastructure\services\client_settings_service.py:693:38 - error: "AUTHENTICATED" is not a known attribute of "None" (reportOptionalMemberAccess)
  f:\coding\plexichat\plexichat\src\plexichat\infrastructure\services\client_settings_service.py:699:53 - error: Variable not allowed in type expression (reportInvalidTypeForm)
  f:\coding\plexichat\plexichat\src\plexichat\infrastructure\services\client_settings_service.py:713:24 - error: Object of type "None" cannot be called (reportOptionalCall)
  f:\coding\plexichat\plexichat\src\plexichat\infrastructure\services\client_settings_service.py:724:82 - error: Expected mapping for dictionary unpack operator (reportGeneralTypeIssues)
  f:\coding\plexichat\plexichat\src\plexichat\infrastructure\services\client_settings_service.py:763:38 - error: "AUTHENTICATED" is not a known attribute of "None" (reportOptionalMemberAccess)
  f:\coding\plexichat\plexichat\src\plexichat\infrastructure\services\client_settings_service.py:771:53 - error: Variable not allowed in type expression (reportInvalidTypeForm)
  f:\coding\plexichat\plexichat\src\plexichat\infrastructure\services\client_settings_service.py:799:24 - error: Object of type "None" cannot be called (reportOptionalCall)
  f:\coding\plexichat\plexichat\src\plexichat\infrastructure\services\client_settings_service.py:879:38 - error: "AUTHENTICATED" is not a known attribute of "None" (reportOptionalMemberAccess)
  f:\coding\plexichat\plexichat\src\plexichat\infrastructure\services\client_settings_service.py:885:56 - error: Variable not allowed in type expression (reportInvalidTypeForm)
  f:\coding\plexichat\plexichat\src\plexichat\infrastructure\services\client_settings_service.py:899:24 - error: Object of type "None" cannot be called (reportOptionalCall)
  f:\coding\plexichat\plexichat\src\plexichat\infrastructure\services\client_settings_service.py:921:82 - error: Expected mapping for dictionary unpack operator (reportGeneralTypeIssues)
  f:\coding\plexichat\plexichat\src\plexichat\infrastructure\services\client_settings_service.py:926:82 - error: Expected mapping for dictionary unpack operator (reportGeneralTypeIssues)
  f:\coding\plexichat\plexichat\src\plexichat\infrastructure\services\client_settings_service.py:936:38 - error: "AUTHENTICATED" is not a known attribute of "None" (reportOptionalMemberAccess)
  f:\coding\plexichat\plexichat\src\plexichat\infrastructure\services\client_settings_service.py:942:62 - error: Variable not allowed in type expression (reportInvalidTypeForm)
  f:\coding\plexichat\plexichat\src\plexichat\infrastructure\services\client_settings_service.py:966:24 - error: Object of type "None" cannot be called (reportOptionalCall)
  f:\coding\plexichat\plexichat\src\plexichat\infrastructure\services\client_settings_service.py:1056:64 - error: Expected mapping for dictionary unpack operator (reportGeneralTypeIssues)
  f:\coding\plexichat\plexichat\src\plexichat\infrastructure\services\client_settings_service.py:1069:55 - error: Variable not allowed in type expression (reportInvalidTypeForm)
  f:\coding\plexichat\plexichat\src\plexichat\infrastructure\services\client_settings_service.py:1081:24 - error: Object of type "None" cannot be called (reportOptionalCall)
  f:\coding\plexichat\plexichat\src\plexichat\infrastructure\services\client_settings_service.py:1127:56 - error: Variable not allowed in type expression (reportInvalidTypeForm)
  f:\coding\plexichat\plexichat\src\plexichat\infrastructure\services\client_settings_service.py:1136:24 - error: Object of type "None" cannot be called (reportOptionalCall)
  f:\coding\plexichat\plexichat\src\plexichat\infrastructure\services\client_settings_service.py:1176:65 - error: Variable not allowed in type expression (reportInvalidTypeForm)
  f:\coding\plexichat\plexichat\src\plexichat\infrastructure\services\client_settings_service.py:1193:24 - error: Object of type "None" cannot be called (reportOptionalCall)
  f:\coding\plexichat\plexichat\src\plexichat\infrastructure\services\client_settings_service.py:1219:64 - error: Expected mapping for dictionary unpack operator (reportGeneralTypeIssues)
  f:\coding\plexichat\plexichat\src\plexichat\infrastructure\services\client_settings_service.py:1231:60 - error: Variable not allowed in type expression (reportInvalidTypeForm)
  f:\coding\plexichat\plexichat\src\plexichat\infrastructure\services\client_settings_service.py:1256:28 - error: Object of type "None" cannot be called (reportOptionalCall)
  f:\coding\plexichat\plexichat\src\plexichat\infrastructure\services\client_settings_service.py:1382:24 - error: Object of type "None" cannot be called (reportOptionalCall)
  f:\coding\plexichat\plexichat\src\plexichat\infrastructure\services\client_settings_service.py:1414:55 - error: Variable not allowed in type expression (reportInvalidTypeForm)
  f:\coding\plexichat\plexichat\src\plexichat\infrastructure\services\client_settings_service.py:1423:49 - error: Variable not allowed in type expression (reportInvalidTypeForm)
  f:\coding\plexichat\plexichat\src\plexichat\infrastructure\services\client_settings_service.py:1434:49 - error: Variable not allowed in type expression (reportInvalidTypeForm)
  f:\coding\plexichat\plexichat\src\plexichat\infrastructure\services\client_settings_service.py:1444:52 - error: Variable not allowed in type expression (reportInvalidTypeForm)
  f:\coding\plexichat\plexichat\src\plexichat\infrastructure\services\client_settings_service.py:1453:58 - error: Variable not allowed in type expression (reportInvalidTypeForm)
  f:\coding\plexichat\plexichat\src\plexichat\infrastructure\services\client_settings_service.py:1462:52 - error: Variable not allowed in type expression (reportInvalidTypeForm)
  f:\coding\plexichat\plexichat\src\plexichat\infrastructure\services\client_settings_service.py:1470:53 - error: Variable not allowed in type expression (reportInvalidTypeForm)
  f:\coding\plexichat\plexichat\src\plexichat\infrastructure\services\client_settings_service.py:1477:62 - error: Variable not allowed in type expression (reportInvalidTypeForm)
  f:\coding\plexichat\plexichat\src\plexichat\infrastructure\services\client_settings_service.py:1483:58 - error: Variable not allowed in type expression (reportInvalidTypeForm)
  f:\coding\plexichat\plexichat\src\plexichat\infrastructure\services\communication_service.py:278:37 - error: "None" is not awaitable
  f:\coding\plexichat\plexichat\src\plexichat\infrastructure\services\communication_service.py:291:26 - error: "ServiceState" is not defined (reportUndefinedVariable)
  f:\coding\plexichat\plexichat\src\plexichat\infrastructure\services\communication_service.py:697:29 - error: "ServiceState" is not defined (reportUndefinedVariable)
  f:\coding\plexichat\plexichat\src\plexichat\infrastructure\services\communication_service.py:737:29 - error: "ServiceState" is not defined (reportUndefinedVariable)
  f:\coding\plexichat\plexichat\src\plexichat\infrastructure\services\etl_pipeline_service.py:556:36 - error: "Never" is not awaitable (reportGeneralTypeIssues)
  f:\coding\plexichat\plexichat\src\plexichat\infrastructure\services\etl_pipeline_service.py:565:32 - error: "Never" is not awaitable (reportGeneralTypeIssues)
  f:\coding\plexichat\plexichat\src\plexichat\infrastructure\services\missing_modules.py:168:24 - error: Object of type "None" cannot be used as iterable value (reportOptionalIterable)
  f:\coding\plexichat\plexichat\src\plexichat\infrastructure\services\missing_modules.py:183:45 - error: "initialize" is not a known attribute of "None" (reportOptionalMemberAccess)
  f:\coding\plexichat\plexichat\src\plexichat\infrastructure\services\missing_modules.py:213:45 - error: "cleanup" is not a known attribute of "None" (reportOptionalMemberAccess)
  f:\coding\plexichat\plexichat\src\plexichat\infrastructure\services\modules\metrics_service.py:360:52 - error: "timedelta" is not defined (reportUndefinedVariable)
  f:\coding\plexichat\plexichat\src\plexichat\infrastructure\services\modules\metrics_service.py:380:52 - error: "timedelta" is not defined (reportUndefinedVariable)
  f:\coding\plexichat\plexichat\src\plexichat\infrastructure\services\p2p_messaging.py:243:64 - error: "append" is not a known attribute of "None" (reportOptionalMemberAccess)
  f:\coding\plexichat\plexichat\src\plexichat\infrastructure\services\performance_service.py:47:8 - error: Statements must be separated by newlines or semicolons
  f:\coding\plexichat\plexichat\src\plexichat\infrastructure\services\performance_service.py:47:8 - error: "System" is not defined (reportUndefinedVariable)
  f:\coding\plexichat\plexichat\src\plexichat\infrastructure\services\performance_service.py:47:15 - error: "level" is not defined (reportUndefinedVariable)
  f:\coding\plexichat\plexichat\src\plexichat\infrastructure\services\performance_service.py:47:21 - error: Statements must be separated by newlines or semicolons
  f:\coding\plexichat\plexichat\src\plexichat\infrastructure\services\performance_service.py:47:21 - error: "performance" is not defined (reportUndefinedVariable)
  f:\coding\plexichat\plexichat\src\plexichat\infrastructure\services\performance_service.py:47:33 - error: Statements must be separated by newlines or semicolons
  f:\coding\plexichat\plexichat\src\plexichat\infrastructure\services\performance_service.py:47:40 - error: Expected attribute name after "."
  f:\coding\plexichat\plexichat\src\plexichat\infrastructure\services\performance_service.py:61:1 - error: Unexpected indentation
  f:\coding\plexichat\plexichat\src\plexichat\infrastructure\services\performance_service.py:62:5 - error: Unindent not expected
  f:\coding\plexichat\plexichat\src\plexichat\infrastructure\services\performance_service.py:63:1 - error: Unexpected indentation
  f:\coding\plexichat\plexichat\src\plexichat\infrastructure\services\performance_service.py:72:1 - error: Unindent not expected
  f:\coding\plexichat\plexichat\src\plexichat\infrastructure\services\performance_service.py:87:8 - error: Statements must be separated by newlines or semicolons
  f:\coding\plexichat\plexichat\src\plexichat\infrastructure\services\performance_service.py:87:8 - error: "Cluster" is not defined (reportUndefinedVariable)
  f:\coding\plexichat\plexichat\src\plexichat\infrastructure\services\performance_service.py:87:16 - error: Statements must be separated by newlines or semicolons
  f:\coding\plexichat\plexichat\src\plexichat\infrastructure\services\performance_service.py:87:16 - error: "performance" is not defined (reportUndefinedVariable)
  f:\coding\plexichat\plexichat\src\plexichat\infrastructure\services\performance_service.py:87:28 - error: Statements must be separated by newlines or semicolons
  f:\coding\plexichat\plexichat\src\plexichat\infrastructure\services\performance_service.py:87:35 - error: Expected attribute name after "."
  f:\coding\plexichat\plexichat\src\plexichat\infrastructure\services\performance_service.py:101:1 - error: Unexpected indentation
  f:\coding\plexichat\plexichat\src\plexichat\infrastructure\services\performance_service.py:123:12 - error: Statements must be separated by newlines or semicolons
  f:\coding\plexichat\plexichat\src\plexichat\infrastructure\services\performance_service.py:123:12 - error: "Add" is not defined (reportUndefinedVariable)
  f:\coding\plexichat\plexichat\src\plexichat\infrastructure\services\performance_service.py:123:16 - error: Statements must be separated by newlines or semicolons
  f:\coding\plexichat\plexichat\src\plexichat\infrastructure\services\performance_service.py:123:16 - error: "system" is not defined (reportUndefinedVariable)
  f:\coding\plexichat\plexichat\src\plexichat\infrastructure\services\performance_service.py:123:23 - error: Statements must be separated by newlines or semicolons
  f:\coding\plexichat\plexichat\src\plexichat\infrastructure\services\performance_service.py:123:30 - error: Expected attribute name after "."
  f:\coding\plexichat\plexichat\src\plexichat\infrastructure\services\performance_service.py:129:1 - error: Unexpected indentation
  f:\coding\plexichat\plexichat\src\plexichat\infrastructure\services\performance_service.py:129:14 - error: "self" is not defined (reportUndefinedVariable)
  f:\coding\plexichat\plexichat\src\plexichat\infrastructure\services\performance_service.py:130:13 - error: "self" is not defined (reportUndefinedVariable)
  f:\coding\plexichat\plexichat\src\plexichat\infrastructure\services\performance_service.py:130:37 - error: "metrics" is not defined (reportUndefinedVariable)
  f:\coding\plexichat\plexichat\src\plexichat\infrastructure\services\performance_service.py:138:12 - error: Statements must be separated by newlines or semicolons
  f:\coding\plexichat\plexichat\src\plexichat\infrastructure\services\performance_service.py:138:12 - error: "Add" is not defined (reportUndefinedVariable)
  f:\coding\plexichat\plexichat\src\plexichat\infrastructure\services\performance_service.py:138:16 - error: Statements must be separated by newlines or semicolons
  f:\coding\plexichat\plexichat\src\plexichat\infrastructure\services\performance_service.py:138:16 - error: "cluster" is not defined (reportUndefinedVariable)
  f:\coding\plexichat\plexichat\src\plexichat\infrastructure\services\performance_service.py:138:24 - error: Statements must be separated by newlines or semicolons
  f:\coding\plexichat\plexichat\src\plexichat\infrastructure\services\performance_service.py:138:31 - error: Expected attribute name after "."
  f:\coding\plexichat\plexichat\src\plexichat\infrastructure\services\performance_service.py:160:20 - error: "{" was not closed
  f:\coding\plexichat\plexichat\src\plexichat\infrastructure\services\performance_service.py:162:21 - error: Statements must be separated by newlines or semicolons
  f:\coding\plexichat\plexichat\src\plexichat\infrastructure\services\performance_service.py:163:17 - error: Statements must be separated by newlines or semicolons
  f:\coding\plexichat\plexichat\src\plexichat\infrastructure\services\performance_service.py:163:17 - error: Expected expression
  f:\coding\plexichat\plexichat\src\plexichat\infrastructure\services\performance_service.py:164:1 - error: Unexpected indentation
  f:\coding\plexichat\plexichat\src\plexichat\infrastructure\services\performance_service.py:165:1 - error: Unexpected indentation
  f:\coding\plexichat\plexichat\src\plexichat\infrastructure\services\performance_service.py:166:17 - error: Expected expression
  f:\coding\plexichat\plexichat\src\plexichat\infrastructure\services\performance_service.py:167:86 - error: Statements must be separated by newlines or semicolons
  f:\coding\plexichat\plexichat\src\plexichat\infrastructure\services\performance_service.py:167:86 - error: Expected expression
  f:\coding\plexichat\plexichat\src\plexichat\infrastructure\services\performance_service.py:169:1 - error: Unexpected indentation
  f:\coding\plexichat\plexichat\src\plexichat\infrastructure\services\performance_service.py:170:17 - error: Expected expression
  f:\coding\plexichat\plexichat\src\plexichat\infrastructure\services\performance_service.py:171:80 - error: Statements must be separated by newlines or semicolons
  f:\coding\plexichat\plexichat\src\plexichat\infrastructure\services\performance_service.py:171:80 - error: Expected expression
  f:\coding\plexichat\plexichat\src\plexichat\infrastructure\services\performance_service.py:175:18 - error: Statements must be separated by newlines or semicolons
  f:\coding\plexichat\plexichat\src\plexichat\infrastructure\services\performance_service.py:175:18 - error: Expected expression
  f:\coding\plexichat\plexichat\src\plexichat\infrastructure\services\performance_service.py:176:13 - error: Expected expression
  f:\coding\plexichat\plexichat\src\plexichat\infrastructure\services\performance_service.py:207:13 - error: Expected expression
  f:\coding\plexichat\plexichat\src\plexichat\infrastructure\services\performance_service.py:212:1 - error: Unexpected indentation
  f:\coding\plexichat\plexichat\src\plexichat\infrastructure\services\performance_service.py:213:9 - error: Expected indented block
  f:\coding\plexichat\plexichat\src\plexichat\infrastructure\services\performance_service.py:213:9 - error: Zero-argument form of "super" call is valid only within a method (reportGeneralTypeIssues)
  f:\coding\plexichat\plexichat\src\plexichat\infrastructure\services\performance_service.py:214:9 - error: "self" is not defined (reportUndefinedVariable)
  f:\coding\plexichat\plexichat\src\plexichat\infrastructure\services\performance_service.py:215:9 - error: "self" is not defined (reportUndefinedVariable)
  f:\coding\plexichat\plexichat\src\plexichat\infrastructure\services\performance_service.py:216:9 - error: "self" is not defined (reportUndefinedVariable)
  f:\coding\plexichat\plexichat\src\plexichat\infrastructure\services\performance_service.py:219:9 - error: "self" is not defined (reportUndefinedVariable)
  f:\coding\plexichat\plexichat\src\plexichat\infrastructure\services\performance_service.py:219:36 - error: "self" is not defined (reportUndefinedVariable)
  f:\coding\plexichat\plexichat\src\plexichat\infrastructure\services\performance_service.py:220:1 - error: Unexpected indentation
  f:\coding\plexichat\plexichat\src\plexichat\infrastructure\services\performance_service.py:221:9 - error: Expected expression
  f:\coding\plexichat\plexichat\src\plexichat\infrastructure\services\performance_service.py:222:9 - error: "self" is not defined (reportUndefinedVariable)
  f:\coding\plexichat\plexichat\src\plexichat\infrastructure\services\performance_service.py:222:33 - error: "self" is not defined (reportUndefinedVariable)
  f:\coding\plexichat\plexichat\src\plexichat\infrastructure\services\performance_service.py:223:9 - error: "self" is not defined (reportUndefinedVariable)
  f:\coding\plexichat\plexichat\src\plexichat\infrastructure\services\performance_service.py:223:34 - error: "self" is not defined (reportUndefinedVariable)
  f:\coding\plexichat\plexichat\src\plexichat\infrastructure\services\performance_service.py:226:9 - error: "self" is not defined (reportUndefinedVariable)
  f:\coding\plexichat\plexichat\src\plexichat\infrastructure\services\performance_service.py:227:9 - error: "self" is not defined (reportUndefinedVariable)
  f:\coding\plexichat\plexichat\src\plexichat\infrastructure\services\performance_service.py:227:32 - error: Type annotation not supported for this statement (reportInvalidTypeForm)
  f:\coding\plexichat\plexichat\src\plexichat\infrastructure\services\performance_service.py:228:9 - error: "self" is not defined (reportUndefinedVariable)
  f:\coding\plexichat\plexichat\src\plexichat\infrastructure\services\performance_service.py:228:31 - error: Type annotation not supported for this statement (reportInvalidTypeForm)
  f:\coding\plexichat\plexichat\src\plexichat\infrastructure\services\performance_service.py:231:9 - error: "self" is not defined (reportUndefinedVariable)
  f:\coding\plexichat\plexichat\src\plexichat\infrastructure\services\performance_service.py:239:9 - error: "self" is not defined (reportUndefinedVariable)
  f:\coding\plexichat\plexichat\src\plexichat\infrastructure\services\performance_service.py:288:12 - error: Statements must be separated by newlines or semicolons
  f:\coding\plexichat\plexichat\src\plexichat\infrastructure\services\performance_service.py:288:12 - error: "System" is not defined (reportUndefinedVariable)
  f:\coding\plexichat\plexichat\src\plexichat\infrastructure\services\performance_service.py:288:19 - error: Statements must be separated by newlines or semicolons
  f:\coding\plexichat\plexichat\src\plexichat\infrastructure\services\performance_service.py:288:19 - error: "metrics" is not defined (reportUndefinedVariable)
  f:\coding\plexichat\plexichat\src\plexichat\infrastructure\services\performance_service.py:288:27 - error: Statements must be separated by newlines or semicolons
  f:\coding\plexichat\plexichat\src\plexichat\infrastructure\services\performance_service.py:288:27 - error: "monitoring" is not defined (reportUndefinedVariable)
  f:\coding\plexichat\plexichat\src\plexichat\infrastructure\services\performance_service.py:288:38 - error: Statements must be separated by newlines or semicolons
  f:\coding\plexichat\plexichat\src\plexichat\infrastructure\services\performance_service.py:288:42 - error: Expected attribute name after "."
  f:\coding\plexichat\plexichat\src\plexichat\infrastructure\services\performance_service.py:591:9 - error: "Get" is not defined (reportUndefinedVariable)
  f:\coding\plexichat\plexichat\src\plexichat\infrastructure\services\performance_service.py:591:13 - error: Statements must be separated by newlines or semicolons
  f:\coding\plexichat\plexichat\src\plexichat\infrastructure\services\performance_service.py:591:13 - error: "average" is not defined (reportUndefinedVariable)
  f:\coding\plexichat\plexichat\src\plexichat\infrastructure\services\performance_service.py:591:21 - error: Statements must be separated by newlines or semicolons
  f:\coding\plexichat\plexichat\src\plexichat\infrastructure\services\performance_service.py:591:21 - error: "response" is not defined (reportUndefinedVariable)
  f:\coding\plexichat\plexichat\src\plexichat\infrastructure\services\performance_service.py:591:30 - error: Statements must be separated by newlines or semicolons
  f:\coding\plexichat\plexichat\src\plexichat\infrastructure\services\performance_service.py:591:34 - error: Expected attribute name after "."
  f:\coding\plexichat\plexichat\src\plexichat\infrastructure\services\performance_service.py:604:9 - error: "Get" is not defined (reportUndefinedVariable)
  f:\coding\plexichat\plexichat\src\plexichat\infrastructure\services\performance_service.py:604:13 - error: Statements must be separated by newlines or semicolons
  f:\coding\plexichat\plexichat\src\plexichat\infrastructure\services\performance_service.py:604:13 - error: "current" is not defined (reportUndefinedVariable)
  f:\coding\plexichat\plexichat\src\plexichat\infrastructure\services\performance_service.py:604:21 - error: Statements must be separated by newlines or semicolons
  f:\coding\plexichat\plexichat\src\plexichat\infrastructure\services\performance_service.py:604:21 - error: "error" is not defined (reportUndefinedVariable)
  f:\coding\plexichat\plexichat\src\plexichat\infrastructure\services\performance_service.py:604:27 - error: Statements must be separated by newlines or semicolons
  f:\coding\plexichat\plexichat\src\plexichat\infrastructure\services\performance_service.py:604:31 - error: Expected attribute name after "."
  f:\coding\plexichat\plexichat\src\plexichat\infrastructure\services\performance_service.py:616:9 - error: "Get" is not defined (reportUndefinedVariable)
  f:\coding\plexichat\plexichat\src\plexichat\infrastructure\services\performance_service.py:616:13 - error: Statements must be separated by newlines or semicolons
  f:\coding\plexichat\plexichat\src\plexichat\infrastructure\services\performance_service.py:616:13 - error: "database" is not defined (reportUndefinedVariable)
  f:\coding\plexichat\plexichat\src\plexichat\infrastructure\services\performance_service.py:616:22 - error: Statements must be separated by newlines or semicolons
  f:\coding\plexichat\plexichat\src\plexichat\infrastructure\services\performance_service.py:616:22 - error: "connection" is not defined (reportUndefinedVariable)
  f:\coding\plexichat\plexichat\src\plexichat\infrastructure\services\performance_service.py:616:33 - error: Statements must be separated by newlines or semicolons
  f:\coding\plexichat\plexichat\src\plexichat\infrastructure\services\performance_service.py:616:33 - error: "pool" is not defined (reportUndefinedVariable)
  f:\coding\plexichat\plexichat\src\plexichat\infrastructure\services\performance_service.py:616:38 - error: Statements must be separated by newlines or semicolons
  f:\coding\plexichat\plexichat\src\plexichat\infrastructure\services\performance_service.py:616:42 - error: Expected attribute name after "."
  f:\coding\plexichat\plexichat\src\plexichat\infrastructure\services\performance_service.py:628:9 - error: "Get" is not defined (reportUndefinedVariable)
  f:\coding\plexichat\plexichat\src\plexichat\infrastructure\services\performance_service.py:628:13 - error: Statements must be separated by newlines or semicolons
  f:\coding\plexichat\plexichat\src\plexichat\infrastructure\services\performance_service.py:628:13 - error: "average" is not defined (reportUndefinedVariable)
  f:\coding\plexichat\plexichat\src\plexichat\infrastructure\services\performance_service.py:628:21 - error: Statements must be separated by newlines or semicolons
  f:\coding\plexichat\plexichat\src\plexichat\infrastructure\services\performance_service.py:628:21 - error: "database" is not defined (reportUndefinedVariable)
  f:\coding\plexichat\plexichat\src\plexichat\infrastructure\services\performance_service.py:628:30 - error: Statements must be separated by newlines or semicolons
  f:\coding\plexichat\plexichat\src\plexichat\infrastructure\services\performance_service.py:628:30 - error: "query" is not defined (reportUndefinedVariable)
  f:\coding\plexichat\plexichat\src\plexichat\infrastructure\services\performance_service.py:628:36 - error: Statements must be separated by newlines or semicolons
  f:\coding\plexichat\plexichat\src\plexichat\infrastructure\services\performance_service.py:628:40 - error: Expected attribute name after "."
  f:\coding\plexichat\plexichat\src\plexichat\infrastructure\services\performance_service.py:640:9 - error: "Get" is not defined (reportUndefinedVariable)
  f:\coding\plexichat\plexichat\src\plexichat\infrastructure\services\performance_service.py:640:13 - error: Statements must be separated by newlines or semicolons
  f:\coding\plexichat\plexichat\src\plexichat\infrastructure\services\performance_service.py:640:13 - error: "database" is not defined (reportUndefinedVariable)
  f:\coding\plexichat\plexichat\src\plexichat\infrastructure\services\performance_service.py:640:22 - error: Statements must be separated by newlines or semicolons
  f:\coding\plexichat\plexichat\src\plexichat\infrastructure\services\performance_service.py:640:22 - error: "deadlock" is not defined (reportUndefinedVariable)
  f:\coding\plexichat\plexichat\src\plexichat\infrastructure\services\performance_service.py:640:31 - error: Statements must be separated by newlines or semicolons
  f:\coding\plexichat\plexichat\src\plexichat\infrastructure\services\performance_service.py:640:36 - error: Expected attribute name after "."
  f:\coding\plexichat\plexichat\src\plexichat\infrastructure\services\performance_service.py:653:9 - error: "Add" is not defined (reportUndefinedVariable)
  f:\coding\plexichat\plexichat\src\plexichat\infrastructure\services\performance_service.py:653:13 - error: Statements must be separated by newlines or semicolons
  f:\coding\plexichat\plexichat\src\plexichat\infrastructure\services\performance_service.py:653:13 - error: "custom" is not defined (reportUndefinedVariable)
  f:\coding\plexichat\plexichat\src\plexichat\infrastructure\services\performance_service.py:653:20 - error: Statements must be separated by newlines or semicolons
  f:\coding\plexichat\plexichat\src\plexichat\infrastructure\services\performance_service.py:653:20 - error: "performance" is not defined (reportUndefinedVariable)
  f:\coding\plexichat\plexichat\src\plexichat\infrastructure\services\performance_service.py:653:32 - error: Statements must be separated by newlines or semicolons
  f:\coding\plexichat\plexichat\src\plexichat\infrastructure\services\performance_service.py:653:38 - error: Expected attribute name after "."
  f:\coding\plexichat\plexichat\src\plexichat\infrastructure\services\performance_service.py:663:37 - error: "callback" is not defined (reportUndefinedVariable)
  f:\coding\plexichat\plexichat\src\plexichat\infrastructure\services\performance_service.py:676:10 - error: Statements must be separated by newlines or semicolons
  f:\coding\plexichat\plexichat\src\plexichat\infrastructure\services\performance_service.py:676:10 - error: Expected expression
  f:\coding\plexichat\plexichat\src\plexichat\infrastructure\services\performance_service.py:686:10 - error: Statements must be separated by newlines or semicolons
  f:\coding\plexichat\plexichat\src\plexichat\infrastructure\services\performance_service.py:686:10 - error: Expected expression
  f:\coding\plexichat\plexichat\src\plexichat\infrastructure\services\performance_service.py:694:12 - error: Statements must be separated by newlines or semicolons
  f:\coding\plexichat\plexichat\src\plexichat\infrastructure\services\performance_service.py:694:12 - error: "Calculate" is not defined (reportUndefinedVariable)
  f:\coding\plexichat\plexichat\src\plexichat\infrastructure\services\performance_service.py:694:22 - error: Statements must be separated by newlines or semicolons
  f:\coding\plexichat\plexichat\src\plexichat\infrastructure\services\performance_service.py:694:22 - error: "overall" is not defined (reportUndefinedVariable)
  f:\coding\plexichat\plexichat\src\plexichat\infrastructure\services\performance_service.py:694:30 - error: Statements must be separated by newlines or semicolons
  f:\coding\plexichat\plexichat\src\plexichat\infrastructure\services\performance_service.py:694:30 - error: "system" is not defined (reportUndefinedVariable)
  f:\coding\plexichat\plexichat\src\plexichat\infrastructure\services\performance_service.py:694:37 - error: Statements must be separated by newlines or semicolons
  f:\coding\plexichat\plexichat\src\plexichat\infrastructure\services\performance_service.py:694:37 - error: "health" is not defined (reportUndefinedVariable)
  f:\coding\plexichat\plexichat\src\plexichat\infrastructure\services\performance_service.py:694:44 - error: Statements must be separated by newlines or semicolons
  f:\coding\plexichat\plexichat\src\plexichat\infrastructure\services\performance_service.py:694:57 - error: Expected attribute name after "."
  f:\coding\plexichat\plexichat\src\plexichat\infrastructure\services\performance_service.py:706:8 - error: "_performance_service" is not defined (reportUndefinedVariable)
  f:\coding\plexichat\plexichat\src\plexichat\infrastructure\services\performance_service.py:707:32 - error: "PerformanceService" is not defined (reportUndefinedVariable)
  f:\coding\plexichat\plexichat\src\plexichat\infrastructure\services\performance_service.py:709:13 - error: "await" allowed only within async function
  f:\coding\plexichat\plexichat\src\plexichat\infrastructure\services\social_service.py:25:8 - error: Statements must be separated by newlines or semicolons
  f:\coding\plexichat\plexichat\src\plexichat\infrastructure\services\social_service.py:25:8 - error: "Status" is not defined (reportUndefinedVariable)
  f:\coding\plexichat\plexichat\src\plexichat\infrastructure\services\social_service.py:25:15 - error: Statements must be separated by newlines or semicolons
  f:\coding\plexichat\plexichat\src\plexichat\infrastructure\services\social_service.py:25:15 - error: "of" is not defined (reportUndefinedVariable)
  f:\coding\plexichat\plexichat\src\plexichat\infrastructure\services\social_service.py:25:18 - error: Statements must be separated by newlines or semicolons
  f:\coding\plexichat\plexichat\src\plexichat\infrastructure\services\social_service.py:25:18 - error: "friendship" is not defined (reportUndefinedVariable)
  f:\coding\plexichat\plexichat\src\plexichat\infrastructure\services\social_service.py:25:29 - error: Statements must be separated by newlines or semicolons
  f:\coding\plexichat\plexichat\src\plexichat\infrastructure\services\social_service.py:25:29 - error: "between" is not defined (reportUndefinedVariable)
  f:\coding\plexichat\plexichat\src\plexichat\infrastructure\services\social_service.py:25:37 - error: Statements must be separated by newlines or semicolons
  f:\coding\plexichat\plexichat\src\plexichat\infrastructure\services\social_service.py:25:42 - error: Expected attribute name after "."
  f:\coding\plexichat\plexichat\src\plexichat\infrastructure\services\social_service.py:56:32 - error: Statements must be separated by newlines or semicolons
  f:\coding\plexichat\plexichat\src\plexichat\infrastructure\services\social_service.py:56:32 - error: Expected expression
  f:\coding\plexichat\plexichat\src\plexichat\infrastructure\services\social_service.py:57:1 - error: Unexpected indentation
  f:\coding\plexichat\plexichat\src\plexichat\infrastructure\services\social_service.py:60:13 - error: "FriendshipStatus" is not defined (reportUndefinedVariable)
  f:\coding\plexichat\plexichat\src\plexichat\infrastructure\services\social_service.py:61:17 - error: Variable not allowed in type expression (reportInvalidTypeForm)
  f:\coding\plexichat\plexichat\src\plexichat\infrastructure\services\social_service.py:62:26 - error: Variable not allowed in type expression (reportInvalidTypeForm)
  f:\coding\plexichat\plexichat\src\plexichat\infrastructure\services\social_service.py:67:1 - error: Unindent not expected
  f:\coding\plexichat\plexichat\src\plexichat\infrastructure\services\social_service.py:70:1 - error: Unexpected indentation
  f:\coding\plexichat\plexichat\src\plexichat\infrastructure\services\social_service.py:73:13 - error: "UserStatus" is not defined (reportUndefinedVariable)
  f:\coding\plexichat\plexichat\src\plexichat\infrastructure\services\social_service.py:73:26 - error: "UserStatus" is not defined (reportUndefinedVariable)
  f:\coding\plexichat\plexichat\src\plexichat\infrastructure\services\social_service.py:79:24 - error: Variable not allowed in type expression (reportInvalidTypeForm)
  f:\coding\plexichat\plexichat\src\plexichat\infrastructure\services\social_service.py:80:25 - error: Variable not allowed in type expression (reportInvalidTypeForm)
  f:\coding\plexichat\plexichat\src\plexichat\infrastructure\services\social_service.py:81:25 - error: Variable not allowed in type expression (reportInvalidTypeForm)
  f:\coding\plexichat\plexichat\src\plexichat\infrastructure\services\social_service.py:88:1 - error: Expected indented block
  f:\coding\plexichat\plexichat\src\plexichat\infrastructure\services\social_service.py:90:1 - error: Unexpected indentation
  f:\coding\plexichat\plexichat\src\plexichat\infrastructure\services\social_service.py:90:12 - error: "self" is not defined (reportUndefinedVariable)
  f:\coding\plexichat\plexichat\src\plexichat\infrastructure\services\social_service.py:91:13 - error: "self" is not defined (reportUndefinedVariable)
  f:\coding\plexichat\plexichat\src\plexichat\infrastructure\services\social_service.py:100:1 - error: Unindent not expected
  f:\coding\plexichat\plexichat\src\plexichat\infrastructure\services\social_service.py:117:8 - error: Statements must be separated by newlines or semicolons
  f:\coding\plexichat\plexichat\src\plexichat\infrastructure\services\social_service.py:117:8 - error: "Comprehensive" is not defined (reportUndefinedVariable)
  f:\coding\plexichat\plexichat\src\plexichat\infrastructure\services\social_service.py:117:22 - error: Statements must be separated by newlines or semicolons
  f:\coding\plexichat\plexichat\src\plexichat\infrastructure\services\social_service.py:117:22 - error: "social" is not defined (reportUndefinedVariable)
  f:\coding\plexichat\plexichat\src\plexichat\infrastructure\services\social_service.py:117:33 - error: "friends" is not defined (reportUndefinedVariable)
  f:\coding\plexichat\plexichat\src\plexichat\infrastructure\services\social_service.py:117:41 - error: Statements must be separated by newlines or semicolons
  f:\coding\plexichat\plexichat\src\plexichat\infrastructure\services\social_service.py:117:48 - error: Expected attribute name after "."
  f:\coding\plexichat\plexichat\src\plexichat\infrastructure\services\social_service.py:130:29 - error: Statements must be separated by newlines or semicolons
  f:\coding\plexichat\plexichat\src\plexichat\infrastructure\services\social_service.py:130:42 - error: Expected module name
  f:\coding\plexichat\plexichat\src\plexichat\infrastructure\services\social_service.py:130:42 - error: Expected "import"
  f:\coding\plexichat\plexichat\src\plexichat\infrastructure\services\social_service.py:130:42 - error: Statements must be separated by newlines or semicolons
  f:\coding\plexichat\plexichat\src\plexichat\infrastructure\services\social_service.py:138:12 - error: Statements must be separated by newlines or semicolons
  f:\coding\plexichat\plexichat\src\plexichat\infrastructure\services\social_service.py:138:12 - error: "Save" is not defined (reportUndefinedVariable)
  f:\coding\plexichat\plexichat\src\plexichat\infrastructure\services\social_service.py:138:17 - error: Statements must be separated by newlines or semicolons
  f:\coding\plexichat\plexichat\src\plexichat\infrastructure\services\social_service.py:138:17 - error: "social" is not defined (reportUndefinedVariable)
  f:\coding\plexichat\plexichat\src\plexichat\infrastructure\services\social_service.py:138:24 - error: Statements must be separated by newlines or semicolons
  f:\coding\plexichat\plexichat\src\plexichat\infrastructure\services\social_service.py:138:24 - error: "data" is not defined (reportUndefinedVariable)
  f:\coding\plexichat\plexichat\src\plexichat\infrastructure\services\social_service.py:138:29 - error: Statements must be separated by newlines or semicolons
  f:\coding\plexichat\plexichat\src\plexichat\infrastructure\services\social_service.py:138:29 - error: "to" is not defined (reportUndefinedVariable)
  f:\coding\plexichat\plexichat\src\plexichat\infrastructure\services\social_service.py:138:32 - error: Statements must be separated by newlines or semicolons
  f:\coding\plexichat\plexichat\src\plexichat\infrastructure\services\social_service.py:138:39 - error: Expected attribute name after "."
  f:\coding\plexichat\plexichat\src\plexichat\infrastructure\services\social_service.py:162:19 - error: Statements must be separated by newlines or semicolons
  f:\coding\plexichat\plexichat\src\plexichat\infrastructure\services\social_service.py:162:19 - error: Expected expression
  f:\coding\plexichat\plexichat\src\plexichat\infrastructure\services\social_service.py:203:1 - error: Unexpected indentation
  f:\coding\plexichat\plexichat\src\plexichat\infrastructure\services\social_service.py:203:9 - error: "return" can be used only within a function
  f:\coding\plexichat\plexichat\src\plexichat\infrastructure\services\social_service.py:203:16 - error: "self" is not defined (reportUndefinedVariable)
  f:\coding\plexichat\plexichat\src\plexichat\infrastructure\services\social_service.py:203:39 - error: "user_id" is not defined (reportUndefinedVariable)
  f:\coding\plexichat\plexichat\src\plexichat\infrastructure\services\social_service.py:207:21 - error: Statements must be separated by newlines or semicolons
  f:\coding\plexichat\plexichat\src\plexichat\infrastructure\services\social_service.py:207:21 - error: Expected expression
  f:\coding\plexichat\plexichat\src\plexichat\infrastructure\services\social_service.py:208:27 - error: Statements must be separated by newlines or semicolons
  f:\coding\plexichat\plexichat\src\plexichat\infrastructure\services\social_service.py:208:27 - error: Expected expression
  f:\coding\plexichat\plexichat\src\plexichat\infrastructure\services\social_service.py:210:5 - error: Expected expression
  f:\coding\plexichat\plexichat\src\plexichat\infrastructure\services\social_service.py:211:1 - error: Unexpected indentation
  f:\coding\plexichat\plexichat\src\plexichat\infrastructure\services\social_service.py:212:9 - error: Try statement must have at least one except or finally clause
  f:\coding\plexichat\plexichat\src\plexichat\infrastructure\services\social_service.py:222:20 - error: Expected attribute name after "."
  f:\coding\plexichat\plexichat\src\plexichat\infrastructure\services\social_service.py:222:21 - error: Statements must be separated by newlines or semicolons
  f:\coding\plexichat\plexichat\src\plexichat\infrastructure\services\social_service.py:226:1 - error: Unexpected indentation
  f:\coding\plexichat\plexichat\src\plexichat\infrastructure\services\social_service.py:231:1 - error: Unexpected indentation
  f:\coding\plexichat\plexichat\src\plexichat\infrastructure\services\social_service.py:234:17 - error: Expected expression
  f:\coding\plexichat\plexichat\src\plexichat\infrastructure\services\social_service.py:237:13 - error: "return" can be used only within a function
  f:\coding\plexichat\plexichat\src\plexichat\infrastructure\services\social_service.py:239:9 - error: Unindent not expected
  f:\coding\plexichat\plexichat\src\plexichat\infrastructure\services\social_service.py:239:9 - error: Expected expression
  f:\coding\plexichat\plexichat\src\plexichat\infrastructure\services\social_service.py:240:1 - error: Unexpected indentation
  f:\coding\plexichat\plexichat\src\plexichat\infrastructure\services\social_service.py:241:13 - error: "return" can be used only within a function
  f:\coding\plexichat\plexichat\src\plexichat\infrastructure\services\social_service.py:243:5 - error: Unindent not expected
  f:\coding\plexichat\plexichat\src\plexichat\infrastructure\services\social_service.py:245:26 - error: Statements must be separated by newlines or semicolons
  f:\coding\plexichat\plexichat\src\plexichat\infrastructure\services\social_service.py:245:26 - error: Expected expression
  f:\coding\plexichat\plexichat\src\plexichat\infrastructure\services\social_service.py:246:26 - error: Statements must be separated by newlines or semicolons
  f:\coding\plexichat\plexichat\src\plexichat\infrastructure\services\social_service.py:246:26 - error: Expected expression
  f:\coding\plexichat\plexichat\src\plexichat\infrastructure\services\social_service.py:248:5 - error: Unindent amount does not match previous indent
  f:\coding\plexichat\plexichat\src\plexichat\infrastructure\services\social_service.py:248:5 - error: Expected expression
  f:\coding\plexichat\plexichat\src\plexichat\infrastructure\services\social_service.py:249:1 - error: Unexpected indentation
  f:\coding\plexichat\plexichat\src\plexichat\infrastructure\services\social_service.py:250:9 - error: Try statement must have at least one except or finally clause
  f:\coding\plexichat\plexichat\src\plexichat\infrastructure\services\social_service.py:260:16 - error: "(" was not closed
  f:\coding\plexichat\plexichat\src\plexichat\infrastructure\services\social_service.py:260:38 - error: Expected expression
  f:\coding\plexichat\plexichat\src\plexichat\infrastructure\services\social_service.py:260:39 - error: Expected ":"
  f:\coding\plexichat\plexichat\src\plexichat\infrastructure\services\social_service.py:261:52 - error: Statements must be separated by newlines or semicolons
  f:\coding\plexichat\plexichat\src\plexichat\infrastructure\services\social_service.py:261:74 - error: Statements must be separated by newlines or semicolons
  f:\coding\plexichat\plexichat\src\plexichat\infrastructure\services\social_service.py:262:1 - error: Unindent not expected
  f:\coding\plexichat\plexichat\src\plexichat\infrastructure\services\social_service.py:262:44 - error: Statements must be separated by newlines or semicolons
  f:\coding\plexichat\plexichat\src\plexichat\infrastructure\services\social_service.py:262:44 - error: Expected expression
  f:\coding\plexichat\plexichat\src\plexichat\infrastructure\services\social_service.py:263:1 - error: Unexpected indentation
  f:\coding\plexichat\plexichat\src\plexichat\infrastructure\services\social_service.py:265:13 - error: Unindent not expected
  f:\coding\plexichat\plexichat\src\plexichat\infrastructure\services\social_service.py:268:1 - error: Unexpected indentation
  f:\coding\plexichat\plexichat\src\plexichat\infrastructure\services\social_service.py:279:1 - error: Unexpected indentation
  f:\coding\plexichat\plexichat\src\plexichat\infrastructure\services\social_service.py:283:1 - error: Unindent not expected
  f:\coding\plexichat\plexichat\src\plexichat\infrastructure\services\social_service.py:283:1 - error: Expected expression
  f:\coding\plexichat\plexichat\src\plexichat\infrastructure\services\social_service.py:285:1 - error: Unexpected indentation
  f:\coding\plexichat\plexichat\src\plexichat\infrastructure\services\social_service.py:286:13 - error: Unindent not expected
  f:\coding\plexichat\plexichat\src\plexichat\infrastructure\services\social_service.py:286:13 - error: Expected expression
  f:\coding\plexichat\plexichat\src\plexichat\infrastructure\services\social_service.py:288:1 - error: Unexpected indentation
  f:\coding\plexichat\plexichat\src\plexichat\infrastructure\services\social_service.py:293:1 - error: Unexpected indentation
  f:\coding\plexichat\plexichat\src\plexichat\infrastructure\services\social_service.py:297:13 - error: Unindent not expected
  f:\coding\plexichat\plexichat\src\plexichat\infrastructure\services\social_service.py:297:13 - error: Expected expression
  f:\coding\plexichat\plexichat\src\plexichat\infrastructure\services\social_service.py:300:1 - error: Unexpected indentation
  f:\coding\plexichat\plexichat\src\plexichat\infrastructure\services\social_service.py:304:13 - error: Unindent not expected
  f:\coding\plexichat\plexichat\src\plexichat\infrastructure\services\social_service.py:304:13 - error: Expected expression
  f:\coding\plexichat\plexichat\src\plexichat\infrastructure\services\social_service.py:307:13 - error: "return" can be used only within a function
  f:\coding\plexichat\plexichat\src\plexichat\infrastructure\services\social_service.py:309:9 - error: Unindent not expected
  f:\coding\plexichat\plexichat\src\plexichat\infrastructure\services\social_service.py:309:9 - error: Expected expression
  f:\coding\plexichat\plexichat\src\plexichat\infrastructure\services\social_service.py:310:1 - error: Unexpected indentation
  f:\coding\plexichat\plexichat\src\plexichat\infrastructure\services\social_service.py:311:13 - error: "return" can be used only within a function
  f:\coding\plexichat\plexichat\src\plexichat\infrastructure\services\social_service.py:313:5 - error: Unindent not expected
  f:\coding\plexichat\plexichat\src\plexichat\infrastructure\services\social_service.py:315:27 - error: Statements must be separated by newlines or semicolons
  f:\coding\plexichat\plexichat\src\plexichat\infrastructure\services\social_service.py:315:27 - error: Expected expression
  f:\coding\plexichat\plexichat\src\plexichat\infrastructure\services\social_service.py:316:21 - error: Statements must be separated by newlines or semicolons
  f:\coding\plexichat\plexichat\src\plexichat\infrastructure\services\social_service.py:316:21 - error: Expected expression
  f:\coding\plexichat\plexichat\src\plexichat\infrastructure\services\social_service.py:318:5 - error: Unindent amount does not match previous indent
  f:\coding\plexichat\plexichat\src\plexichat\infrastructure\services\social_service.py:318:5 - error: Expected expression
  f:\coding\plexichat\plexichat\src\plexichat\infrastructure\services\social_service.py:319:1 - error: Unexpected indentation
  f:\coding\plexichat\plexichat\src\plexichat\infrastructure\services\social_service.py:320:9 - error: Try statement must have at least one except or finally clause
  f:\coding\plexichat\plexichat\src\plexichat\infrastructure\services\social_service.py:341:23 - error: Expected attribute name after "."
  f:\coding\plexichat\plexichat\src\plexichat\infrastructure\services\social_service.py:341:24 - error: Statements must be separated by newlines or semicolons
  f:\coding\plexichat\plexichat\src\plexichat\infrastructure\services\social_service.py:342:1 - error: Unindent not expected
  f:\coding\plexichat\plexichat\src\plexichat\infrastructure\services\social_service.py:344:1 - error: Unexpected indentation
  f:\coding\plexichat\plexichat\src\plexichat\infrastructure\services\social_service.py:348:1 - error: Unexpected indentation
  f:\coding\plexichat\plexichat\src\plexichat\infrastructure\services\social_service.py:352:13 - error: Unindent not expected
  f:\coding\plexichat\plexichat\src\plexichat\infrastructure\services\social_service.py:352:13 - error: Expected expression
  f:\coding\plexichat\plexichat\src\plexichat\infrastructure\services\social_service.py:355:1 - error: Unexpected indentation
  f:\coding\plexichat\plexichat\src\plexichat\infrastructure\services\social_service.py:359:13 - error: Unindent not expected
  f:\coding\plexichat\plexichat\src\plexichat\infrastructure\services\social_service.py:359:13 - error: Expected expression
  f:\coding\plexichat\plexichat\src\plexichat\infrastructure\services\social_service.py:361:13 - error: "return" can be used only within a function
  f:\coding\plexichat\plexichat\src\plexichat\infrastructure\services\social_service.py:363:9 - error: Unindent not expected
  f:\coding\plexichat\plexichat\src\plexichat\infrastructure\services\social_service.py:363:9 - error: Expected expression
  f:\coding\plexichat\plexichat\src\plexichat\infrastructure\services\social_service.py:364:1 - error: Unexpected indentation
  f:\coding\plexichat\plexichat\src\plexichat\infrastructure\services\social_service.py:365:13 - error: "return" can be used only within a function
  f:\coding\plexichat\plexichat\src\plexichat\infrastructure\services\social_service.py:367:5 - error: Unindent not expected
  f:\coding\plexichat\plexichat\src\plexichat\infrastructure\services\social_service.py:382:1 - error: Unexpected indentation
  f:\coding\plexichat\plexichat\src\plexichat\infrastructure\services\social_service.py:386:13 - error: Expected expression
  f:\coding\plexichat\plexichat\src\plexichat\infrastructure\services\social_service.py:389:1 - error: Unexpected indentation
  f:\coding\plexichat\plexichat\src\plexichat\infrastructure\services\social_service.py:393:13 - error: Expected expression
  f:\coding\plexichat\plexichat\src\plexichat\infrastructure\services\social_service.py:402:5 - error: Unindent amount does not match previous indent
  f:\coding\plexichat\plexichat\src\plexichat\infrastructure\services\social_service.py:423:1 - error: Unexpected indentation
  f:\coding\plexichat\plexichat\src\plexichat\infrastructure\services\social_service.py:426:13 - error: Expected expression
  f:\coding\plexichat\plexichat\src\plexichat\infrastructure\services\social_service.py:435:5 - error: Unindent amount does not match previous indent
  f:\coding\plexichat\plexichat\src\plexichat\infrastructure\services\social_service.py:454:1 - error: Unexpected indentation
  f:\coding\plexichat\plexichat\src\plexichat\infrastructure\services\social_service.py:457:13 - error: Expected expression
  f:\coding\plexichat\plexichat\src\plexichat\infrastructure\services\social_service.py:466:5 - error: Unindent amount does not match previous indent
  f:\coding\plexichat\plexichat\src\plexichat\infrastructure\services\social_service.py:474:12 - error: Statements must be separated by newlines or semicolons
  f:\coding\plexichat\plexichat\src\plexichat\infrastructure\services\social_service.py:474:25 - error: Expected "else"
  f:\coding\plexichat\plexichat\src\plexichat\infrastructure\services\social_service.py:495:31 - error: "(" was not closed
  f:\coding\plexichat\plexichat\src\plexichat\infrastructure\services\social_service.py:495:32 - error: "{" was not closed
  f:\coding\plexichat\plexichat\src\plexichat\infrastructure\services\social_service.py:495:33 - error: Expected expression
  f:\coding\plexichat\plexichat\src\plexichat\infrastructure\services\social_service.py:509:5 - error: Unindent amount does not match previous indent
  f:\coding\plexichat\plexichat\src\plexichat\infrastructure\services\social_service.py:521:37 - error: "(" was not closed
  f:\coding\plexichat\plexichat\src\plexichat\infrastructure\services\social_service.py:521:38 - error: "{" was not closed
  f:\coding\plexichat\plexichat\src\plexichat\infrastructure\services\social_service.py:521:39 - error: Expected expression
  f:\coding\plexichat\plexichat\src\plexichat\infrastructure\services\social_service.py:533:41 - error: "(" was not closed
  f:\coding\plexichat\plexichat\src\plexichat\infrastructure\services\social_service.py:533:42 - error: "{" was not closed
  f:\coding\plexichat\plexichat\src\plexichat\infrastructure\services\social_service.py:533:43 - error: Expected expression
  f:\coding\plexichat\plexichat\src\plexichat\infrastructure\services\social_service.py:545:10 - error: Statements must be separated by newlines or semicolons
  f:\coding\plexichat\plexichat\src\plexichat\infrastructure\services\social_service.py:545:10 - error: Expected expression
  f:\coding\plexichat\plexichat\src\plexichat\infrastructure\services\social_service.py:547:5 - error: Unindent amount does not match previous indent
  f:\coding\plexichat\plexichat\src\plexichat\infrastructure\services\social_service.py:549:21 - error: Statements must be separated by newlines or semicolons
  f:\coding\plexichat\plexichat\src\plexichat\infrastructure\services\social_service.py:549:21 - error: Expected expression
  f:\coding\plexichat\plexichat\src\plexichat\infrastructure\services\social_service.py:550:42 - error: Statements must be separated by newlines or semicolons
  f:\coding\plexichat\plexichat\src\plexichat\infrastructure\services\social_service.py:550:42 - error: Expected expression
  f:\coding\plexichat\plexichat\src\plexichat\infrastructure\services\social_service.py:553:5 - error: Unindent amount does not match previous indent
  f:\coding\plexichat\plexichat\src\plexichat\infrastructure\services\social_service.py:553:5 - error: Expected expression
  f:\coding\plexichat\plexichat\src\plexichat\infrastructure\services\social_service.py:554:1 - error: Unexpected indentation
  f:\coding\plexichat\plexichat\src\plexichat\infrastructure\services\social_service.py:559:1 - error: Unexpected indentation
  f:\coding\plexichat\plexichat\src\plexichat\infrastructure\services\social_service.py:564:13 - error: Expected expression
  f:\coding\plexichat\plexichat\src\plexichat\infrastructure\services\social_service.py:572:1 - error: Unexpected indentation
  f:\coding\plexichat\plexichat\src\plexichat\infrastructure\services\social_service.py:574:17 - error: Expected expression
  f:\coding\plexichat\plexichat\src\plexichat\infrastructure\services\social_service.py:582:5 - error: Unindent not expected
  f:\coding\plexichat\plexichat\src\plexichat\infrastructure\services\social_service.py:605:28 - error: "(" was not closed
  f:\coding\plexichat\plexichat\src\plexichat\infrastructure\services\social_service.py:605:29 - error: "{" was not closed
  f:\coding\plexichat\plexichat\src\plexichat\infrastructure\services\social_service.py:605:30 - error: Expected expression
  f:\coding\plexichat\plexichat\src\plexichat\infrastructure\services\social_service.py:628:5 - error: Unindent amount does not match previous indent
  f:\coding\plexichat\plexichat\src\plexichat\infrastructure\services\social_service.py:636:42 - error: "(" was not closed
  f:\coding\plexichat\plexichat\src\plexichat\infrastructure\services\social_service.py:636:43 - error: "{" was not closed
  f:\coding\plexichat\plexichat\src\plexichat\infrastructure\services\social_service.py:636:44 - error: Expected expression
  f:\coding\plexichat\plexichat\src\plexichat\infrastructure\services\social_service.py:653:5 - error: Unindent amount does not match previous indent
  f:\coding\plexichat\plexichat\src\plexichat\infrastructure\services\social_service.py:661:31 - error: "(" was not closed
  f:\coding\plexichat\plexichat\src\plexichat\infrastructure\services\social_service.py:661:32 - error: "[" was not closed
  f:\coding\plexichat\plexichat\src\plexichat\infrastructure\services\social_service.py:680:14 - error: Statements must be separated by newlines or semicolons
  f:\coding\plexichat\plexichat\src\plexichat\infrastructure\services\social_service.py:680:14 - error: Expected expression
  f:\coding\plexichat\plexichat\src\plexichat\infrastructure\services\social_service.py:684:22 - error: Statements must be separated by newlines or semicolons
  f:\coding\plexichat\plexichat\src\plexichat\infrastructure\services\social_service.py:684:22 - error: Expected expression
  f:\coding\plexichat\plexichat\src\plexichat\infrastructure\services\theming_service.py:28:8 - error: Statements must be separated by newlines or semicolons
  f:\coding\plexichat\plexichat\src\plexichat\infrastructure\services\theming_service.py:28:8 - error: "Theme" is not defined (reportUndefinedVariable)
  f:\coding\plexichat\plexichat\src\plexichat\infrastructure\services\theming_service.py:28:14 - error: Statements must be separated by newlines or semicolons
  f:\coding\plexichat\plexichat\src\plexichat\infrastructure\services\theming_service.py:28:14 - error: "color" is not defined (reportUndefinedVariable)
  f:\coding\plexichat\plexichat\src\plexichat\infrastructure\services\theming_service.py:28:20 - error: Statements must be separated by newlines or semicolons
  f:\coding\plexichat\plexichat\src\plexichat\infrastructure\services\theming_service.py:28:33 - error: Expected attribute name after "."
  f:\coding\plexichat\plexichat\src\plexichat\infrastructure\services\theming_service.py:73:1 - error: Unexpected indentation
  f:\coding\plexichat\plexichat\src\plexichat\infrastructure\services\theming_service.py:74:5 - error: Unindent not expected
  f:\coding\plexichat\plexichat\src\plexichat\infrastructure\services\theming_service.py:75:1 - error: Unexpected indentation
  f:\coding\plexichat\plexichat\src\plexichat\infrastructure\services\theming_service.py:76:13 - error: "ThemeColors" is not defined (reportUndefinedVariable)
  f:\coding\plexichat\plexichat\src\plexichat\infrastructure\services\theming_service.py:77:13 - error: "ThemeLayout" is not defined (reportUndefinedVariable)
  f:\coding\plexichat\plexichat\src\plexichat\infrastructure\services\theming_service.py:78:14 - error: "ThemeEffects" is not defined (reportUndefinedVariable)
  f:\coding\plexichat\plexichat\src\plexichat\infrastructure\services\theming_service.py:85:1 - error: Expected indented block
  f:\coding\plexichat\plexichat\src\plexichat\infrastructure\services\theming_service.py:85:1 - error: Unindent not expected
  f:\coding\plexichat\plexichat\src\plexichat\infrastructure\services\theming_service.py:100:52 - error: "Theme" is not defined (reportUndefinedVariable)
  f:\coding\plexichat\plexichat\src\plexichat\infrastructure\services\theming_service.py:105:35 - error: "Theme" is not defined (reportUndefinedVariable)
  f:\coding\plexichat\plexichat\src\plexichat\infrastructure\services\theming_service.py:106:1 - error: Unexpected indentation
  f:\coding\plexichat\plexichat\src\plexichat\infrastructure\services\theming_service.py:109:20 - error: "ThemeColors" is not defined (reportUndefinedVariable)
  f:\coding\plexichat\plexichat\src\plexichat\infrastructure\services\theming_service.py:110:20 - error: "ThemeLayout" is not defined (reportUndefinedVariable)
  f:\coding\plexichat\plexichat\src\plexichat\infrastructure\services\theming_service.py:111:21 - error: "ThemeEffects" is not defined (reportUndefinedVariable)
  f:\coding\plexichat\plexichat\src\plexichat\infrastructure\services\theming_service.py:113:9 - error: Expected expression
  f:\coding\plexichat\plexichat\src\plexichat\infrastructure\services\theming_service.py:116:26 - error: "Theme" is not defined (reportUndefinedVariable)
  f:\coding\plexichat\plexichat\src\plexichat\infrastructure\services\theming_service.py:117:1 - error: Unexpected indentation
  f:\coding\plexichat\plexichat\src\plexichat\infrastructure\services\theming_service.py:120:20 - error: "ThemeColors" is not defined (reportUndefinedVariable)
  f:\coding\plexichat\plexichat\src\plexichat\infrastructure\services\theming_service.py:121:1 - error: Unexpected indentation
  f:\coding\plexichat\plexichat\src\plexichat\infrastructure\services\theming_service.py:135:13 - error: Expected expression
  f:\coding\plexichat\plexichat\src\plexichat\infrastructure\services\theming_service.py:136:20 - error: "ThemeLayout" is not defined (reportUndefinedVariable)
  f:\coding\plexichat\plexichat\src\plexichat\infrastructure\services\theming_service.py:137:21 - error: "ThemeEffects" is not defined (reportUndefinedVariable)
  f:\coding\plexichat\plexichat\src\plexichat\infrastructure\services\theming_service.py:139:9 - error: Expected expression
  f:\coding\plexichat\plexichat\src\plexichat\infrastructure\services\theming_service.py:142:26 - error: "Theme" is not defined (reportUndefinedVariable)
  f:\coding\plexichat\plexichat\src\plexichat\infrastructure\services\theming_service.py:143:1 - error: Unexpected indentation
  f:\coding\plexichat\plexichat\src\plexichat\infrastructure\services\theming_service.py:146:20 - error: "ThemeColors" is not defined (reportUndefinedVariable)
  f:\coding\plexichat\plexichat\src\plexichat\infrastructure\services\theming_service.py:147:1 - error: Unexpected indentation
  f:\coding\plexichat\plexichat\src\plexichat\infrastructure\services\theming_service.py:157:13 - error: Expected expression
  f:\coding\plexichat\plexichat\src\plexichat\infrastructure\services\theming_service.py:158:20 - error: "ThemeLayout" is not defined (reportUndefinedVariable)
  f:\coding\plexichat\plexichat\src\plexichat\infrastructure\services\theming_service.py:159:21 - error: "ThemeEffects" is not defined (reportUndefinedVariable)
  f:\coding\plexichat\plexichat\src\plexichat\infrastructure\services\theming_service.py:161:9 - error: Expected expression
  f:\coding\plexichat\plexichat\src\plexichat\infrastructure\services\theming_service.py:164:28 - error: "Theme" is not defined (reportUndefinedVariable)
  f:\coding\plexichat\plexichat\src\plexichat\infrastructure\services\theming_service.py:165:1 - error: Unexpected indentation
  f:\coding\plexichat\plexichat\src\plexichat\infrastructure\services\theming_service.py:168:20 - error: "ThemeColors" is not defined (reportUndefinedVariable)
  f:\coding\plexichat\plexichat\src\plexichat\infrastructure\services\theming_service.py:169:1 - error: Unexpected indentation
  f:\coding\plexichat\plexichat\src\plexichat\infrastructure\services\theming_service.py:179:13 - error: Expected expression
  f:\coding\plexichat\plexichat\src\plexichat\infrastructure\services\theming_service.py:180:20 - error: "ThemeLayout" is not defined (reportUndefinedVariable)
  f:\coding\plexichat\plexichat\src\plexichat\infrastructure\services\theming_service.py:181:21 - error: "ThemeEffects" is not defined (reportUndefinedVariable)
  f:\coding\plexichat\plexichat\src\plexichat\infrastructure\services\theming_service.py:183:9 - error: Expected expression
  f:\coding\plexichat\plexichat\src\plexichat\infrastructure\services\theming_service.py:186:27 - error: "Theme" is not defined (reportUndefinedVariable)
  f:\coding\plexichat\plexichat\src\plexichat\infrastructure\services\theming_service.py:187:1 - error: Unexpected indentation
  f:\coding\plexichat\plexichat\src\plexichat\infrastructure\services\theming_service.py:190:20 - error: "ThemeColors" is not defined (reportUndefinedVariable)
  f:\coding\plexichat\plexichat\src\plexichat\infrastructure\services\theming_service.py:191:1 - error: Unexpected indentation
  f:\coding\plexichat\plexichat\src\plexichat\infrastructure\services\theming_service.py:201:13 - error: Expected expression
  f:\coding\plexichat\plexichat\src\plexichat\infrastructure\services\theming_service.py:202:20 - error: "ThemeLayout" is not defined (reportUndefinedVariable)
  f:\coding\plexichat\plexichat\src\plexichat\infrastructure\services\theming_service.py:203:21 - error: "ThemeEffects" is not defined (reportUndefinedVariable)
  f:\coding\plexichat\plexichat\src\plexichat\infrastructure\services\theming_service.py:205:9 - error: Expected expression
  f:\coding\plexichat\plexichat\src\plexichat\infrastructure\services\theming_service.py:208:35 - error: "Theme" is not defined (reportUndefinedVariable)
  f:\coding\plexichat\plexichat\src\plexichat\infrastructure\services\theming_service.py:209:1 - error: Unexpected indentation
  f:\coding\plexichat\plexichat\src\plexichat\infrastructure\services\theming_service.py:212:20 - error: "ThemeColors" is not defined (reportUndefinedVariable)
  f:\coding\plexichat\plexichat\src\plexichat\infrastructure\services\theming_service.py:213:1 - error: Unexpected indentation
  f:\coding\plexichat\plexichat\src\plexichat\infrastructure\services\theming_service.py:224:13 - error: Expected expression
  f:\coding\plexichat\plexichat\src\plexichat\infrastructure\services\theming_service.py:225:20 - error: "ThemeLayout" is not defined (reportUndefinedVariable)
  f:\coding\plexichat\plexichat\src\plexichat\infrastructure\services\theming_service.py:226:1 - error: Unexpected indentation
  f:\coding\plexichat\plexichat\src\plexichat\infrastructure\services\theming_service.py:228:13 - error: Expected expression
  f:\coding\plexichat\plexichat\src\plexichat\infrastructure\services\theming_service.py:229:21 - error: "ThemeEffects" is not defined (reportUndefinedVariable)
  f:\coding\plexichat\plexichat\src\plexichat\infrastructure\services\theming_service.py:230:1 - error: Unexpected indentation
  f:\coding\plexichat\plexichat\src\plexichat\infrastructure\services\theming_service.py:234:13 - error: Expected expression
  f:\coding\plexichat\plexichat\src\plexichat\infrastructure\services\theming_service.py:236:9 - error: Expected expression
  f:\coding\plexichat\plexichat\src\plexichat\infrastructure\services\theming_service.py:239:31 - error: "Theme" is not defined (reportUndefinedVariable)
  f:\coding\plexichat\plexichat\src\plexichat\infrastructure\services\theming_service.py:240:1 - error: Unexpected indentation
  f:\coding\plexichat\plexichat\src\plexichat\infrastructure\services\theming_service.py:243:20 - error: "ThemeColors" is not defined (reportUndefinedVariable)
  f:\coding\plexichat\plexichat\src\plexichat\infrastructure\services\theming_service.py:244:1 - error: Unexpected indentation
  f:\coding\plexichat\plexichat\src\plexichat\infrastructure\services\theming_service.py:257:13 - error: Expected expression
  f:\coding\plexichat\plexichat\src\plexichat\infrastructure\services\theming_service.py:258:20 - error: "ThemeLayout" is not defined (reportUndefinedVariable)
  f:\coding\plexichat\plexichat\src\plexichat\infrastructure\services\theming_service.py:259:1 - error: Unexpected indentation
  f:\coding\plexichat\plexichat\src\plexichat\infrastructure\services\theming_service.py:261:13 - error: Expected expression
  f:\coding\plexichat\plexichat\src\plexichat\infrastructure\services\theming_service.py:262:21 - error: "ThemeEffects" is not defined (reportUndefinedVariable)
  f:\coding\plexichat\plexichat\src\plexichat\infrastructure\services\theming_service.py:263:1 - error: Unexpected indentation
  f:\coding\plexichat\plexichat\src\plexichat\infrastructure\services\theming_service.py:265:13 - error: Expected expression
  f:\coding\plexichat\plexichat\src\plexichat\infrastructure\services\theming_service.py:267:9 - error: Expected expression
  f:\coding\plexichat\plexichat\src\plexichat\infrastructure\services\theming_service.py:300:49 - error: "Theme" is not defined (reportUndefinedVariable)
  f:\coding\plexichat\plexichat\src\plexichat\infrastructure\services\theming_service.py:310:61 - error: "Theme" is not defined (reportUndefinedVariable)
  f:\coding\plexichat\plexichat\src\plexichat\infrastructure\services\theming_service.py:320:44 - error: "Theme" is not defined (reportUndefinedVariable)
  f:\coding\plexichat\plexichat\src\plexichat\infrastructure\services\theming_service.py:325:28 - error: "ThemeColors" is not defined (reportUndefinedVariable)
  f:\coding\plexichat\plexichat\src\plexichat\infrastructure\services\theming_service.py:326:28 - error: "ThemeLayout" is not defined (reportUndefinedVariable)
  f:\coding\plexichat\plexichat\src\plexichat\infrastructure\services\theming_service.py:327:29 - error: "ThemeEffects" is not defined (reportUndefinedVariable)
  f:\coding\plexichat\plexichat\src\plexichat\infrastructure\services\theming_service.py:333:58 - error: "Theme" is not defined (reportUndefinedVariable)
  f:\coding\plexichat\plexichat\src\plexichat\infrastructure\services\theming_service.py:343:24 - error: "Theme" is not defined (reportUndefinedVariable)
  f:\coding\plexichat\plexichat\src\plexichat\infrastructure\services\theming_service.py:345:52 - error: "ThemeColors" is not defined (reportUndefinedVariable)
  f:\coding\plexichat\plexichat\src\plexichat\infrastructure\services\theming_service.py:346:28 - error: "ThemeLayout" is not defined (reportUndefinedVariable)
  f:\coding\plexichat\plexichat\src\plexichat\infrastructure\services\theming_service.py:346:73 - error: "ThemeEffects" is not defined (reportUndefinedVariable)
  f:\coding\plexichat\plexichat\src\plexichat\infrastructure\services\theming_service.py:351:46 - error: "Theme" is not defined (reportUndefinedVariable)
  f:\coding\plexichat\plexichat\src\plexichat\infrastructure\services\theming_service.py:445:19 - error: "Theme" is not defined (reportUndefinedVariable)
  f:\coding\plexichat\plexichat\src\plexichat\infrastructure\services\theming_service.py:453:24 - error: "ThemeColors" is not defined (reportUndefinedVariable)
  f:\coding\plexichat\plexichat\src\plexichat\infrastructure\services\theming_service.py:458:24 - error: "ThemeLayout" is not defined (reportUndefinedVariable)
  f:\coding\plexichat\plexichat\src\plexichat\infrastructure\services\theming_service.py:463:25 - error: "ThemeEffects" is not defined (reportUndefinedVariable)
  f:\coding\plexichat\plexichat\src\plexichat\infrastructure\services\theming_service.py:468:21 - error: "Theme" is not defined (reportUndefinedVariable)
  f:\coding\plexichat\plexichat\src\plexichat\infrastructure\services\theming_service.py:568:31 - error: Strings nested within an f-string cannot use the same quote character as the f-string prior to Python 3.12 (reportGeneralTypeIssues)
  f:\coding\plexichat\plexichat\src\plexichat\infrastructure\services\theming_service.py:590:9 - error: Unterminated expression in f-string; expecting "}"
  f:\coding\plexichat\plexichat\src\plexichat\infrastructure\services\theming_service.py:593:12 - error: Statements must be separated by newlines or semicolons
  f:\coding\plexichat\plexichat\src\plexichat\infrastructure\services\theming_service.py:593:12 - error: "Export" is not defined (reportUndefinedVariable)
  f:\coding\plexichat\plexichat\src\plexichat\infrastructure\services\theming_service.py:593:19 - error: Statements must be separated by newlines or semicolons
  f:\coding\plexichat\plexichat\src\plexichat\infrastructure\services\theming_service.py:593:19 - error: "a" is not defined (reportUndefinedVariable)
  f:\coding\plexichat\plexichat\src\plexichat\infrastructure\services\theming_service.py:593:21 - error: Statements must be separated by newlines or semicolons
  f:\coding\plexichat\plexichat\src\plexichat\infrastructure\services\theming_service.py:593:27 - error: Statements must be separated by newlines or semicolons
  f:\coding\plexichat\plexichat\src\plexichat\infrastructure\services\theming_service.py:593:27 - error: Expected expression
  f:\coding\plexichat\plexichat\src\plexichat\infrastructure\services\theming_service.py:625:1 - error: Statements must be separated by newlines or semicolons
  f:\coding\plexichat\plexichat\src\plexichat\infrastructure\services\user_management.py:288:31 - error: "Set[str]" is not awaitable
  f:\coding\plexichat\plexichat\src\plexichat\infrastructure\services\user_management.py:307:32 - error: "bool" is not awaitable
  f:\coding\plexichat\plexichat\src\plexichat\infrastructure\utils\ip_security.py:18:5 - error: "GEOIP_AVAILABLE" is constant (because it is uppercase) and cannot be redefined (reportConstantRedefinition)
  f:\coding\plexichat\plexichat\src\plexichat\infrastructure\utils\performance.py:85:26 - error: Object of type "(func: Unknown) -> ((...) -> Unknown)" cannot be used with "with" because it does not correctly implement __enter__ (reportGeneralTypeIssues)
  f:\coding\plexichat\plexichat\src\plexichat\infrastructure\utils\performance.py:85:26 - error: Object of type "(func: Unknown) -> ((...) -> Unknown)" cannot be used with "with" because it does not correctly implement __exit__ (reportGeneralTypeIssues)
  f:\coding\plexichat\plexichat\src\plexichat\infrastructure\utils\performance.py:118:26 - error: Object of type "(func: Unknown) -> ((...) -> Unknown)" cannot be used with "with" because it does not correctly implement __enter__ (reportGeneralTypeIssues)
  f:\coding\plexichat\plexichat\src\plexichat\infrastructure\utils\performance.py:118:26 - error: Object of type "(func: Unknown) -> ((...) -> Unknown)" cannot be used with "with" because it does not correctly implement __exit__ (reportGeneralTypeIssues)
  f:\coding\plexichat\plexichat\src\plexichat\infrastructure\utils\scheduling.py:17:5 - error: "APSCHEDULER_AVAILABLE" is constant (because it is uppercase) and cannot be redefined (reportConstantRedefinition)
  f:\coding\plexichat\plexichat\src\plexichat\infrastructure\utils\scheduling.py:258:48 - error: Operator "|" not supported for types "Unknown | Unbound" and "Unknown | Unbound"
  f:\coding\plexichat\plexichat\src\plexichat\infrastructure\utils\security.py:27:5 - error: "PBKDF2HMAC" is constant (because it is uppercase) and cannot be redefined (reportConstantRedefinition)
  f:\coding\plexichat\plexichat\src\plexichat\infrastructure\utils\security.py:28:5 - error: "CRYPTOGRAPHY_AVAILABLE" is constant (because it is uppercase) and cannot be redefined (reportConstantRedefinition)
  f:\coding\plexichat\plexichat\src\plexichat\infrastructure\utils\security.py:37:5 - error: "PASSLIB_AVAILABLE" is constant (because it is uppercase) and cannot be redefined (reportConstantRedefinition)
  f:\coding\plexichat\plexichat\src\plexichat\infrastructure\utils\security.py:83:26 - error: Object of type "(func: Unknown) -> ((...) -> Unknown)" cannot be used with "with" because it does not correctly implement __enter__ (reportGeneralTypeIssues)
  f:\coding\plexichat\plexichat\src\plexichat\infrastructure\utils\security.py:83:26 - error: Object of type "(func: Unknown) -> ((...) -> Unknown)" cannot be used with "with" because it does not correctly implement __exit__ (reportGeneralTypeIssues)
  f:\coding\plexichat\plexichat\src\plexichat\infrastructure\utils\security.py:99:26 - error: Object of type "(func: Unknown) -> ((...) -> Unknown)" cannot be used with "with" because it does not correctly implement __enter__ (reportGeneralTypeIssues)
  f:\coding\plexichat\plexichat\src\plexichat\infrastructure\utils\security.py:99:26 - error: Object of type "(func: Unknown) -> ((...) -> Unknown)" cannot be used with "with" because it does not correctly implement __exit__ (reportGeneralTypeIssues)
  f:\coding\plexichat\plexichat\src\plexichat\infrastructure\utils\security.py:172:27 - error: Object of type "None" cannot be called (reportOptionalCall)
  f:\coding\plexichat\plexichat\src\plexichat\infrastructure\utils\security.py:173:42 - error: "SHA256" is not a known attribute of "None" (reportOptionalMemberAccess)
  f:\coding\plexichat\plexichat\src\plexichat\infrastructure\utils\security.py:196:21 - error: Object of type "None" cannot be called (reportOptionalCall)
  f:\coding\plexichat\plexichat\src\plexichat\infrastructure\utils\security.py:215:21 - error: Object of type "None" cannot be called (reportOptionalCall)
  f:\coding\plexichat\plexichat\src\plexichat\infrastructure\utils\security.py:315:6 - error: Expression form not supported for decorator prior to Python 3.9
  f:\coding\plexichat\plexichat\src\plexichat\infrastructure\utils\security.py:340:26 - error: Object of type "(func: Unknown) -> ((...) -> Unknown)" cannot be used with "with" because it does not correctly implement __enter__ (reportGeneralTypeIssues)
  f:\coding\plexichat\plexichat\src\plexichat\infrastructure\utils\security.py:340:26 - error: Object of type "(func: Unknown) -> ((...) -> Unknown)" cannot be used with "with" because it does not correctly implement __exit__ (reportGeneralTypeIssues)
  f:\coding\plexichat\plexichat\src\plexichat\infrastructure\utils\shutdown.py:18:5 - error: "PSUTIL_AVAILABLE" is constant (because it is uppercase) and cannot be redefined (reportConstantRedefinition)
  f:\coding\plexichat\plexichat\src\plexichat\infrastructure\utils\structured_logging.py:3:49 - error: "ErrorHandler" is unknown import symbol (reportAttributeAccessIssue)
  f:\coding\plexichat\plexichat\src\plexichat\infrastructure\utils\structured_logging.py:8:12 - error: Cannot assign to attribute "error_handler" for class "Logger"
  f:\coding\plexichat\plexichat\src\plexichat\infrastructure\utils\utilities.py:188:32 - error: "Union" is not defined (reportUndefinedVariable)
  f:\coding\plexichat\plexichat\src\plexichat\infrastructure\utils\utilities.py:197:35 - error: "Union" is not defined (reportUndefinedVariable)
  f:\coding\plexichat\plexichat\src\plexichat\infrastructure\utils\utilities.py:197:62 - error: "Union" is not defined (reportUndefinedVariable)
  f:\coding\plexichat\plexichat\src\plexichat\infrastructure\utils\utilities.py:221:34 - error: "Union" is not defined (reportUndefinedVariable)
  f:\coding\plexichat\plexichat\src\plexichat\infrastructure\utils\utilities.py:221:84 - error: "Union" is not defined (reportUndefinedVariable)
  f:\coding\plexichat\plexichat\src\plexichat\infrastructure\utils\utilities.py:239:33 - error: "Union" is not defined (reportUndefinedVariable)
  f:\coding\plexichat\plexichat\src\plexichat\infrastructure\utils\utilities.py:404:20 - error: "tuple[Unknown]" is not a valid exception class (reportGeneralTypeIssues)
  f:\coding\plexichat\plexichat\src\plexichat\infrastructure\utils\utilities.py:438:20 - error: "debug" is not a known attribute of "None" (reportOptionalMemberAccess)
  f:\coding\plexichat\plexichat\src\plexichat\infrastructure\utils\utilities.py:443:24 - error: "debug" is not a known attribute of "None" (reportOptionalMemberAccess)
  f:\coding\plexichat\plexichat\src\plexichat\infrastructure\utils\utilities.py:447:24 - error: "error" is not a known attribute of "None" (reportOptionalMemberAccess)
  f:\coding\plexichat\plexichat\src\plexichat\integration\master_coordinator.py:69:37 - error: "database_coordinator" is not defined (reportUndefinedVariable)
  f:\coding\plexichat\plexichat\src\plexichat\interfaces\api\main_api.py:55:55 - error: "analytics_manager" is unknown import symbol (reportAttributeAccessIssue)
  f:\coding\plexichat\plexichat\src\plexichat\interfaces\api\main_api.py:56:68 - error: "security_manager" is unknown import symbol (reportAttributeAccessIssue)
  f:\coding\plexichat\plexichat\src\plexichat\interfaces\api\main_api.py:68:26 - error: Variable not allowed in type expression (reportInvalidTypeForm)
  f:\coding\plexichat\plexichat\src\plexichat\interfaces\api\main_api.py:140:9 - error: Argument of type "type[CORSMiddleware] | None" cannot be assigned to parameter "middleware_class" of type "_MiddlewareFactory[P@add_middleware]" in function "add_middleware"
  f:\coding\plexichat\plexichat\src\plexichat\interfaces\api\main_api.py:141:23 - error: Arguments for ParamSpec "P@add_middleware" are missing (reportCallIssue)
  f:\coding\plexichat\plexichat\src\plexichat\interfaces\api\main_api.py:147:24 - error: Argument of type "type[GZipMiddleware] | None" cannot be assigned to parameter "middleware_class" of type "_MiddlewareFactory[P@add_middleware]" in function "add_middleware"
  f:\coding\plexichat\plexichat\src\plexichat\interfaces\api\main_api.py:147:53 - error: Arguments for ParamSpec "P@add_middleware" are missing (reportCallIssue)
  f:\coding\plexichat\plexichat\src\plexichat\interfaces\api\main_api.py:152:43 - error: Variable not allowed in type expression (reportInvalidTypeForm)
  f:\coding\plexichat\plexichat\src\plexichat\interfaces\api\main_api.py:177:80 - error: Argument of type "Literal['seconds']" cannot be assigned to parameter "metric_type" of type "MetricType" in function "record_metric"
  f:\coding\plexichat\plexichat\src\plexichat\interfaces\api\main_api.py:186:50 - error: Variable not allowed in type expression (reportInvalidTypeForm)
  f:\coding\plexichat\plexichat\src\plexichat\interfaces\api\main_api.py:188:12 - error: Object of type "None" cannot be called (reportOptionalCall)
  f:\coding\plexichat\plexichat\src\plexichat\interfaces\api\main_api.py:197:47 - error: Variable not allowed in type expression (reportInvalidTypeForm)
  f:\coding\plexichat\plexichat\src\plexichat\interfaces\api\main_api.py:204:12 - error: Object of type "None" cannot be called (reportOptionalCall)
  f:\coding\plexichat\plexichat\src\plexichat\interfaces\api\main_api.py:218:2 - error: Expression form not supported for decorator prior to Python 3.9
  f:\coding\plexichat\plexichat\src\plexichat\interfaces\api\main_api.py:218:2 - error: Expected 0 positional arguments (reportCallIssue)
  f:\coding\plexichat\plexichat\src\plexichat\interfaces\api\main_api.py:231:40 - error: Cannot access attribute "execute_query" for class "DatabaseManager"
  f:\coding\plexichat\plexichat\src\plexichat\interfaces\api\main_api.py:256:16 - error: Object of type "None" cannot be called (reportOptionalCall)
  f:\coding\plexichat\plexichat\src\plexichat\interfaces\api\main_api.py:266:2 - error: Expression form not supported for decorator prior to Python 3.9
  f:\coding\plexichat\plexichat\src\plexichat\interfaces\api\main_api.py:266:2 - error: Expected 0 positional arguments (reportCallIssue)
  f:\coding\plexichat\plexichat\src\plexichat\interfaces\api\main_api.py:277:62 - error: Cannot access attribute "get_stats" for class "DatabaseManager"
  f:\coding\plexichat\plexichat\src\plexichat\interfaces\api\main_api.py:303:29 - error: No parameter named "status_code" (reportCallIssue)
  f:\coding\plexichat\plexichat\src\plexichat\interfaces\api\main_api.py:303:46 - error: No parameter named "detail" (reportCallIssue)
  f:\coding\plexichat\plexichat\src\plexichat\interfaces\api\main_api.py:306:37 - error: Variable not allowed in type expression (reportInvalidTypeForm)
  f:\coding\plexichat\plexichat\src\plexichat\interfaces\api\main_api.py:312:33 - error: No parameter named "status_code" (reportCallIssue)
  f:\coding\plexichat\plexichat\src\plexichat\interfaces\api\main_api.py:312:50 - error: No parameter named "detail" (reportCallIssue)
  f:\coding\plexichat\plexichat\src\plexichat\interfaces\api\main_api.py:320:37 - error: No parameter named "status_code" (reportCallIssue)
  f:\coding\plexichat\plexichat\src\plexichat\interfaces\api\main_api.py:320:54 - error: No parameter named "detail" (reportCallIssue)
  f:\coding\plexichat\plexichat\src\plexichat\interfaces\api\main_api.py:324:47 - error: Cannot access attribute "get_user_by_id" for class "DatabaseManager"
  f:\coding\plexichat\plexichat\src\plexichat\interfaces\api\main_api.py:326:41 - error: No parameter named "status_code" (reportCallIssue)
  f:\coding\plexichat\plexichat\src\plexichat\interfaces\api\main_api.py:326:58 - error: No parameter named "detail" (reportCallIssue)
  f:\coding\plexichat\plexichat\src\plexichat\interfaces\api\main_api.py:337:29 - error: No parameter named "status_code" (reportCallIssue)
  f:\coding\plexichat\plexichat\src\plexichat\interfaces\api\main_api.py:337:46 - error: No parameter named "detail" (reportCallIssue)
  f:\coding\plexichat\plexichat\src\plexichat\interfaces\api\main_api.py:370:2 - error: Expression form not supported for decorator prior to Python 3.9
  f:\coding\plexichat\plexichat\src\plexichat\interfaces\api\main_api.py:370:2 - error: Expected 0 positional arguments (reportCallIssue)
  f:\coding\plexichat\plexichat\src\plexichat\interfaces\api\main_api.py:454:5 - error: "sys" is not defined (reportUndefinedVariable)
  f:\coding\plexichat\plexichat\src\plexichat\interfaces\api\v1\admin.py:20:64 - error: "users_db" is unknown import symbol (reportAttributeAccessIssue)
  f:\coding\plexichat\plexichat\src\plexichat\interfaces\api\v1\admin.py:20:74 - error: "sessions_db" is unknown import symbol (reportAttributeAccessIssue)
  f:\coding\plexichat\plexichat\src\plexichat\interfaces\api\v1\admin.py:22:47 - error: "files_db" is unknown import symbol (reportAttributeAccessIssue)
  f:\coding\plexichat\plexichat\src\plexichat\interfaces\api\v1\client_settings.py:188:34 - error: Cannot access attribute "initialize_tables" for class "ClientSettingsService"
  f:\coding\plexichat\plexichat\src\plexichat\interfaces\api\v1\client_settings.py:210:34 - error: Cannot access attribute "log_audit" for class "ClientSettingsService"
  f:\coding\plexichat\plexichat\src\plexichat\interfaces\api\v1\client_settings.py:244:33 - error: Argument of type "Any | Unknown | None" cannot be assigned to parameter "setting_key" of type "str" in function "__init__"
  f:\coding\plexichat\plexichat\src\plexichat\interfaces\api\v1\client_settings.py:351:24 - error: Argument of type "datetime | Any | Unknown | None" cannot be assigned to parameter "updated_at" of type "datetime" in function "__init__"
  f:\coding\plexichat\plexichat\src\plexichat\interfaces\api\v1\client_settings.py:603:24 - error: Argument of type "datetime | Any | Unknown | None" cannot be assigned to parameter "updated_at" of type "datetime" in function "__init__"
  f:\coding\plexichat\plexichat\src\plexichat\interfaces\api\v1\files.py:161:65 - error: Argument of type "str | None" cannot be assigned to parameter "filename" of type "str" in function "upload_file"
  f:\coding\plexichat\plexichat\src\plexichat\interfaces\api\v1\files.py:161:76 - error: Argument of type "Unknown | None" cannot be assigned to parameter "uploaded_by" of type "int" in function "upload_file"
  f:\coding\plexichat\plexichat\src\plexichat\interfaces\api\v1\files.py:167:26 - error: Argument of type "Any | str | None" cannot be assigned to parameter "filename" of type "str" in function "__init__"
  f:\coding\plexichat\plexichat\src\plexichat\interfaces\api\v1\files.py:186:13 - error: "_fallback_files_db" is unbound (reportUnboundVariable)
  f:\coding\plexichat\plexichat\src\plexichat\interfaces\api\v1\files.py:240:13 - error: "_fallback_files_db" is unbound (reportUnboundVariable)
  f:\coding\plexichat\plexichat\src\plexichat\interfaces\api\v1\files.py:266:32 - error: "get_session" is not a known attribute of "None" (reportOptionalMemberAccess)
  f:\coding\plexichat\plexichat\src\plexichat\interfaces\api\v1\files.py:316:9 - error: "_fallback_files_db" is unbound (reportUnboundVariable)
  f:\coding\plexichat\plexichat\src\plexichat\interfaces\api\v1\files.py:334:63 - error: Argument of type "Unknown | None" cannot be assigned to parameter "user_id" of type "int" in function "delete_file"
  f:\coding\plexichat\plexichat\src\plexichat\interfaces\api\v1\files.py:346:13 - error: "_fallback_files_db" is unbound (reportUnboundVariable)
  f:\coding\plexichat\plexichat\src\plexichat\interfaces\api\v1\search.py:42:9 - error: Argument of type "str | None" cannot be assigned to parameter "search_type" of type "str" in function "search_content"
  f:\coding\plexichat\plexichat\src\plexichat\interfaces\api\v1\system.py:45:57 - error: "get_version" is unknown import symbol (reportAttributeAccessIssue)
  f:\coding\plexichat\plexichat\src\plexichat\interfaces\api\v1\system.py:45:70 - error: "get_version_info" is unknown import symbol (reportAttributeAccessIssue)
  f:\coding\plexichat\plexichat\src\plexichat\interfaces\api\v1\system.py:46:46 - error: "users_db" is unknown import symbol (reportAttributeAccessIssue)
  f:\coding\plexichat\plexichat\src\plexichat\interfaces\api\v1\system.py:46:56 - error: "sessions_db" is unknown import symbol (reportAttributeAccessIssue)
  f:\coding\plexichat\plexichat\src\plexichat\interfaces\api\v1\system.py:48:47 - error: "files_db" is unknown import symbol (reportAttributeAccessIssue)
  f:\coding\plexichat\plexichat\src\plexichat\interfaces\api\v1\system.py:88:23 - error: Argument of type "int | None" cannot be assigned to parameter "cpu_count" of type "int" in function "__init__"
  f:\coding\plexichat\plexichat\src\plexichat\interfaces\cli\advanced_cli.py:192:74 - error: Expression of type "None" cannot be assigned to parameter of type "List[str]"
  f:\coding\plexichat\plexichat\src\plexichat\interfaces\cli\commands\ai.py:48:17 - error: Cannot assign to attribute "model_id" for class "AIRequest"
  f:\coding\plexichat\plexichat\src\plexichat\interfaces\cli\commands\ai.py:49:17 - error: Cannot assign to attribute "prompt" for class "AIRequest"
  f:\coding\plexichat\plexichat\src\plexichat\interfaces\cli\commands\automation.py:73:19 - error: Cannot access attribute "status" for class "obj"
  f:\coding\plexichat\plexichat\src\plexichat\interfaces\cli\commands\automation.py:76:61 - error: Cannot access attribute "error" for class "obj"
  f:\coding\plexichat\plexichat\src\plexichat\interfaces\cli\commands\automation.py:86:9 - error: "asyncio" is not defined (reportUndefinedVariable)
  f:\coding\plexichat\plexichat\src\plexichat\interfaces\cli\commands\backup.py:156:9 - error: "USING_REAL_MANAGER" is constant (because it is uppercase) and cannot be redefined (reportConstantRedefinition)
  f:\coding\plexichat\plexichat\src\plexichat\interfaces\cli\commands\backup.py:159:5 - error: "USING_REAL_MANAGER" is constant (because it is uppercase) and cannot be redefined (reportConstantRedefinition)
  f:\coding\plexichat\plexichat\src\plexichat\interfaces\cli\commands\backup.py:225:21 - error: No parameter named "backup_strategy" (reportCallIssue)
  f:\coding\plexichat\plexichat\src\plexichat\interfaces\cli\commands\backup.py:225:37 - error: Argument of type "Literal[BackupStrategy.SCHEDULED] | None" cannot be assigned to parameter "backup_strategy" of type "BackupStrategy" in function "create_backup"
  f:\coding\plexichat\plexichat\src\plexichat\interfaces\cli\commands\backup.py:226:33 - error: Argument of type "Any | str" cannot be assigned to parameter "backup_type" of type "BackupType" in function "create_backup"
  f:\coding\plexichat\plexichat\src\plexichat\interfaces\cli\commands\backup.py:227:21 - error: No parameter named "security_level" (reportCallIssue)
  f:\coding\plexichat\plexichat\src\plexichat\interfaces\cli\commands\backup.py:227:36 - error: Argument of type "None" cannot be assigned to parameter "security_level" of type "SecurityLevel" in function "create_backup"
  f:\coding\plexichat\plexichat\src\plexichat\interfaces\cli\commands\backup.py:251:21 - error: No parameter named "output_dir" (reportCallIssue)
  f:\coding\plexichat\plexichat\src\plexichat\interfaces\cli\commands\backup.py:259:42 - error: Cannot access attribute "get" for class "BackupMetadata"
  f:\coding\plexichat\plexichat\src\plexichat\interfaces\cli\commands\backup.py:259:66 - error: Cannot access attribute "get" for class "BackupMetadata"
  f:\coding\plexichat\plexichat\src\plexichat\interfaces\cli\commands\backup.py:283:56 - error: Cannot access attribute "create_recovery_plan" for class "SimpleFileBackupManager"
  f:\coding\plexichat\plexichat\src\plexichat\interfaces\cli\commands\backup.py:285:39 - error: Argument of type "Literal[RecoveryMode.FULL_RESTORE] | None" cannot be assigned to parameter "recovery_mode" of type "RecoveryMode" in function "create_recovery_plan"
  f:\coding\plexichat\plexichat\src\plexichat\interfaces\cli\commands\backup.py:290:55 - error: Cannot access attribute "execute_recovery" for class "SimpleFileBackupManager"
  f:\coding\plexichat\plexichat\src\plexichat\interfaces\cli\commands\backup.py:299:52 - error: Cannot access attribute "create_recovery_plan" for class "SimpleFileBackupManager"
  f:\coding\plexichat\plexichat\src\plexichat\interfaces\cli\commands\backup.py:301:35 - error: Argument of type "Literal[RecoveryMode.FULL_RESTORE] | None" cannot be assigned to parameter "recovery_mode" of type "RecoveryMode" in function "create_recovery_plan"
  f:\coding\plexichat\plexichat\src\plexichat\interfaces\cli\commands\backup.py:306:51 - error: Cannot access attribute "execute_recovery" for class "SimpleFileBackupManager"
  f:\coding\plexichat\plexichat\src\plexichat\interfaces\cli\commands\backup.py:317:47 - error: Cannot access attribute "restore_backup" for class "BackupManager"
  f:\coding\plexichat\plexichat\src\plexichat\interfaces\cli\commands\backup.py:367:67 - error: Cannot access attribute "get" for class "BackupVerificationResult"
  f:\coding\plexichat\plexichat\src\plexichat\interfaces\cli\commands\backup.py:368:19 - error: Cannot access attribute "get" for class "BackupVerificationResult"
  f:\coding\plexichat\plexichat\src\plexichat\interfaces\cli\commands\backup.py:370:33 - error: Cannot access attribute "get" for class "BackupVerificationResult"
  f:\coding\plexichat\plexichat\src\plexichat\interfaces\cli\commands\backup.py:401:29 - error: Argument of type "Literal[BackupStrategy.SCHEDULED] | None" cannot be assigned to parameter "backup_strategy" of type "BackupStrategy" in function "create_backup_schedule"
  f:\coding\plexichat\plexichat\src\plexichat\interfaces\cli\commands\backup.py:402:25 - error: Argument of type "Any | str" cannot be assigned to parameter "backup_type" of type "BackupType" in function "create_backup_schedule"
  f:\coding\plexichat\plexichat\src\plexichat\interfaces\cli\commands\backup.py:403:28 - error: Argument of type "None" cannot be assigned to parameter "security_level" of type "SecurityLevel" in function "create_backup_schedule"
  f:\coding\plexichat\plexichat\src\plexichat\interfaces\cli\commands\backup.py:464:52 - error: Cannot access attribute "delete_backup" for class "BackupManager"
  f:\coding\plexichat\plexichat\src\plexichat\interfaces\cli\commands\backup.py:492:44 - error: Cannot access attribute "delete_backup" for class "BackupManager"
  f:\coding\plexichat\plexichat\src\plexichat\interfaces\cli\commands\database.py:33:45 - error: Cannot access attribute "performance_score" for class "obj"
  f:\coding\plexichat\plexichat\src\plexichat\interfaces\cli\commands\database.py:34:15 - error: Cannot access attribute "top_recommendations" for class "obj"
  f:\coding\plexichat\plexichat\src\plexichat\interfaces\cli\commands\database.py:36:27 - error: Cannot access attribute "top_recommendations" for class "obj"
  f:\coding\plexichat\plexichat\src\plexichat\interfaces\cli\commands\plugins.py:234:36 - error: Cannot access attribute "get_plugin_dashboard_data" for class "UnifiedPluginManager"
  f:\coding\plexichat\plexichat\src\plexichat\interfaces\cli\commands\plugins.py:254:44 - error: Cannot access attribute "install_plugin_from_zip" for class "UnifiedPluginManager"
  f:\coding\plexichat\plexichat\src\plexichat\interfaces\cli\commands\plugins.py:264:44 - error: Cannot access attribute "uninstall_plugin" for class "UnifiedPluginManager"
  f:\coding\plexichat\plexichat\src\plexichat\interfaces\cli\commands\plugins.py:301:44 - error: Cannot access attribute "update_plugin" for class "UnifiedPluginManager"
  f:\coding\plexichat\plexichat\src\plexichat\interfaces\cli\commands\plugins.py:307:44 - error: Cannot access attribute "check_for_updates" for class "UnifiedPluginManager"
  f:\coding\plexichat\plexichat\src\plexichat\interfaces\cli\commands\plugins.py:333:46 - error: Cannot access attribute "get" for class "PermissionRequest"
  f:\coding\plexichat\plexichat\src\plexichat\interfaces\cli\commands\plugins.py:333:72 - error: Cannot access attribute "get" for class "PermissionRequest"
  f:\coding\plexichat\plexichat\src\plexichat\interfaces\cli\commands\plugins.py:333:117 - error: Cannot access attribute "get" for class "PermissionRequest"
  f:\coding\plexichat\plexichat\src\plexichat\interfaces\cli\commands\plugins.py:333:161 - error: Cannot access attribute "get" for class "PermissionRequest"
  f:\coding\plexichat\plexichat\src\plexichat\interfaces\cli\commands\plugins.py:360:76 - error: Argument of type "str | PermissionType" cannot be assigned to parameter "permission_type" of type "PermissionType" in function "request_permission"
  f:\coding\plexichat\plexichat\src\plexichat\interfaces\cli\commands\plugins.py:378:72 - error: Argument of type "str | PermissionType" cannot be assigned to parameter "permission_type" of type "PermissionType" in function "approve_permission"
  f:\coding\plexichat\plexichat\src\plexichat\interfaces\cli\commands\plugins.py:380:28 - error: "Never" is not awaitable (reportGeneralTypeIssues)
  f:\coding\plexichat\plexichat\src\plexichat\interfaces\cli\commands\plugins.py:388:76 - error: Argument of type "str | PermissionType" cannot be assigned to parameter "permission_type" of type "PermissionType" in function "approve_permission"
  f:\coding\plexichat\plexichat\src\plexichat\interfaces\cli\commands\plugins.py:405:69 - error: Argument of type "str | PermissionType" cannot be assigned to parameter "permission_type" of type "PermissionType" in function "deny_permission"
  f:\coding\plexichat\plexichat\src\plexichat\interfaces\cli\commands\plugins.py:407:28 - error: "Never" is not awaitable (reportGeneralTypeIssues)
  f:\coding\plexichat\plexichat\src\plexichat\interfaces\cli\commands\plugins.py:468:28 - error: "Never" is not awaitable (reportGeneralTypeIssues)
  f:\coding\plexichat\plexichat\src\plexichat\interfaces\cli\commands\plugins.py:486:49 - error: Cannot access attribute "create_sandbox" for class "MockSecurityManager"
  f:\coding\plexichat\plexichat\src\plexichat\interfaces\cli\commands\plugins.py:533:68 - error: Argument of type "dict[Unknown, Unknown]" cannot be assigned to parameter "policy" of type "SecurityPolicy" in function "set_security_policy"
  f:\coding\plexichat\plexichat\src\plexichat\interfaces\cli\commands\plugins.py:545:44 - error: Cannot access attribute "get_recent_audit_events" for class "PluginSecurityManager"
  f:\coding\plexichat\plexichat\src\plexichat\interfaces\cli\commands\settings.py:20:47 - error: Type "() -> UnifiedConfigManager" is not assignable to declared type "() -> MockConfigManager"
  f:\coding\plexichat\plexichat\src\plexichat\interfaces\cli\commands\settings.py:218:30 - error: Cannot access attribute "network" for class "MockConfig"
  f:\coding\plexichat\plexichat\src\plexichat\interfaces\cli\commands\settings.py:230:31 - error: Cannot access attribute "security" for class "MockConfig"
  f:\coding\plexichat\plexichat\src\plexichat\interfaces\cli\commands\settings.py:238:31 - error: Cannot access attribute "database" for class "MockConfig"
  f:\coding\plexichat\plexichat\src\plexichat\interfaces\cli\commands\updates.py:85:17 - error: Cannot access attribute "breaking_changes" for class "obj"
  f:\coding\plexichat\plexichat\src\plexichat\interfaces\cli\commands\updates.py:88:19 - error: Cannot access attribute "success" for class "obj"
  f:\coding\plexichat\plexichat\src\plexichat\interfaces\cli\commands\updates.py:103:19 - error: Cannot access attribute "success" for class "obj"
  f:\coding\plexichat\plexichat\src\plexichat\interfaces\cli\console_manager.py:15:5 - error: "HAS_KEYBOARD" is constant (because it is uppercase) and cannot be redefined (reportConstantRedefinition)
  f:\coding\plexichat\plexichat\src\plexichat\interfaces\cli\console_manager.py:22:5 - error: "HAS_PSUTIL" is constant (because it is uppercase) and cannot be redefined (reportConstantRedefinition)
  f:\coding\plexichat\plexichat\src\plexichat\interfaces\cli\console_manager.py:36:5 - error: "RICH_AVAILABLE" is constant (because it is uppercase) and cannot be redefined (reportConstantRedefinition)
  f:\coding\plexichat\plexichat\src\plexichat\interfaces\cli\console_manager.py:77:37 - error: Variable not allowed in type expression (reportInvalidTypeForm)
  f:\coding\plexichat\plexichat\src\plexichat\interfaces\cli\console_manager.py:102:34 - error: Expected 0 positional arguments (reportCallIssue)
  f:\coding\plexichat\plexichat\src\plexichat\interfaces\cli\console_manager.py:102:55 - error: Argument of type "Console | object | None" cannot be assigned to parameter "console" of type "Console | None" in function "__init__"
  f:\coding\plexichat\plexichat\src\plexichat\interfaces\cli\console_manager.py:116:51 - error: Variable not allowed in type expression (reportInvalidTypeForm)
  f:\coding\plexichat\plexichat\src\plexichat\interfaces\cli\console_manager.py:121:16 - error: Cannot access attribute "split" for class "object"
  f:\coding\plexichat\plexichat\src\plexichat\interfaces\cli\console_manager.py:122:13 - error: Argument of type "Layout | object" cannot be assigned to parameter "layouts" of type "RenderableType | Layout" in function "split"
  f:\coding\plexichat\plexichat\src\plexichat\interfaces\cli\console_manager.py:122:20 - error: No parameter named "name" (reportCallIssue)
  f:\coding\plexichat\plexichat\src\plexichat\interfaces\cli\console_manager.py:122:35 - error: No parameter named "size" (reportCallIssue)
  f:\coding\plexichat\plexichat\src\plexichat\interfaces\cli\console_manager.py:123:13 - error: Argument of type "Layout | object" cannot be assigned to parameter "layouts" of type "RenderableType | Layout" in function "split"
  f:\coding\plexichat\plexichat\src\plexichat\interfaces\cli\console_manager.py:123:20 - error: No parameter named "ratio" (reportCallIssue)
  f:\coding\plexichat\plexichat\src\plexichat\interfaces\cli\console_manager.py:123:29 - error: No parameter named "name" (reportCallIssue)
  f:\coding\plexichat\plexichat\src\plexichat\interfaces\cli\console_manager.py:124:13 - error: Argument of type "Layout | object" cannot be assigned to parameter "layouts" of type "RenderableType | Layout" in function "split"
  f:\coding\plexichat\plexichat\src\plexichat\interfaces\cli\console_manager.py:124:20 - error: No parameter named "size" (reportCallIssue)
  f:\coding\plexichat\plexichat\src\plexichat\interfaces\cli\console_manager.py:124:28 - error: No parameter named "name" (reportCallIssue)
  f:\coding\plexichat\plexichat\src\plexichat\interfaces\cli\console_manager.py:126:9 - error: "__getitem__" method not defined on type "object" (reportIndexIssue)
  f:\coding\plexichat\plexichat\src\plexichat\interfaces\cli\console_manager.py:126:34 - error: Argument of type "Layout | object" cannot be assigned to parameter "layouts" of type "RenderableType | Layout" in function "split_row"
  f:\coding\plexichat\plexichat\src\plexichat\interfaces\cli\console_manager.py:126:41 - error: No parameter named "name" (reportCallIssue)
  f:\coding\plexichat\plexichat\src\plexichat\interfaces\cli\console_manager.py:126:55 - error: Argument of type "Layout | object" cannot be assigned to parameter "layouts" of type "RenderableType | Layout" in function "split_row"
  f:\coding\plexichat\plexichat\src\plexichat\interfaces\cli\console_manager.py:126:62 - error: No parameter named "name" (reportCallIssue)
  f:\coding\plexichat\plexichat\src\plexichat\interfaces\cli\console_manager.py:126:75 - error: No parameter named "ratio" (reportCallIssue)
  f:\coding\plexichat\plexichat\src\plexichat\interfaces\cli\console_manager.py:127:9 - error: "__getitem__" method not defined on type "object" (reportIndexIssue)
  f:\coding\plexichat\plexichat\src\plexichat\interfaces\cli\console_manager.py:127:30 - error: Argument of type "Layout | object" cannot be assigned to parameter "layouts" of type "RenderableType | Layout" in function "split"
  f:\coding\plexichat\plexichat\src\plexichat\interfaces\cli\console_manager.py:127:37 - error: No parameter named "name" (reportCallIssue)
  f:\coding\plexichat\plexichat\src\plexichat\interfaces\cli\console_manager.py:127:54 - error: Argument of type "Layout | object" cannot be assigned to parameter "layouts" of type "RenderableType | Layout" in function "split"
  f:\coding\plexichat\plexichat\src\plexichat\interfaces\cli\console_manager.py:127:61 - error: No parameter named "name" (reportCallIssue)
  f:\coding\plexichat\plexichat\src\plexichat\interfaces\cli\console_manager.py:147:36 - error: Variable not allowed in type expression (reportInvalidTypeForm)
  f:\coding\plexichat\plexichat\src\plexichat\interfaces\cli\console_manager.py:150:22 - error: Expected 0 positional arguments (reportCallIssue)
  f:\coding\plexichat\plexichat\src\plexichat\interfaces\cli\console_manager.py:150:28 - error: Cannot access attribute "center" for class "type[object]"
  f:\coding\plexichat\plexichat\src\plexichat\interfaces\cli\console_manager.py:152:34 - error: Variable not allowed in type expression (reportInvalidTypeForm)
  f:\coding\plexichat\plexichat\src\plexichat\interfaces\cli\console_manager.py:153:27 - error: No parameter named "show_header" (reportCallIssue)
  f:\coding\plexichat\plexichat\src\plexichat\interfaces\cli\console_manager.py:153:45 - error: No parameter named "header_style" (reportCallIssue)
  f:\coding\plexichat\plexichat\src\plexichat\interfaces\cli\console_manager.py:153:74 - error: No parameter named "expand" (reportCallIssue)
  f:\coding\plexichat\plexichat\src\plexichat\interfaces\cli\console_manager.py:154:19 - error: Cannot access attribute "add_column" for class "object"
  f:\coding\plexichat\plexichat\src\plexichat\interfaces\cli\console_manager.py:155:19 - error: Cannot access attribute "add_column" for class "object"
  f:\coding\plexichat\plexichat\src\plexichat\interfaces\cli\console_manager.py:156:19 - error: Cannot access attribute "add_column" for class "object"
  f:\coding\plexichat\plexichat\src\plexichat\interfaces\cli\console_manager.py:161:23 - error: Cannot access attribute "add_row" for class "object"
  f:\coding\plexichat\plexichat\src\plexichat\interfaces\cli\console_manager.py:166:22 - error: Argument of type "Table | object" cannot be assigned to parameter "renderable" of type "RenderableType" in function "__init__"
  f:\coding\plexichat\plexichat\src\plexichat\interfaces\cli\console_manager.py:166:22 - error: Expected 0 positional arguments (reportCallIssue)
  f:\coding\plexichat\plexichat\src\plexichat\interfaces\cli\console_manager.py:168:37 - error: Variable not allowed in type expression (reportInvalidTypeForm)
  f:\coding\plexichat\plexichat\src\plexichat\interfaces\cli\console_manager.py:176:22 - error: Expected 0 positional arguments (reportCallIssue)
  f:\coding\plexichat\plexichat\src\plexichat\interfaces\cli\console_manager.py:178:35 - error: Variable not allowed in type expression (reportInvalidTypeForm)
  f:\coding\plexichat\plexichat\src\plexichat\interfaces\cli\console_manager.py:184:22 - error: Expected 0 positional arguments (reportCallIssue)
  f:\coding\plexichat\plexichat\src\plexichat\interfaces\cli\console_manager.py:186:36 - error: Variable not allowed in type expression (reportInvalidTypeForm)
  f:\coding\plexichat\plexichat\src\plexichat\interfaces\cli\console_manager.py:187:22 - error: Expected 0 positional arguments (reportCallIssue)
  f:\coding\plexichat\plexichat\src\plexichat\interfaces\cli\interactive_dashboard.py:19:5 - error: "RICH_AVAILABLE" is constant (because it is uppercase) and cannot be redefined (reportConstantRedefinition)
  f:\coding\plexichat\plexichat\src\plexichat\interfaces\cli\interactive_dashboard.py:52:32 - error: Variable not allowed in type expression (reportInvalidTypeForm)
  f:\coding\plexichat\plexichat\src\plexichat\interfaces\cli\interactive_dashboard.py:55:16 - error: Cannot access attribute "split" for class "object"
  f:\coding\plexichat\plexichat\src\plexichat\interfaces\cli\interactive_dashboard.py:56:13 - error: Argument of type "Layout | object" cannot be assigned to parameter "layouts" of type "RenderableType | Layout" in function "split"
  f:\coding\plexichat\plexichat\src\plexichat\interfaces\cli\interactive_dashboard.py:56:20 - error: No parameter named "name" (reportCallIssue)
  f:\coding\plexichat\plexichat\src\plexichat\interfaces\cli\interactive_dashboard.py:56:35 - error: No parameter named "size" (reportCallIssue)
  f:\coding\plexichat\plexichat\src\plexichat\interfaces\cli\interactive_dashboard.py:57:13 - error: Argument of type "Layout | object" cannot be assigned to parameter "layouts" of type "RenderableType | Layout" in function "split"
  f:\coding\plexichat\plexichat\src\plexichat\interfaces\cli\interactive_dashboard.py:57:20 - error: No parameter named "name" (reportCallIssue)
  f:\coding\plexichat\plexichat\src\plexichat\interfaces\cli\interactive_dashboard.py:57:33 - error: No parameter named "ratio" (reportCallIssue)
  f:\coding\plexichat\plexichat\src\plexichat\interfaces\cli\interactive_dashboard.py:58:13 - error: Argument of type "Layout | object" cannot be assigned to parameter "layouts" of type "RenderableType | Layout" in function "split"
  f:\coding\plexichat\plexichat\src\plexichat\interfaces\cli\interactive_dashboard.py:58:20 - error: No parameter named "name" (reportCallIssue)
  f:\coding\plexichat\plexichat\src\plexichat\interfaces\cli\interactive_dashboard.py:58:35 - error: No parameter named "size" (reportCallIssue)
  f:\coding\plexichat\plexichat\src\plexichat\interfaces\cli\interactive_dashboard.py:60:9 - error: "__getitem__" method not defined on type "object" (reportIndexIssue)
  f:\coding\plexichat\plexichat\src\plexichat\interfaces\cli\interactive_dashboard.py:60:34 - error: Argument of type "Layout | object" cannot be assigned to parameter "layouts" of type "RenderableType | Layout" in function "split_row"
  f:\coding\plexichat\plexichat\src\plexichat\interfaces\cli\interactive_dashboard.py:60:41 - error: No parameter named "name" (reportCallIssue)
  f:\coding\plexichat\plexichat\src\plexichat\interfaces\cli\interactive_dashboard.py:60:54 - error: No parameter named "size" (reportCallIssue)
  f:\coding\plexichat\plexichat\src\plexichat\interfaces\cli\interactive_dashboard.py:60:64 - error: Argument of type "Layout | object" cannot be assigned to parameter "layouts" of type "RenderableType | Layout" in function "split_row"
  f:\coding\plexichat\plexichat\src\plexichat\interfaces\cli\interactive_dashboard.py:60:71 - error: No parameter named "name" (reportCallIssue)
  f:\coding\plexichat\plexichat\src\plexichat\interfaces\cli\interactive_dashboard.py:67:18 - error: Object of type "object" cannot be used with "with" because it does not correctly implement __enter__
  f:\coding\plexichat\plexichat\src\plexichat\interfaces\cli\interactive_dashboard.py:67:18 - error: Object of type "object" cannot be used with "with" because it does not correctly implement __exit__
  f:\coding\plexichat\plexichat\src\plexichat\interfaces\cli\interactive_dashboard.py:67:23 - error: Expected 0 positional arguments (reportCallIssue)
  f:\coding\plexichat\plexichat\src\plexichat\interfaces\cli\interactive_dashboard.py:67:44 - error: Argument of type "Console | object" cannot be assigned to parameter "console" of type "Console | None" in function "__init__"
  f:\coding\plexichat\plexichat\src\plexichat\interfaces\cli\interactive_dashboard.py:98:33 - error: Variable not allowed in type expression (reportInvalidTypeForm)
  f:\coding\plexichat\plexichat\src\plexichat\interfaces\cli\interactive_dashboard.py:99:22 - error: Expected 0 positional arguments (reportCallIssue)
  f:\coding\plexichat\plexichat\src\plexichat\interfaces\cli\interactive_dashboard.py:100:22 - error: Expected 0 positional arguments (reportCallIssue)
  f:\coding\plexichat\plexichat\src\plexichat\interfaces\cli\interactive_dashboard.py:100:28 - error: Cannot access attribute "center" for class "type[object]"
  f:\coding\plexichat\plexichat\src\plexichat\interfaces\cli\interactive_dashboard.py:100:35 - error: Argument of type "Text | object" cannot be assigned to parameter "renderable" of type "RenderableType" in function "center"
  f:\coding\plexichat\plexichat\src\plexichat\interfaces\cli\interactive_dashboard.py:102:34 - error: Variable not allowed in type expression (reportInvalidTypeForm)
  f:\coding\plexichat\plexichat\src\plexichat\interfaces\cli\interactive_dashboard.py:103:21 - error: Expected 0 positional arguments (reportCallIssue)
  f:\coding\plexichat\plexichat\src\plexichat\interfaces\cli\interactive_dashboard.py:106:18 - error: Cannot access attribute "add" for class "object"
  f:\coding\plexichat\plexichat\src\plexichat\interfaces\cli\interactive_dashboard.py:107:22 - error: Argument of type "Tree | object" cannot be assigned to parameter "renderable" of type "RenderableType" in function "__init__"
  f:\coding\plexichat\plexichat\src\plexichat\interfaces\cli\interactive_dashboard.py:107:22 - error: Expected 0 positional arguments (reportCallIssue)
  f:\coding\plexichat\plexichat\src\plexichat\interfaces\cli\interactive_dashboard.py:109:33 - error: Variable not allowed in type expression (reportInvalidTypeForm)
  f:\coding\plexichat\plexichat\src\plexichat\interfaces\cli\interactive_dashboard.py:110:21 - error: Expected 0 positional arguments (reportCallIssue)
  f:\coding\plexichat\plexichat\src\plexichat\interfaces\cli\interactive_dashboard.py:113:42 - error: Expected 0 positional arguments (reportCallIssue)
  f:\coding\plexichat\plexichat\src\plexichat\interfaces\cli\interactive_dashboard.py:116:42 - error: Expected 0 positional arguments (reportCallIssue)
  f:\coding\plexichat\plexichat\src\plexichat\interfaces\cli\interactive_dashboard.py:119:42 - error: Expected 0 positional arguments (reportCallIssue)
  f:\coding\plexichat\plexichat\src\plexichat\interfaces\cli\interactive_dashboard.py:122:42 - error: Expected 0 positional arguments (reportCallIssue)
  f:\coding\plexichat\plexichat\src\plexichat\interfaces\cli\interactive_dashboard.py:125:42 - error: Expected 0 positional arguments (reportCallIssue)
  f:\coding\plexichat\plexichat\src\plexichat\interfaces\cli\ultimate\cli_coordinator.py:66:34 - error: Argument of type "str | None" cannot be assigned to parameter "key" of type "str" in function "get"
  f:\coding\plexichat\plexichat\src\plexichat\interfaces\cli\ultimate\main.py:22:10 - error: "logging" is not defined (reportUndefinedVariable)
  f:\coding\plexichat\plexichat\src\plexichat\interfaces\web\__init__.py:41:13 - error: Argument of type "type[CORSMiddleware] | None" cannot be assigned to parameter "middleware_class" of type "_MiddlewareFactory[P@add_middleware]" in function "add_middleware"
  f:\coding\plexichat\plexichat\src\plexichat\interfaces\web\__init__.py:42:27 - error: Arguments for ParamSpec "P@add_middleware" are missing (reportCallIssue)
  f:\coding\plexichat\plexichat\src\plexichat\interfaces\web\core\mfa_manager.py:68:60 - error: "mfa_devices" is not a known attribute of "None" (reportOptionalMemberAccess)
  f:\coding\plexichat\plexichat\src\plexichat\interfaces\web\core\mfa_manager.py:69:61 - error: "mfa_sessions" is not a known attribute of "None" (reportOptionalMemberAccess)
  f:\coding\plexichat\plexichat\src\plexichat\interfaces\web\core\mfa_manager.py:70:65 - error: "mfa_backup_codes" is not a known attribute of "None" (reportOptionalMemberAccess)
  f:\coding\plexichat\plexichat\src\plexichat\interfaces\web\core\mfa_manager.py:71:63 - error: "mfa_challenges" is not a known attribute of "None" (reportOptionalMemberAccess)
  f:\coding\plexichat\plexichat\src\plexichat\interfaces\web\core\mfa_manager.py:130:51 - error: "get_devices" is not a known attribute of "None" (reportOptionalMemberAccess)
  f:\coding\plexichat\plexichat\src\plexichat\interfaces\web\core\mfa_manager.py:132:41 - error: "set_devices" is not a known attribute of "None" (reportOptionalMemberAccess)
  f:\coding\plexichat\plexichat\src\plexichat\interfaces\web\core\mfa_manager.py:139:41 - error: "set_challenge" is not a known attribute of "None" (reportOptionalMemberAccess)
  f:\coding\plexichat\plexichat\src\plexichat\interfaces\web\core\mfa_manager.py:202:67 - error: "get_session" is not a known attribute of "None" (reportOptionalMemberAccess)
  f:\coding\plexichat\plexichat\src\plexichat\interfaces\web\core\mfa_manager.py:225:81 - error: "get_challenge" is not a known attribute of "None" (reportOptionalMemberAccess)
  f:\coding\plexichat\plexichat\src\plexichat\interfaces\web\core\mfa_manager.py:231:61 - error: "set_challenge" is not a known attribute of "None" (reportOptionalMemberAccess)
  f:\coding\plexichat\plexichat\src\plexichat\interfaces\web\core\mfa_manager.py:253:37 - error: "set_backup_codes" is not a known attribute of "None" (reportOptionalMemberAccess)
  f:\coding\plexichat\plexichat\src\plexichat\interfaces\web\core\mfa_manager.py:260:59 - error: "get_backup_codes" is not a known attribute of "None" (reportOptionalMemberAccess)
  f:\coding\plexichat\plexichat\src\plexichat\interfaces\web\core\mfa_manager.py:274:53 - error: "set_backup_codes" is not a known attribute of "None" (reportOptionalMemberAccess)
  f:\coding\plexichat\plexichat\src\plexichat\interfaces\web\core\mfa_manager.py:291:61 - error: "get_devices" is not a known attribute of "None" (reportOptionalMemberAccess)
  f:\coding\plexichat\plexichat\src\plexichat\interfaces\web\core\mfa_manager.py:325:37 - error: "set_session" is not a known attribute of "None" (reportOptionalMemberAccess)
  f:\coding\plexichat\plexichat\src\plexichat\interfaces\web\core\mfa_manager.py:347:37 - error: "set_challenge" is not a known attribute of "None" (reportOptionalMemberAccess)
  f:\coding\plexichat\plexichat\src\plexichat\interfaces\web\core\mfa_manager.py:355:57 - error: "get_challenge" is not a known attribute of "None" (reportOptionalMemberAccess)
  f:\coding\plexichat\plexichat\src\plexichat\interfaces\web\core\mfa_manager.py:360:37 - error: "set_challenge" is not a known attribute of "None" (reportOptionalMemberAccess)
  f:\coding\plexichat\plexichat\src\plexichat\interfaces\web\core\mfa_manager.py:366:47 - error: "get_session" is not a known attribute of "None" (reportOptionalMemberAccess)
  f:\coding\plexichat\plexichat\src\plexichat\interfaces\web\core\mfa_manager.py:403:69 - error: "get_challenge" is not a known attribute of "None" (reportOptionalMemberAccess)
  f:\coding\plexichat\plexichat\src\plexichat\interfaces\web\core\mfa_manager.py:409:49 - error: "set_challenge" is not a known attribute of "None" (reportOptionalMemberAccess)
  f:\coding\plexichat\plexichat\src\plexichat\interfaces\web\core\mfa_manager.py:420:47 - error: "get_session" is not a known attribute of "None" (reportOptionalMemberAccess)
  f:\coding\plexichat\plexichat\src\plexichat\interfaces\web\core\mfa_manager.py:428:45 - error: "delete_session" is not a known attribute of "None" (reportOptionalMemberAccess)
  f:\coding\plexichat\plexichat\src\plexichat\interfaces\web\core\mfa_manager.py:443:44 - error: "get_session" is not a known attribute of "None" (reportOptionalMemberAccess)
  f:\coding\plexichat\plexichat\src\plexichat\interfaces\web\core\mfa_manager.py:448:51 - error: "get_devices" is not a known attribute of "None" (reportOptionalMemberAccess)
  f:\coding\plexichat\plexichat\src\plexichat\interfaces\web\core\mfa_manager.py:457:53 - error: "set_devices" is not a known attribute of "None" (reportOptionalMemberAccess)
  f:\coding\plexichat\plexichat\src\plexichat\interfaces\web\core\mfa_manager.py:497:61 - error: "get_devices" is not a known attribute of "None" (reportOptionalMemberAccess)
  f:\coding\plexichat\plexichat\src\plexichat\interfaces\web\core\mfa_manager.py:511:47 - error: "get_devices" is not a known attribute of "None" (reportOptionalMemberAccess)
  f:\coding\plexichat\plexichat\src\plexichat\interfaces\web\core\mfa_manager.py:520:49 - error: "set_devices" is not a known attribute of "None" (reportOptionalMemberAccess)
  f:\coding\plexichat\plexichat\src\plexichat\interfaces\web\core\mfa_manager.py:528:44 - error: "get_challenge" is not a known attribute of "None" (reportOptionalMemberAccess)
  f:\coding\plexichat\plexichat\src\plexichat\interfaces\web\core\mfa_manager.py:533:41 - error: "delete_session" is not a known attribute of "None" (reportOptionalMemberAccess)
  f:\coding\plexichat\plexichat\src\plexichat\interfaces\web\core\mfa_manager.py:536:41 - error: "delete_challenge" is not a known attribute of "None" (reportOptionalMemberAccess)
  f:\coding\plexichat\plexichat\src\plexichat\interfaces\web\middleware\comprehensive_security_middleware.py:31:47 - error: Type "() -> UnifiedAuthManager" is not assignable to declared type "() -> None"
  f:\coding\plexichat\plexichat\src\plexichat\interfaces\web\middleware\comprehensive_security_middleware.py:177:73 - error: Argument of type "Any | None" cannot be assigned to parameter "user_data" of type "Dict[Unknown, Unknown]" in function "_check_authorization"
  f:\coding\plexichat\plexichat\src\plexichat\interfaces\web\middleware\comprehensive_security_middleware.py:251:48 - error: Operator "+" not supported for types "Tuple[bool, SecurityContext | None, str | None]" and "list[None]" (reportOperatorIssue)
  f:\coding\plexichat\plexichat\src\plexichat\interfaces\web\middleware\comprehensive_security_middleware.py:317:36 - error: "Never" is not awaitable (reportGeneralTypeIssues)
  f:\coding\plexichat\plexichat\src\plexichat\interfaces\web\middleware\comprehensive_security_middleware.py:344:36 - error: "Never" is not awaitable (reportGeneralTypeIssues)
  f:\coding\plexichat\plexichat\src\plexichat\interfaces\web\middleware\comprehensive_security_middleware.py:388:54 - error: Cannot access attribute "check_endpoint_access" for class "ComprehensiveSecurityManager"
  f:\coding\plexichat\plexichat\src\plexichat\interfaces\web\middleware\comprehensive_security_middleware.py:428:71 - error: Argument of type "Any | str" cannot be assigned to parameter "status_code" of type "int" in function "request"
  f:\coding\plexichat\plexichat\src\plexichat\interfaces\web\middleware\comprehensive_security_middleware.py:551:58 - error: Cannot access attribute "get_security_headers" for class "ComprehensiveSecurityManager"
  f:\coding\plexichat\plexichat\src\plexichat\interfaces\web\middleware\security_middleware.py:44:36 - error: "get" is not a known attribute of "None" (reportOptionalMemberAccess)
  f:\coding\plexichat\plexichat\src\plexichat\interfaces\web\routers\admin.py:83:66 - error: "validate_input" is unknown import symbol (reportAttributeAccessIssue)
  f:\coding\plexichat\plexichat\src\plexichat\interfaces\web\routers\admin.py:84:9 - error: Type "type[plexichat.core.security.security_manager.SecurityLevel]" is not assignable to declared type "type[plexichat.interfaces.web.routers.admin.SecurityLevel]"
  f:\coding\plexichat\plexichat\src\plexichat\interfaces\web\routers\admin.py:84:24 - error: Type "type[plexichat.core.security.security_decorators.RequiredPermission]" is not assignable to declared type "type[plexichat.interfaces.web.routers.admin.RequiredPermission]"
  f:\coding\plexichat\plexichat\src\plexichat\interfaces\web\routers\admin.py:84:44 - error: "admin_endpoint" is unknown import symbol (reportAttributeAccessIssue)
  f:\coding\plexichat\plexichat\src\plexichat\interfaces\web\routers\admin.py:87:9 - error: "get_enhanced_logging_system" is unknown import symbol (reportAttributeAccessIssue)
  f:\coding\plexichat\plexichat\src\plexichat\interfaces\web\routers\admin.py:87:81 - error: "SecurityMetrics" is unknown import symbol (reportAttributeAccessIssue)
  f:\coding\plexichat\plexichat\src\plexichat\interfaces\web\routers\admin.py:126:5 - error: "ENHANCED_SECURITY_AVAILABLE" is constant (because it is uppercase) and cannot be redefined (reportConstantRedefinition)
  f:\coding\plexichat\plexichat\src\plexichat\interfaces\web\routers\admin.py:148:29 - error: Type "None" is not assignable to declared type "Set[str]"
  f:\coding\plexichat\plexichat\src\plexichat\interfaces\web\routers\admin.py:279:31 - error: Cannot assign to attribute "email" for class "UserCredentials"
  f:\coding\plexichat\plexichat\src\plexichat\interfaces\web\routers\admin.py:412:85 - error: Expression of type "None" cannot be assigned to parameter of type "Dict[str, Any]"
  f:\coding\plexichat\plexichat\src\plexichat\interfaces\web\routers\admin.py:483:67 - error: "get_cluster_status" is unknown import symbol (reportAttributeAccessIssue)
  f:\coding\plexichat\plexichat\src\plexichat\interfaces\web\routers\admin.py:488:66 - error: "get_backup_status" is unknown import symbol (reportAttributeAccessIssue)
  f:\coding\plexichat\plexichat\src\plexichat\interfaces\web\routers\admin.py:860:25 - error: No overloads for "get" match the provided arguments (reportCallIssue)
  f:\coding\plexichat\plexichat\src\plexichat\interfaces\web\routers\admin.py:860:42 - error: Argument of type "UploadFile | str" cannot be assigned to parameter "key" of type "str" in function "get"
  f:\coding\plexichat\plexichat\src\plexichat\interfaces\web\routers\admin.py:862:58 - error: Argument of type "UploadFile | str" cannot be assigned to parameter "p_name" of type "str" in function "grant_plugin_module_permission"
  f:\coding\plexichat\plexichat\src\plexichat\interfaces\web\routers\admin.py:940:65 - error: "ddos_protection_manager" is unknown import symbol (reportAttributeAccessIssue)
  f:\coding\plexichat\plexichat\src\plexichat\interfaces\web\routers\admin.py:981:65 - error: "ddos_protection_manager" is unknown import symbol (reportAttributeAccessIssue)
  f:\coding\plexichat\plexichat\src\plexichat\interfaces\web\routers\admin.py:1003:65 - error: "ddos_protection_manager" is unknown import symbol (reportAttributeAccessIssue)
  f:\coding\plexichat\plexichat\src\plexichat\interfaces\web\routers\admin.py:1023:65 - error: "ddos_protection_manager" is unknown import symbol (reportAttributeAccessIssue)
  f:\coding\plexichat\plexichat\src\plexichat\interfaces\web\routers\backup_management.py:20:9 - error: "get_backup_manager" is unknown import symbol (reportAttributeAccessIssue)
  f:\coding\plexichat\plexichat\src\plexichat\interfaces\web\routers\backup_management.py:20:29 - error: "BackupType" is unknown import symbol (reportAttributeAccessIssue)
  f:\coding\plexichat\plexichat\src\plexichat\interfaces\web\routers\backup_management.py:20:41 - error: "BackupStatus" is unknown import symbol (reportAttributeAccessIssue)
  f:\coding\plexichat\plexichat\src\plexichat\interfaces\web\routers\backup_management.py:21:9 - error: "create_database_backup" is unknown import symbol (reportAttributeAccessIssue)
  f:\coding\plexichat\plexichat\src\plexichat\interfaces\web\routers\backup_management.py:21:33 - error: "create_files_backup" is unknown import symbol (reportAttributeAccessIssue)
  f:\coding\plexichat\plexichat\src\plexichat\interfaces\web\routers\backup_management.py:21:54 - error: "create_full_backup" is unknown import symbol (reportAttributeAccessIssue)
  f:\coding\plexichat\plexichat\src\plexichat\interfaces\web\routers\backup_management.py:22:9 - error: "restore_backup" is unknown import symbol (reportAttributeAccessIssue)
  f:\coding\plexichat\plexichat\src\plexichat\interfaces\web\routers\backup_management.py:22:25 - error: "list_backups" is unknown import symbol (reportAttributeAccessIssue)
  f:\coding\plexichat\plexichat\src\plexichat\interfaces\web\routers\backup_management.py:27:5 - error: "BACKUP_AVAILABLE" is constant (because it is uppercase) and cannot be redefined (reportConstantRedefinition)
  f:\coding\plexichat\plexichat\src\plexichat\interfaces\web\routers\backup_management.py:165:42 - error: Object of type "None" cannot be called (reportOptionalCall)
  f:\coding\plexichat\plexichat\src\plexichat\interfaces\web\routers\backup_management.py:305:16 - error: Cannot access attribute "exception" for class "UnifiedLogger"
  f:\coding\plexichat\plexichat\src\plexichat\interfaces\web\routers\backup_management.py:346:103 - error: "isoformat" is not a known attribute of "None" (reportOptionalMemberAccess)
  f:\coding\plexichat\plexichat\src\plexichat\interfaces\web\routers\backup_management.py:363:16 - error: Cannot access attribute "exception" for class "UnifiedLogger"
  f:\coding\plexichat\plexichat\src\plexichat\interfaces\web\routers\backup_management.py:420:16 - error: Cannot access attribute "exception" for class "UnifiedLogger"
  f:\coding\plexichat\plexichat\src\plexichat\interfaces\web\routers\backup_management.py:454:16 - error: Cannot access attribute "exception" for class "UnifiedLogger"
  f:\coding\plexichat\plexichat\src\plexichat\interfaces\web\routers\backup_management.py:488:16 - error: Cannot access attribute "exception" for class "UnifiedLogger"
  f:\coding\plexichat\plexichat\src\plexichat\interfaces\web\routers\backup_management.py:524:16 - error: Cannot access attribute "exception" for class "UnifiedLogger"
  f:\coding\plexichat\plexichat\src\plexichat\interfaces\web\routers\backup_management.py:551:16 - error: Cannot access attribute "exception" for class "UnifiedLogger"
  f:\coding\plexichat\plexichat\src\plexichat\interfaces\web\routers\backup_management.py:601:16 - error: Cannot access attribute "exception" for class "UnifiedLogger"
  f:\coding\plexichat\plexichat\src\plexichat\interfaces\web\routers\backup_management.py:633:16 - error: Cannot access attribute "exception" for class "UnifiedLogger"
  f:\coding\plexichat\plexichat\src\plexichat\interfaces\web\routers\backup_management.py:651:16 - error: Cannot access attribute "exception" for class "UnifiedLogger"
  f:\coding\plexichat\plexichat\src\plexichat\interfaces\web\routers\backup_management.py:675:31 - error: Object of type "None" cannot be called (reportOptionalCall)
  f:\coding\plexichat\plexichat\src\plexichat\interfaces\web\routers\backup_management.py:688:16 - error: Cannot access attribute "exception" for class "UnifiedLogger"
  f:\coding\plexichat\plexichat\src\plexichat\interfaces\web\routers\backup_management.py:722:16 - error: Cannot access attribute "exception" for class "UnifiedLogger"
  f:\coding\plexichat\plexichat\src\plexichat\interfaces\web\routers\backup_management.py:727:106 - error: Expression of type "None" cannot be assigned to parameter of type "BackgroundTasks"
  f:\coding\plexichat\plexichat\src\plexichat\interfaces\web\routers\backup_management.py:749:16 - error: Cannot access attribute "exception" for class "UnifiedLogger"
  f:\coding\plexichat\plexichat\src\plexichat\interfaces\web\routers\backup_management.py:781:16 - error: Cannot access attribute "exception" for class "UnifiedLogger"
  f:\coding\plexichat\plexichat\src\plexichat\interfaces\web\routers\backup_management.py:815:16 - error: Cannot access attribute "exception" for class "UnifiedLogger"
  f:\coding\plexichat\plexichat\src\plexichat\interfaces\web\routers\backup_management.py:856:16 - error: Cannot access attribute "exception" for class "UnifiedLogger"
  f:\coding\plexichat\plexichat\src\plexichat\interfaces\web\routers\backup_management.py:893:16 - error: Cannot access attribute "exception" for class "UnifiedLogger"
  f:\coding\plexichat\plexichat\src\plexichat\interfaces\web\routers\cli.py:8:50 - error: "UnifiedCLI" is unknown import symbol (reportAttributeAccessIssue)
  f:\coding\plexichat\plexichat\src\plexichat\interfaces\web\routers\cluster.py:254:6 - error: Expression form not supported for decorator prior to Python 3.9
  f:\coding\plexichat\plexichat\src\plexichat\interfaces\web\routers\cluster.py:308:6 - error: Expression form not supported for decorator prior to Python 3.9
  f:\coding\plexichat\plexichat\src\plexichat\interfaces\web\routers\cluster.py:337:6 - error: Expression form not supported for decorator prior to Python 3.9
  f:\coding\plexichat\plexichat\src\plexichat\interfaces\web\routers\cluster.py:496:23 - error: "object" is not awaitable
  f:\coding\plexichat\plexichat\src\plexichat\interfaces\web\routers\cluster.py:522:23 - error: "object" is not awaitable
  f:\coding\plexichat\plexichat\src\plexichat\interfaces\web\routers\cluster.py:594:23 - error: "object" is not awaitable
  f:\coding\plexichat\plexichat\src\plexichat\interfaces\web\routers\config_management.py:18:59 - error: "ConfigCategory" is unknown import symbol (reportAttributeAccessIssue)
  f:\coding\plexichat\plexichat\src\plexichat\interfaces\web\routers\config_management.py:21:5 - error: "CONFIG_AVAILABLE" is constant (because it is uppercase) and cannot be redefined (reportConstantRedefinition)
  f:\coding\plexichat\plexichat\src\plexichat\interfaces\web\routers\config_management.py:51:14 - error: Argument missing for parameter "key" (reportCallIssue)
  f:\coding\plexichat\plexichat\src\plexichat\interfaces\web\routers\config_management.py:133:14 - error: Argument missing for parameter "key" (reportCallIssue)
  f:\coding\plexichat\plexichat\src\plexichat\interfaces\web\routers\config_management.py:170:14 - error: Argument missing for parameter "key" (reportCallIssue)
  f:\coding\plexichat\plexichat\src\plexichat\interfaces\web\routers\config_management.py:203:14 - error: Argument missing for parameter "key" (reportCallIssue)
  f:\coding\plexichat\plexichat\src\plexichat\interfaces\web\routers\config_management.py:232:14 - error: Argument missing for parameter "key" (reportCallIssue)
  f:\coding\plexichat\plexichat\src\plexichat\interfaces\web\routers\config_management.py:246:14 - error: Argument missing for parameter "key" (reportCallIssue)
  f:\coding\plexichat\plexichat\src\plexichat\interfaces\web\routers\config_management.py:261:18 - error: Argument missing for parameter "key" (reportCallIssue)
  f:\coding\plexichat\plexichat\src\plexichat\interfaces\web\routers\database_setup.py:67:6 - error: Expression form not supported for decorator prior to Python 3.9
  f:\coding\plexichat\plexichat\src\plexichat\interfaces\web\routers\database_setup.py:72:53 - error: Cannot access attribute "get_status" for class "DatabaseManager"
  f:\coding\plexichat\plexichat\src\plexichat\interfaces\web\routers\database_setup.py:175:56 - error: Cannot access attribute "run_migrations" for class "DatabaseManager"
  f:\coding\plexichat\plexichat\src\plexichat\interfaces\web\routers\database_setup.py:206:56 - error: Cannot access attribute "create_backup" for class "DatabaseManager"
  f:\coding\plexichat\plexichat\src\plexichat\interfaces\web\routers\database_setup.py:241:40 - error: Cannot access attribute "get" for class "bool"
  f:\coding\plexichat\plexichat\src\plexichat\interfaces\web\routers\database_setup.py:242:49 - error: Cannot access attribute "get" for class "bool"
  f:\coding\plexichat\plexichat\src\plexichat\interfaces\web\routers\database_setup.py:243:49 - error: Cannot access attribute "get" for class "bool"
  f:\coding\plexichat\plexichat\src\plexichat\interfaces\web\routers\database_setup.py:244:48 - error: Cannot access attribute "get" for class "bool"
  f:\coding\plexichat\plexichat\src\plexichat\interfaces\web\routers\files.py:230:6 - error: Expression form not supported for decorator prior to Python 3.9
  f:\coding\plexichat\plexichat\src\plexichat\interfaces\web\routers\files.py:305:6 - error: Expression form not supported for decorator prior to Python 3.9
  f:\coding\plexichat\plexichat\src\plexichat\interfaces\web\routers\login.py:82:6 - error: Expression form not supported for decorator prior to Python 3.9
  f:\coding\plexichat\plexichat\src\plexichat\interfaces\web\routers\login.py:110:6 - error: Expression form not supported for decorator prior to Python 3.9
  f:\coding\plexichat\plexichat\src\plexichat\interfaces\web\routers\messages.py:106:62 - error: "validate_input" is unknown import symbol (reportAttributeAccessIssue)
  f:\coding\plexichat\plexichat\src\plexichat\interfaces\web\routers\messages.py:166:56 - error: Cannot access attribute "execute_query" for class "DatabaseManager"
  f:\coding\plexichat\plexichat\src\plexichat\interfaces\web\routers\messages.py:168:52 - error: Cannot access attribute "execute_query" for class "DatabaseManager"
  f:\coding\plexichat\plexichat\src\plexichat\interfaces\web\routers\messages.py:223:5 - error: No parameter named "auth_level" (reportCallIssue)
  f:\coding\plexichat\plexichat\src\plexichat\interfaces\web\routers\messages.py:224:5 - error: No parameter named "permissions" (reportCallIssue)
  f:\coding\plexichat\plexichat\src\plexichat\interfaces\web\routers\messages.py:241:33 - error: "object" is not awaitable
  f:\coding\plexichat\plexichat\src\plexichat\interfaces\web\routers\messages.py:303:51 - error: Cannot access attribute "execute_query" for class "DatabaseManager"
  f:\coding\plexichat\plexichat\src\plexichat\interfaces\web\routers\rate_limiting_admin.py:16:37 - error: Type "type[plexichat.core.security.security_manager.SecurityLevel]" is not assignable to declared type "type[plexichat.interfaces.web.routers.rate_limiting_admin.SecurityLevel]"
  f:\coding\plexichat\plexichat\src\plexichat\interfaces\web\routers\rate_limiting_admin.py:21:1 - error: Unexpected indentation
  f:\coding\plexichat\plexichat\src\plexichat\interfaces\web\routers\rate_limiting_admin.py:21:51 - error: "e" is not defined (reportUndefinedVariable)
  f:\coding\plexichat\plexichat\src\plexichat\interfaces\web\routers\rate_limiting_admin.py:60:1 - error: Unindent not expected
  f:\coding\plexichat\plexichat\src\plexichat\interfaces\web\routers\rate_limiting_admin.py:81:33 - error: Cannot access attribute "get_config_summary" for class "None"
  f:\coding\plexichat\plexichat\src\plexichat\interfaces\web\routers\rate_limiting_admin.py:87:52 - error: "type[AccountType]" is not iterable
  f:\coding\plexichat\plexichat\src\plexichat\interfaces\web\routers\rate_limiting_admin.py:275:44 - error: Cannot access attribute "get_config_summary" for class "None"
  f:\coding\plexichat\plexichat\src\plexichat\interfaces\web\routers\rate_limiting_admin.py:291:19 - error: Argument missing for parameter "config" (reportCallIssue)
  f:\coding\plexichat\plexichat\src\plexichat\interfaces\web\routers\rate_limiting_admin.py:292:13 - error: No parameter named "global_enabled" (reportCallIssue)
  f:\coding\plexichat\plexichat\src\plexichat\interfaces\web\routers\rate_limiting_admin.py:293:13 - error: No parameter named "strict_mode" (reportCallIssue)
  f:\coding\plexichat\plexichat\src\plexichat\interfaces\web\routers\rate_limiting_admin.py:299:20 - error: Cannot access attribute "dynamic_config" for class "None"
  f:\coding\plexichat\plexichat\src\plexichat\interfaces\web\routers\rate_limiting_admin.py:300:20 - error: Cannot access attribute "save_config" for class "None"
  f:\coding\plexichat\plexichat\src\plexichat\interfaces\web\routers\rate_limiting_admin.py:322:41 - error: Expected 0 positional arguments (reportCallIssue)
  f:\coding\plexichat\plexichat\src\plexichat\interfaces\web\routers\rate_limiting_admin.py:325:16 - error: Cannot access attribute "update_account_limit" for class "None"
  f:\coding\plexichat\plexichat\src\plexichat\interfaces\web\routers\rate_limiting_admin.py:352:16 - error: Cannot access attribute "add_to_blacklist" for class "None"
  f:\coding\plexichat\plexichat\src\plexichat\interfaces\web\routers\rate_limiting_admin.py:367:16 - error: Cannot access attribute "remove_from_blacklist" for class "None"
  f:\coding\plexichat\plexichat\src\plexichat\interfaces\web\routers\rate_limiting_admin.py:383:28 - error: Cannot access attribute "get_config_summary" for class "None"
  f:\coding\plexichat\plexichat\src\plexichat\interfaces\web\routers\rate_limiting_admin.py:398:16 - error: Cannot assign to attribute "account_type_limits" for class "None"
  f:\coding\plexichat\plexichat\src\plexichat\interfaces\web\routers\rate_limiting_admin.py:398:45 - error: Cannot access attribute "_get_default_account_limits" for class "None"
  f:\coding\plexichat\plexichat\src\plexichat\interfaces\web\routers\rate_limiting_admin.py:399:16 - error: Cannot assign to attribute "dynamic_config" for class "None"
  f:\coding\plexichat\plexichat\src\plexichat\interfaces\web\routers\rate_limiting_admin.py:400:16 - error: Cannot assign to attribute "ip_blacklist_config" for class "None"
  f:\coding\plexichat\plexichat\src\plexichat\interfaces\web\routers\rate_limiting_admin.py:401:16 - error: Cannot access attribute "save_config" for class "None"
  f:\coding\plexichat\plexichat\src\plexichat\interfaces\web\routers\secure_api_example.py:13:60 - error: "validate_input" is unknown import symbol (reportAttributeAccessIssue)
  f:\coding\plexichat\plexichat\src\plexichat\interfaces\web\routers\secure_api_example.py:14:22 - error: "admin_endpoint" is unknown import symbol (reportAttributeAccessIssue)
  f:\coding\plexichat\plexichat\src\plexichat\interfaces\web\routers\secure_api_example.py:17:5 - error: "get_logging_system" is unknown import symbol (reportAttributeAccessIssue)
  f:\coding\plexichat\plexichat\src\plexichat\interfaces\web\routers\secure_api_example.py:17:48 - error: "PerformanceMetrics" is unknown import symbol (reportAttributeAccessIssue)
  f:\coding\plexichat\plexichat\src\plexichat\interfaces\web\routers\secure_api_example.py:19:1 - error: Unexpected indentation
  f:\coding\plexichat\plexichat\src\plexichat\interfaces\web\routers\secure_api_example.py:19:48 - error: "e" is not defined (reportUndefinedVariable)
  f:\coding\plexichat\plexichat\src\plexichat\interfaces\web\routers\secure_api_example.py:57:1 - error: Unindent not expected
  f:\coding\plexichat\plexichat\src\plexichat\interfaces\web\routers\secure_api_example.py:96:22 - error: Cannot access attribute "INFO" for class "type[LogLevel]"
  f:\coding\plexichat\plexichat\src\plexichat\interfaces\web\routers\secure_api_example.py:98:34 - error: Cannot access attribute "API" for class "type[LogCategory]"
  f:\coding\plexichat\plexichat\src\plexichat\interfaces\web\routers\secure_api_example.py:113:30 - error: Cannot access attribute "AUTHENTICATED" for class "type[SecurityLevel]"
  f:\coding\plexichat\plexichat\src\plexichat\interfaces\web\routers\secure_api_example.py:117:67 - error: Expression of type "None" cannot be assigned to parameter of type "Dict[Unknown, Unknown]"
  f:\coding\plexichat\plexichat\src\plexichat\interfaces\web\routers\secure_api_example.py:127:14 - error: Object of type "PerformanceTracker" cannot be used with "with" because it does not correctly implement __enter__
  f:\coding\plexichat\plexichat\src\plexichat\interfaces\web\routers\secure_api_example.py:127:14 - error: Object of type "PerformanceTracker" cannot be used with "with" because it does not correctly implement __exit__
  f:\coding\plexichat\plexichat\src\plexichat\interfaces\web\routers\secure_api_example.py:127:14 - error: Object of type "PerformanceTracker" cannot be used with "with" because it does not correctly implement __exit__
  f:\coding\plexichat\plexichat\src\plexichat\interfaces\web\routers\secure_api_example.py:127:33 - error: Expected 0 positional arguments (reportCallIssue)
  f:\coding\plexichat\plexichat\src\plexichat\interfaces\web\routers\secure_api_example.py:158:29 - error: Cannot access attribute "ELEVATED" for class "type[SecurityLevel]"
  f:\coding\plexichat\plexichat\src\plexichat\interfaces\web\routers\secure_api_example.py:158:71 - error: Cannot access attribute "WRITE" for class "type[RequiredPermission]"
  f:\coding\plexichat\plexichat\src\plexichat\interfaces\web\routers\secure_api_example.py:164:26 - error: Expression of type "None" cannot be assigned to parameter of type "Dict[Unknown, Unknown]"
  f:\coding\plexichat\plexichat\src\plexichat\interfaces\web\routers\secure_api_example.py:171:41 - error: Cannot access attribute "API" for class "type[LogCategory]"
  f:\coding\plexichat\plexichat\src\plexichat\interfaces\web\routers\secure_api_example.py:186:22 - error: Cannot access attribute "AUDIT" for class "type[LogLevel]"
  f:\coding\plexichat\plexichat\src\plexichat\interfaces\web\routers\secure_api_example.py:188:34 - error: Cannot access attribute "AUDIT" for class "type[LogCategory]"
  f:\coding\plexichat\plexichat\src\plexichat\interfaces\web\routers\secure_api_example.py:208:37 - error: Cannot access attribute "ADMIN" for class "type[RequiredPermission]"
  f:\coding\plexichat\plexichat\src\plexichat\interfaces\web\routers\secure_api_example.py:215:26 - error: Expression of type "None" cannot be assigned to parameter of type "Dict[Unknown, Unknown]"
  f:\coding\plexichat\plexichat\src\plexichat\interfaces\web\routers\secure_api_example.py:221:22 - error: Cannot access attribute "SECURITY" for class "type[LogLevel]"
  f:\coding\plexichat\plexichat\src\plexichat\interfaces\web\routers\secure_api_example.py:223:34 - error: Cannot access attribute "SECURITY" for class "type[LogCategory]"
  f:\coding\plexichat\plexichat\src\plexichat\interfaces\web\routers\secure_api_example.py:249:29 - error: Cannot access attribute "SYSTEM" for class "type[SecurityLevel]"
  f:\coding\plexichat\plexichat\src\plexichat\interfaces\web\routers\secure_api_example.py:256:26 - error: Expression of type "None" cannot be assigned to parameter of type "Dict[Unknown, Unknown]"
  f:\coding\plexichat\plexichat\src\plexichat\interfaces\web\routers\secure_api_example.py:262:22 - error: Cannot access attribute "CRITICAL" for class "type[LogLevel]"
  f:\coding\plexichat\plexichat\src\plexichat\interfaces\web\routers\secure_api_example.py:264:34 - error: Cannot access attribute "SYSTEM" for class "type[LogCategory]"
  f:\coding\plexichat\plexichat\src\plexichat\interfaces\web\routers\secure_api_example.py:287:30 - error: Cannot access attribute "AUTHENTICATED" for class "type[SecurityLevel]"
  f:\coding\plexichat\plexichat\src\plexichat\interfaces\web\routers\secure_api_example.py:295:26 - error: Expression of type "None" cannot be assigned to parameter of type "Dict[Unknown, Unknown]"
  f:\coding\plexichat\plexichat\src\plexichat\interfaces\web\routers\secure_api_example.py:301:10 - error: Object of type "PerformanceTracker" cannot be used with "with" because it does not correctly implement __enter__
  f:\coding\plexichat\plexichat\src\plexichat\interfaces\web\routers\secure_api_example.py:301:10 - error: Object of type "PerformanceTracker" cannot be used with "with" because it does not correctly implement __exit__
  f:\coding\plexichat\plexichat\src\plexichat\interfaces\web\routers\secure_api_example.py:301:10 - error: Object of type "PerformanceTracker" cannot be used with "with" because it does not correctly implement __exit__
  f:\coding\plexichat\plexichat\src\plexichat\interfaces\web\routers\secure_api_example.py:301:29 - error: Expected 0 positional arguments (reportCallIssue)
  f:\coding\plexichat\plexichat\src\plexichat\interfaces\web\routers\secure_api_example.py:325:22 - error: Cannot access attribute "PERFORMANCE" for class "type[LogLevel]"
  f:\coding\plexichat\plexichat\src\plexichat\interfaces\web\routers\secure_api_example.py:327:34 - error: Cannot access attribute "PERFORMANCE" for class "type[LogCategory]"
  f:\coding\plexichat\plexichat\src\plexichat\interfaces\web\routers\secure_api_example.py:357:29 - error: Cannot access attribute "AUTHENTICATED" for class "type[SecurityLevel]"
  f:\coding\plexichat\plexichat\src\plexichat\interfaces\web\routers\secure_api_example.py:357:76 - error: Cannot access attribute "WRITE" for class "type[RequiredPermission]"
  f:\coding\plexichat\plexichat\src\plexichat\interfaces\web\routers\secure_api_example.py:362:26 - error: Expression of type "None" cannot be assigned to parameter of type "Dict[Unknown, Unknown]"
  f:\coding\plexichat\plexichat\src\plexichat\interfaces\web\routers\secure_api_example.py:368:22 - error: Cannot access attribute "INFO" for class "type[LogLevel]"
  f:\coding\plexichat\plexichat\src\plexichat\interfaces\web\routers\secure_api_example.py:370:34 - error: Cannot access attribute "API" for class "type[LogCategory]"
  f:\coding\plexichat\plexichat\src\plexichat\interfaces\web\routers\secure_api_example.py:418:22 - error: Cannot access attribute "INFO" for class "type[LogLevel]"
  f:\coding\plexichat\plexichat\src\plexichat\interfaces\web\routers\secure_api_example.py:420:34 - error: Cannot access attribute "MONITORING" for class "type[LogCategory]"
  f:\coding\plexichat\plexichat\src\plexichat\interfaces\web\routers\secure_api_example.py:431:71 - error: Expression of type "None" cannot be assigned to parameter of type "Dict[Unknown, Unknown]"
  f:\coding\plexichat\plexichat\src\plexichat\interfaces\web\routers\secure_api_example.py:439:30 - error: Cannot access attribute "SECURITY" for class "type[LogCategory]"
  f:\coding\plexichat\plexichat\src\plexichat\interfaces\web\routers\secure_api_example.py:447:22 - error: "Never" is not iterable (reportGeneralTypeIssues)
  f:\coding\plexichat\plexichat\src\plexichat\interfaces\web\routers\secure_api_example.py:465:24 - error: "Never" is not iterable (reportGeneralTypeIssues)
  f:\coding\plexichat\plexichat\src\plexichat\interfaces\web\routers\security_management.py:33:58 - error: "get_security_manager" is unknown import symbol (reportAttributeAccessIssue)
  f:\coding\plexichat\plexichat\src\plexichat\interfaces\web\routers\security_management.py:89:23 - error: No overloads for "Field" match the provided arguments
  f:\coding\plexichat\plexichat\src\plexichat\interfaces\web\routers\security_management.py:96:23 - error: No overloads for "Field" match the provided arguments
  f:\coding\plexichat\plexichat\src\plexichat\interfaces\web\routers\security_management.py:100:23 - error: No overloads for "Field" match the provided arguments
  f:\coding\plexichat\plexichat\src\plexichat\interfaces\web\routers\security_management.py:245:46 - error: Cannot assign to attribute "ip_block_threshold" for class "DDoSProtectionConfig"
  f:\coding\plexichat\plexichat\src\plexichat\interfaces\web\routers\security_management.py:252:30 - error: Cannot access attribute "save_config" for class "UnifiedConfigManager"
  f:\coding\plexichat\plexichat\src\plexichat\interfaces\web\routers\security_management.py:359:17 - error: Argument of type "int | None" cannot be assigned to parameter "duration_seconds" of type "int" in function "block_ip"
  f:\coding\plexichat\plexichat\src\plexichat\interfaces\web\routers\setup.py:24:1 - error: Unexpected indentation
  f:\coding\plexichat\plexichat\src\plexichat\interfaces\web\routers\setup.py:33:1 - error: Unindent not expected
  f:\coding\plexichat\plexichat\src\plexichat\interfaces\web\routers\setup.py:128:34 - error: Subscript for class "dict" will generate runtime exception; enclose type expression in quotes (reportIndexIssue)
  f:\coding\plexichat\plexichat\src\plexichat\interfaces\web\routers\setup.py:134:64 - error: Subscript for class "dict" will generate runtime exception; enclose type expression in quotes (reportIndexIssue)
  f:\coding\plexichat\plexichat\src\plexichat\interfaces\web\routers\setup.py:136:26 - error: "get_stats" is not a known attribute of "None" (reportOptionalMemberAccess)
  f:\coding\plexichat\plexichat\src\plexichat\interfaces\web\routers\setup.py:143:25 - error: "check_rate_limit" is not a known attribute of "None" (reportOptionalMemberAccess)
  f:\coding\plexichat\plexichat\src\plexichat\interfaces\web\routers\setup.py:145:18 - error: "record_attempt" is not a known attribute of "None" (reportOptionalMemberAccess)
  f:\coding\plexichat\plexichat\src\plexichat\interfaces\web\routers\setup.py:152:25 - error: "check_rate_limit" is not a known attribute of "None" (reportOptionalMemberAccess)
  f:\coding\plexichat\plexichat\src\plexichat\interfaces\web\routers\setup.py:154:18 - error: "record_attempt" is not a known attribute of "None" (reportOptionalMemberAccess)
  f:\coding\plexichat\plexichat\src\plexichat\interfaces\web\routers\setup.py:512:20 - error: Object of type "None" cannot be called (reportOptionalCall)
  f:\coding\plexichat\plexichat\src\plexichat\interfaces\web\routers\setup.py:527:20 - error: Object of type "None" cannot be called (reportOptionalCall)
  f:\coding\plexichat\plexichat\src\plexichat\interfaces\web\routers\setup.py:550:73 - error: Object of type "None" cannot be called (reportOptionalCall)
  f:\coding\plexichat\plexichat\src\plexichat\interfaces\web\routers\setup.py:563:36 - error: Subscript for class "dict" will generate runtime exception; enclose type expression in quotes (reportIndexIssue)
  f:\coding\plexichat\plexichat\src\plexichat\interfaces\web\routers\setup.py:593:20 - error: Object of type "None" cannot be called (reportOptionalCall)
  f:\coding\plexichat\plexichat\src\plexichat\interfaces\web\routers\setup.py:685:20 - error: Object of type "None" cannot be called (reportOptionalCall)
  f:\coding\plexichat\plexichat\src\plexichat\interfaces\web\routers\setup.py:712:73 - error: Object of type "None" cannot be called (reportOptionalCall)
  f:\coding\plexichat\plexichat\src\plexichat\interfaces\web\routers\setup.py:765:20 - error: Object of type "None" cannot be called (reportOptionalCall)
  f:\coding\plexichat\plexichat\src\plexichat\interfaces\web\routers\setup.py:767:18 - error: Object of type "None" cannot be called (reportOptionalCall)
  f:\coding\plexichat\plexichat\src\plexichat\interfaces\web\routers\status.py:82:6 - error: Expression form not supported for decorator prior to Python 3.9
  f:\coding\plexichat\plexichat\src\plexichat\interfaces\web\routers\status.py:94:6 - error: Expression form not supported for decorator prior to Python 3.9
  f:\coding\plexichat\plexichat\src\plexichat\interfaces\web\routers\status.py:110:6 - error: Expression form not supported for decorator prior to Python 3.9
  f:\coding\plexichat\plexichat\src\plexichat\interfaces\web\routers\status.py:124:30 - error: Object of type "(func: Unknown) -> ((...) -> Unknown)" cannot be used with "with" because it does not correctly implement __enter__ (reportGeneralTypeIssues)
  f:\coding\plexichat\plexichat\src\plexichat\interfaces\web\routers\status.py:124:30 - error: Object of type "(func: Unknown) -> ((...) -> Unknown)" cannot be used with "with" because it does not correctly implement __exit__ (reportGeneralTypeIssues)
  f:\coding\plexichat\plexichat\src\plexichat\interfaces\web\routers\status.py:133:30 - error: Object of type "(func: Unknown) -> ((...) -> Unknown)" cannot be used with "with" because it does not correctly implement __enter__ (reportGeneralTypeIssues)
  f:\coding\plexichat\plexichat\src\plexichat\interfaces\web\routers\status.py:133:30 - error: Object of type "(func: Unknown) -> ((...) -> Unknown)" cannot be used with "with" because it does not correctly implement __exit__ (reportGeneralTypeIssues)
  f:\coding\plexichat\plexichat\src\plexichat\interfaces\web\routers\status.py:142:30 - error: Object of type "(func: Unknown) -> ((...) -> Unknown)" cannot be used with "with" because it does not correctly implement __enter__ (reportGeneralTypeIssues)
  f:\coding\plexichat\plexichat\src\plexichat\interfaces\web\routers\status.py:142:30 - error: Object of type "(func: Unknown) -> ((...) -> Unknown)" cannot be used with "with" because it does not correctly implement __exit__ (reportGeneralTypeIssues)
  f:\coding\plexichat\plexichat\src\plexichat\interfaces\web\routers\system.py:123:6 - error: Expression form not supported for decorator prior to Python 3.9
  f:\coding\plexichat\plexichat\src\plexichat\interfaces\web\routers\system.py:166:6 - error: Expression form not supported for decorator prior to Python 3.9
  f:\coding\plexichat\plexichat\src\plexichat\interfaces\web\routers\system.py:219:6 - error: Expression form not supported for decorator prior to Python 3.9
  f:\coding\plexichat\plexichat\src\plexichat\interfaces\web\routers\ultimate_webui.py:17:37 - error: "get_current_user_optional" is unknown import symbol (reportAttributeAccessIssue)
  f:\coding\plexichat\plexichat\src\plexichat\interfaces\web\routers\ultimate_webui.py:18:69 - error: "rate_limit" is unknown import symbol (reportAttributeAccessIssue)
  f:\coding\plexichat\plexichat\src\plexichat\interfaces\web\routers\ultimate_webui.py:18:81 - error: "audit_access" is unknown import symbol (reportAttributeAccessIssue)
  f:\coding\plexichat\plexichat\src\plexichat\interfaces\web\routers\ultimate_webui.py:63:43 - error: Cannot access attribute "version" for class "UnifiedConfig"
  f:\coding\plexichat\plexichat\src\plexichat\interfaces\web\routers\ultimate_webui.py:63:43 - error: Cannot access attribute "version" for class "MinimalConfig"
  f:\coding\plexichat\plexichat\src\plexichat\interfaces\web\routers\updates.py:100:6 - error: Expression form not supported for decorator prior to Python 3.9
  f:\coding\plexichat\plexichat\src\plexichat\interfaces\web\routers\updates.py:117:30 - error: Object of type "(func: Unknown) -> ((...) -> Unknown)" cannot be used with "with" because it does not correctly implement __enter__ (reportGeneralTypeIssues)
  f:\coding\plexichat\plexichat\src\plexichat\interfaces\web\routers\updates.py:117:30 - error: Object of type "(func: Unknown) -> ((...) -> Unknown)" cannot be used with "with" because it does not correctly implement __exit__ (reportGeneralTypeIssues)
  f:\coding\plexichat\plexichat\src\plexichat\interfaces\web\routers\updates.py:156:6 - error: Expression form not supported for decorator prior to Python 3.9
  f:\coding\plexichat\plexichat\src\plexichat\interfaces\web\routers\updates.py:170:26 - error: Object of type "(func: Unknown) -> ((...) -> Unknown)" cannot be used with "with" because it does not correctly implement __enter__ (reportGeneralTypeIssues)
  f:\coding\plexichat\plexichat\src\plexichat\interfaces\web\routers\updates.py:170:26 - error: Object of type "(func: Unknown) -> ((...) -> Unknown)" cannot be used with "with" because it does not correctly implement __exit__ (reportGeneralTypeIssues)
  f:\coding\plexichat\plexichat\src\plexichat\interfaces\web\routers\updates.py:196:6 - error: Expression form not supported for decorator prior to Python 3.9
  f:\coding\plexichat\plexichat\src\plexichat\interfaces\web\routers\updates.py:216:26 - error: Object of type "(func: Unknown) -> ((...) -> Unknown)" cannot be used with "with" because it does not correctly implement __enter__ (reportGeneralTypeIssues)
  f:\coding\plexichat\plexichat\src\plexichat\interfaces\web\routers\updates.py:216:26 - error: Object of type "(func: Unknown) -> ((...) -> Unknown)" cannot be used with "with" because it does not correctly implement __exit__ (reportGeneralTypeIssues)
  f:\coding\plexichat\plexichat\src\plexichat\interfaces\web\routers\users.py:130:5 - error: "ENHANCED_SECURITY_AVAILABLE" is constant (because it is uppercase) and cannot be redefined (reportConstantRedefinition)
  f:\coding\plexichat\plexichat\src\plexichat\interfaces\web\routers\users.py:170:6 - error: Expression form not supported for decorator prior to Python 3.9
  f:\coding\plexichat\plexichat\src\plexichat\interfaces\web\routers\users.py:247:6 - error: Expression form not supported for decorator prior to Python 3.9
  f:\coding\plexichat\plexichat\src\plexichat\interfaces\web\routers\users.py:320:6 - error: Expression form not supported for decorator prior to Python 3.9
  f:\coding\plexichat\plexichat\src\plexichat\interfaces\web\routers\web.py:62:6 - error: Expression form not supported for decorator prior to Python 3.9
  f:\coding\plexichat\plexichat\src\plexichat\interfaces\web\routers\web.py:79:30 - error: Object of type "(func: Unknown) -> ((...) -> Unknown)" cannot be used with "with" because it does not correctly implement __enter__ (reportGeneralTypeIssues)
  f:\coding\plexichat\plexichat\src\plexichat\interfaces\web\routers\web.py:79:30 - error: Object of type "(func: Unknown) -> ((...) -> Unknown)" cannot be used with "with" because it does not correctly implement __exit__ (reportGeneralTypeIssues)
  f:\coding\plexichat\plexichat\src\plexichat\interfaces\web\routers\web.py:94:30 - error: Object of type "(func: Unknown) -> ((...) -> Unknown)" cannot be used with "with" because it does not correctly implement __enter__ (reportGeneralTypeIssues)
  f:\coding\plexichat\plexichat\src\plexichat\interfaces\web\routers\web.py:94:30 - error: Object of type "(func: Unknown) -> ((...) -> Unknown)" cannot be used with "with" because it does not correctly implement __exit__ (reportGeneralTypeIssues)
  f:\coding\plexichat\plexichat\src\plexichat\interfaces\web\routers\web.py:109:30 - error: Object of type "(func: Unknown) -> ((...) -> Unknown)" cannot be used with "with" because it does not correctly implement __enter__ (reportGeneralTypeIssues)
  f:\coding\plexichat\plexichat\src\plexichat\interfaces\web\routers\web.py:109:30 - error: Object of type "(func: Unknown) -> ((...) -> Unknown)" cannot be used with "with" because it does not correctly implement __exit__ (reportGeneralTypeIssues)
  f:\coding\plexichat\plexichat\src\plexichat\interfaces\web\routers\webhooks.py:118:6 - error: Expression form not supported for decorator prior to Python 3.9
  f:\coding\plexichat\plexichat\src\plexichat\interfaces\web\routers\webhooks.py:173:6 - error: Expression form not supported for decorator prior to Python 3.9
  f:\coding\plexichat\plexichat\src\plexichat\interfaces\web\routers\webhooks.py:214:6 - error: Expression form not supported for decorator prior to Python 3.9
  f:\coding\plexichat\plexichat\src\plexichat\interfaces\web\routers\websocket.py:181:6 - error: Expression form not supported for decorator prior to Python 3.9
  f:\coding\plexichat\plexichat\src\plexichat\interfaces\web\routers\websocket.py:248:6 - error: Expression form not supported for decorator prior to Python 3.9
  f:\coding\plexichat\plexichat\src\plexichat\interfaces\web\routers\websocket.py:268:30 - error: Object of type "(func: Unknown) -> ((...) -> Unknown)" cannot be used with "with" because it does not correctly implement __enter__ (reportGeneralTypeIssues)
  f:\coding\plexichat\plexichat\src\plexichat\interfaces\web\routers\websocket.py:268:30 - error: Object of type "(func: Unknown) -> ((...) -> Unknown)" cannot be used with "with" because it does not correctly implement __exit__ (reportGeneralTypeIssues)
  f:\coding\plexichat\plexichat\src\plexichat\interfaces\web\routers\webui.py:16:47 - error: "get_app_version" is unknown import symbol (reportAttributeAccessIssue)
  f:\coding\plexichat\plexichat\src\plexichat\interfaces\web\routers\webui.py:19:5 - error: "PLEXICHAT_VERSION" is constant (because it is uppercase) and cannot be redefined (reportConstantRedefinition)
  f:\coding\plexichat\plexichat\src\plexichat\interfaces\web\routers\webui.py:37:2 - error: Arguments missing for parameters "action", "limit" (reportCallIssue)
  f:\coding\plexichat\plexichat\src\plexichat\interfaces\web\routers\webui.py:37:13 - error: No parameter named "requests_per_minute" (reportCallIssue)
  f:\coding\plexichat\plexichat\src\plexichat\interfaces\web\routers\webui.py:141:2 - error: Arguments missing for parameters "action", "limit" (reportCallIssue)
  f:\coding\plexichat\plexichat\src\plexichat\interfaces\web\routers\webui.py:141:13 - error: No parameter named "requests_per_minute" (reportCallIssue)
  f:\coding\plexichat\plexichat\src\plexichat\main.py:106:58 - error: Cannot access attribute "cors_origins" for class "NetworkConfig"
  f:\coding\plexichat\plexichat\src\plexichat\main.py:107:59 - error: Cannot access attribute "rate_limit_enabled" for class "NetworkConfig"
  f:\coding\plexichat\plexichat\src\plexichat\main.py:108:57 - error: Cannot access attribute "ssl_enabled" for class "NetworkConfig"
  f:\coding\plexichat\plexichat\src\plexichat\main.py:185:74 - error: "UnifiedCacheIntegration" is unknown import symbol (reportAttributeAccessIssue)
  f:\coding\plexichat\plexichat\src\plexichat\main.py:298:43 - error: Cannot access attribute "get_security_status" for class "CoroutineType[Any, Any, UnifiedAuthManager]"
  f:\coding\plexichat\plexichat\src\plexichat\main.py:384:74 - error: "start_microsecond_optimization" is unknown import symbol (reportAttributeAccessIssue)
  f:\coding\plexichat\plexichat\src\plexichat\main.py:468:74 - error: "stop_microsecond_optimization" is unknown import symbol (reportAttributeAccessIssue)
  f:\coding\plexichat\plexichat\src\plexichat\main.py:489:44 - error: Cannot access attribute "cleanup" for class "DatabaseManager"
  f:\coding\plexichat\plexichat\src\plexichat\main.py:551:59 - error: "make_error_response" is unknown import symbol (reportAttributeAccessIssue)
  f:\coding\plexichat\plexichat\src\plexichat\main.py:551:80 - error: "ErrorCode" is unknown import symbol (reportAttributeAccessIssue)
  f:\coding\plexichat\plexichat\src\plexichat\main.py:584:33 - error: Cannot access attribute "inspect_request" for class "SecuritySystem"
  f:\coding\plexichat\plexichat\src\plexichat\main.py:625:72 - error: "IntegratedProtectionMiddleware" is unknown import symbol (reportAttributeAccessIssue)
  f:\coding\plexichat\plexichat\src\plexichat\main.py:658:53 - error: Argument of type "dict[str, Unknown]" cannot be assigned to parameter "config" of type "RateLimitConfig | None" in function "__init__"
  f:\coding\plexichat\plexichat\src\plexichat\main.py:704:72 - error: "IntegratedProtectionMiddleware" is unknown import symbol (reportAttributeAccessIssue)
  f:\coding\plexichat\plexichat\src\plexichat\main.py:707:78 - error: Cannot access attribute "rate_limiting" for class "NetworkConfig"
  f:\coding\plexichat\plexichat\src\plexichat\main.py:754:32 - error: Argument of type "(request: Unknown, exc: Unknown) -> dict[str, Unknown]" cannot be assigned to parameter "handler" of type "ExceptionHandler" in function "add_exception_handler"
  f:\coding\plexichat\plexichat\src\plexichat\main.py:755:32 - error: Argument of type "(request: Unknown, exc: Unknown) -> dict[str, Unknown]" cannot be assigned to parameter "handler" of type "ExceptionHandler" in function "add_exception_handler"
  f:\coding\plexichat\plexichat\src\plexichat\plugins_internal.py:32:9 - error: Type "type[plexichat.core.plugins.security_manager.SafeFileManager]" is not assignable to declared type "type[plexichat.plugins_internal.SafeFileManager]"
  f:\coding\plexichat\plexichat\src\plexichat\plugins_internal.py:32:26 - error: Type "type[plexichat.core.plugins.security_manager.NetworkBroker]" is not assignable to declared type "type[plexichat.plugins_internal.NetworkBroker]"
  f:\coding\plexichat\plexichat\src\plexichat\plugins_internal.py:32:41 - error: Type "type[plexichat.core.plugins.security_manager.PermissionType]" is not assignable to declared type "type[plexichat.plugins_internal.PermissionType]"
  f:\coding\plexichat\plexichat\src\plexichat\plugins_internal.py:33:34 - error: Type "(plugin_name: str, permission_type: PermissionType) -> bool" is not assignable to declared type "(plugin_name: str, permission_type: Unknown) -> Literal[False]"
  f:\coding\plexichat\plexichat\src\plexichat\plugins_internal.py:135:73 - error: Cannot access attribute "EVENTS_EMIT" for class "type[PermissionType]"
  f:\coding\plexichat\plexichat\src\plexichat\plugins_internal.py:159:73 - error: Cannot access attribute "EVENTS_LISTEN" for class "type[PermissionType]"
  f:\coding\plexichat\plexichat\src\plexichat\plugins_internal.py:206:73 - error: Cannot access attribute "CONFIG_READ" for class "type[PermissionType]"
  f:\coding\plexichat\plexichat\src\plexichat\plugins_internal.py:224:73 - error: Cannot access attribute "CONFIG_WRITE" for class "type[PermissionType]"
  f:\coding\plexichat\plexichat\src\plexichat\plugins_internal.py:288:39 - error: Argument of type "Any | str" cannot be assigned to parameter "permission_type" of type "PermissionType" in function "request_permission"
  f:\coding\plexichat\plexichat\src\plexichat\plugins_internal.py:385:49 - error: Expression of type "None" cannot be assigned to parameter of type "str"
